Archive member included to satisfy reference by file (symbol)

c:/st/stm32cubeide_1.4.0/stm32cubeide/plugins/com.st.stm32cube.ide.mcu.externaltools.gnu-tools-for-stm32.7-2018-q2-update.win32_1.4.0.202007081208/tools/bin/../lib/gcc/arm-none-eabi/7.3.1/../../../../arm-none-eabi/lib/thumb/v7-m\libc_nano.a(lib_a-errno.o)
                              Src/syscalls.o (__errno)
c:/st/stm32cubeide_1.4.0/stm32cubeide/plugins/com.st.stm32cube.ide.mcu.externaltools.gnu-tools-for-stm32.7-2018-q2-update.win32_1.4.0.202007081208/tools/bin/../lib/gcc/arm-none-eabi/7.3.1/../../../../arm-none-eabi/lib/thumb/v7-m\libc_nano.a(lib_a-exit.o)
                              c:/st/stm32cubeide_1.4.0/stm32cubeide/plugins/com.st.stm32cube.ide.mcu.externaltools.gnu-tools-for-stm32.7-2018-q2-update.win32_1.4.0.202007081208/tools/bin/../lib/gcc/arm-none-eabi/7.3.1/../../../../arm-none-eabi/lib/thumb/v7-m/crt0.o (exit)
c:/st/stm32cubeide_1.4.0/stm32cubeide/plugins/com.st.stm32cube.ide.mcu.externaltools.gnu-tools-for-stm32.7-2018-q2-update.win32_1.4.0.202007081208/tools/bin/../lib/gcc/arm-none-eabi/7.3.1/../../../../arm-none-eabi/lib/thumb/v7-m\libc_nano.a(lib_a-impure.o)
                              c:/st/stm32cubeide_1.4.0/stm32cubeide/plugins/com.st.stm32cube.ide.mcu.externaltools.gnu-tools-for-stm32.7-2018-q2-update.win32_1.4.0.202007081208/tools/bin/../lib/gcc/arm-none-eabi/7.3.1/../../../../arm-none-eabi/lib/thumb/v7-m\libc_nano.a(lib_a-exit.o) (_global_impure_ptr)
c:/st/stm32cubeide_1.4.0/stm32cubeide/plugins/com.st.stm32cube.ide.mcu.externaltools.gnu-tools-for-stm32.7-2018-q2-update.win32_1.4.0.202007081208/tools/bin/../lib/gcc/arm-none-eabi/7.3.1/../../../../arm-none-eabi/lib/thumb/v7-m\libc_nano.a(lib_a-init.o)
                              c:/st/stm32cubeide_1.4.0/stm32cubeide/plugins/com.st.stm32cube.ide.mcu.externaltools.gnu-tools-for-stm32.7-2018-q2-update.win32_1.4.0.202007081208/tools/bin/../lib/gcc/arm-none-eabi/7.3.1/../../../../arm-none-eabi/lib/thumb/v7-m/crt0.o (__libc_init_array)
c:/st/stm32cubeide_1.4.0/stm32cubeide/plugins/com.st.stm32cube.ide.mcu.externaltools.gnu-tools-for-stm32.7-2018-q2-update.win32_1.4.0.202007081208/tools/bin/../lib/gcc/arm-none-eabi/7.3.1/../../../../arm-none-eabi/lib/thumb/v7-m\libc_nano.a(lib_a-memset.o)
                              c:/st/stm32cubeide_1.4.0/stm32cubeide/plugins/com.st.stm32cube.ide.mcu.externaltools.gnu-tools-for-stm32.7-2018-q2-update.win32_1.4.0.202007081208/tools/bin/../lib/gcc/arm-none-eabi/7.3.1/../../../../arm-none-eabi/lib/thumb/v7-m/crt0.o (memset)

Allocating common symbols
Common symbol       size              file

GP_IRQ_CALLBACK     0x3c              Stm32_F103C6_Drivers/EXTI/Stm32_F103C6_EXTI_driver.o
PinCfg              0x4               Stm32_F103C6_Drivers/KEYPAD_DRIVER/keypad_driver.o
ch                  0x1               Src/main.o

Discarded input sections

 .text          0x0000000000000000        0x0 c:/st/stm32cubeide_1.4.0/stm32cubeide/plugins/com.st.stm32cube.ide.mcu.externaltools.gnu-tools-for-stm32.7-2018-q2-update.win32_1.4.0.202007081208/tools/bin/../lib/gcc/arm-none-eabi/7.3.1/thumb/v7-m/crti.o
 .data          0x0000000000000000        0x0 c:/st/stm32cubeide_1.4.0/stm32cubeide/plugins/com.st.stm32cube.ide.mcu.externaltools.gnu-tools-for-stm32.7-2018-q2-update.win32_1.4.0.202007081208/tools/bin/../lib/gcc/arm-none-eabi/7.3.1/thumb/v7-m/crti.o
 .bss           0x0000000000000000        0x0 c:/st/stm32cubeide_1.4.0/stm32cubeide/plugins/com.st.stm32cube.ide.mcu.externaltools.gnu-tools-for-stm32.7-2018-q2-update.win32_1.4.0.202007081208/tools/bin/../lib/gcc/arm-none-eabi/7.3.1/thumb/v7-m/crti.o
 .data          0x0000000000000000        0x4 c:/st/stm32cubeide_1.4.0/stm32cubeide/plugins/com.st.stm32cube.ide.mcu.externaltools.gnu-tools-for-stm32.7-2018-q2-update.win32_1.4.0.202007081208/tools/bin/../lib/gcc/arm-none-eabi/7.3.1/thumb/v7-m/crtbegin.o
 .text          0x0000000000000000       0x74 c:/st/stm32cubeide_1.4.0/stm32cubeide/plugins/com.st.stm32cube.ide.mcu.externaltools.gnu-tools-for-stm32.7-2018-q2-update.win32_1.4.0.202007081208/tools/bin/../lib/gcc/arm-none-eabi/7.3.1/../../../../arm-none-eabi/lib/thumb/v7-m/crt0.o
 .data          0x0000000000000000        0x0 c:/st/stm32cubeide_1.4.0/stm32cubeide/plugins/com.st.stm32cube.ide.mcu.externaltools.gnu-tools-for-stm32.7-2018-q2-update.win32_1.4.0.202007081208/tools/bin/../lib/gcc/arm-none-eabi/7.3.1/../../../../arm-none-eabi/lib/thumb/v7-m/crt0.o
 .bss           0x0000000000000000        0x0 c:/st/stm32cubeide_1.4.0/stm32cubeide/plugins/com.st.stm32cube.ide.mcu.externaltools.gnu-tools-for-stm32.7-2018-q2-update.win32_1.4.0.202007081208/tools/bin/../lib/gcc/arm-none-eabi/7.3.1/../../../../arm-none-eabi/lib/thumb/v7-m/crt0.o
 .ARM.extab     0x0000000000000000        0x0 c:/st/stm32cubeide_1.4.0/stm32cubeide/plugins/com.st.stm32cube.ide.mcu.externaltools.gnu-tools-for-stm32.7-2018-q2-update.win32_1.4.0.202007081208/tools/bin/../lib/gcc/arm-none-eabi/7.3.1/../../../../arm-none-eabi/lib/thumb/v7-m/crt0.o
 .ARM.exidx     0x0000000000000000        0x8 c:/st/stm32cubeide_1.4.0/stm32cubeide/plugins/com.st.stm32cube.ide.mcu.externaltools.gnu-tools-for-stm32.7-2018-q2-update.win32_1.4.0.202007081208/tools/bin/../lib/gcc/arm-none-eabi/7.3.1/../../../../arm-none-eabi/lib/thumb/v7-m/crt0.o
 .ARM.attributes
                0x0000000000000000       0x1b c:/st/stm32cubeide_1.4.0/stm32cubeide/plugins/com.st.stm32cube.ide.mcu.externaltools.gnu-tools-for-stm32.7-2018-q2-update.win32_1.4.0.202007081208/tools/bin/../lib/gcc/arm-none-eabi/7.3.1/../../../../arm-none-eabi/lib/thumb/v7-m/crt0.o
 .group         0x0000000000000000        0xc Src/main.o
 .group         0x0000000000000000        0xc Src/main.o
 .group         0x0000000000000000        0xc Src/main.o
 .group         0x0000000000000000        0xc Src/main.o
 .group         0x0000000000000000        0xc Src/main.o
 .group         0x0000000000000000        0xc Src/main.o
 .group         0x0000000000000000        0xc Src/main.o
 .group         0x0000000000000000        0xc Src/main.o
 .group         0x0000000000000000        0xc Src/main.o
 .group         0x0000000000000000        0xc Src/main.o
 .group         0x0000000000000000        0xc Src/main.o
 .group         0x0000000000000000        0xc Src/main.o
 .group         0x0000000000000000        0xc Src/main.o
 .group         0x0000000000000000        0xc Src/main.o
 .group         0x0000000000000000        0xc Src/main.o
 .group         0x0000000000000000        0xc Src/main.o
 .group         0x0000000000000000        0xc Src/main.o
 .group         0x0000000000000000        0xc Src/main.o
 .group         0x0000000000000000        0xc Src/main.o
 .group         0x0000000000000000        0xc Src/main.o
 .group         0x0000000000000000        0xc Src/main.o
 .group         0x0000000000000000        0xc Src/main.o
 .group         0x0000000000000000        0xc Src/main.o
 .group         0x0000000000000000        0xc Src/main.o
 .group         0x0000000000000000        0xc Src/main.o
 .group         0x0000000000000000        0xc Src/main.o
 .group         0x0000000000000000        0xc Src/main.o
 .group         0x0000000000000000        0xc Src/main.o
 .group         0x0000000000000000        0xc Src/main.o
 .text          0x0000000000000000        0x0 Src/main.o
 .data          0x0000000000000000        0x0 Src/main.o
 .bss           0x0000000000000000        0x0 Src/main.o
 .group         0x0000000000000000        0xc Src/syscalls.o
 .group         0x0000000000000000        0xc Src/syscalls.o
 .group         0x0000000000000000        0xc Src/syscalls.o
 .group         0x0000000000000000        0xc Src/syscalls.o
 .group         0x0000000000000000        0xc Src/syscalls.o
 .group         0x0000000000000000        0xc Src/syscalls.o
 .group         0x0000000000000000        0xc Src/syscalls.o
 .group         0x0000000000000000        0xc Src/syscalls.o
 .group         0x0000000000000000        0xc Src/syscalls.o
 .group         0x0000000000000000        0xc Src/syscalls.o
 .group         0x0000000000000000        0xc Src/syscalls.o
 .group         0x0000000000000000        0xc Src/syscalls.o
 .group         0x0000000000000000        0xc Src/syscalls.o
 .group         0x0000000000000000        0xc Src/syscalls.o
 .group         0x0000000000000000        0xc Src/syscalls.o
 .group         0x0000000000000000        0xc Src/syscalls.o
 .group         0x0000000000000000        0xc Src/syscalls.o
 .group         0x0000000000000000        0xc Src/syscalls.o
 .group         0x0000000000000000        0xc Src/syscalls.o
 .group         0x0000000000000000        0xc Src/syscalls.o
 .group         0x0000000000000000        0xc Src/syscalls.o
 .group         0x0000000000000000        0xc Src/syscalls.o
 .group         0x0000000000000000        0xc Src/syscalls.o
 .group         0x0000000000000000        0xc Src/syscalls.o
 .group         0x0000000000000000        0xc Src/syscalls.o
 .group         0x0000000000000000        0xc Src/syscalls.o
 .group         0x0000000000000000        0xc Src/syscalls.o
 .group         0x0000000000000000        0xc Src/syscalls.o
 .group         0x0000000000000000        0xc Src/syscalls.o
 .group         0x0000000000000000        0xc Src/syscalls.o
 .group         0x0000000000000000        0xc Src/syscalls.o
 .group         0x0000000000000000        0xc Src/syscalls.o
 .group         0x0000000000000000        0xc Src/syscalls.o
 .group         0x0000000000000000        0xc Src/syscalls.o
 .group         0x0000000000000000        0xc Src/syscalls.o
 .group         0x0000000000000000        0xc Src/syscalls.o
 .group         0x0000000000000000        0xc Src/syscalls.o
 .group         0x0000000000000000        0xc Src/syscalls.o
 .group         0x0000000000000000        0xc Src/syscalls.o
 .group         0x0000000000000000        0xc Src/syscalls.o
 .group         0x0000000000000000        0xc Src/syscalls.o
 .group         0x0000000000000000        0xc Src/syscalls.o
 .group         0x0000000000000000        0xc Src/syscalls.o
 .group         0x0000000000000000        0xc Src/syscalls.o
 .text          0x0000000000000000        0x0 Src/syscalls.o
 .data          0x0000000000000000        0x0 Src/syscalls.o
 .bss           0x0000000000000000        0x0 Src/syscalls.o
 .bss.__env     0x0000000000000000        0x4 Src/syscalls.o
 .data.environ  0x0000000000000000        0x4 Src/syscalls.o
 .text.initialise_monitor_handles
                0x0000000000000000        0xc Src/syscalls.o
 .text._getpid  0x0000000000000000        0xe Src/syscalls.o
 .text._kill    0x0000000000000000       0x20 Src/syscalls.o
 .text._exit    0x0000000000000000       0x14 Src/syscalls.o
 .text._read    0x0000000000000000       0x3a Src/syscalls.o
 .text._write   0x0000000000000000       0x38 Src/syscalls.o
 .text._close   0x0000000000000000       0x16 Src/syscalls.o
 .text._fstat   0x0000000000000000       0x1e Src/syscalls.o
 .text._isatty  0x0000000000000000       0x14 Src/syscalls.o
 .text._lseek   0x0000000000000000       0x18 Src/syscalls.o
 .text._open    0x0000000000000000       0x1a Src/syscalls.o
 .text._wait    0x0000000000000000       0x1e Src/syscalls.o
 .text._unlink  0x0000000000000000       0x1e Src/syscalls.o
 .text._times   0x0000000000000000       0x16 Src/syscalls.o
 .text._stat    0x0000000000000000       0x1e Src/syscalls.o
 .text._link    0x0000000000000000       0x20 Src/syscalls.o
 .text._fork    0x0000000000000000       0x16 Src/syscalls.o
 .text._execve  0x0000000000000000       0x22 Src/syscalls.o
 .debug_info    0x0000000000000000     0x1038 Src/syscalls.o
 .debug_abbrev  0x0000000000000000      0x254 Src/syscalls.o
 .debug_loc     0x0000000000000000      0x5b8 Src/syscalls.o
 .debug_aranges
                0x0000000000000000       0xa8 Src/syscalls.o
 .debug_ranges  0x0000000000000000       0x98 Src/syscalls.o
 .debug_macro   0x0000000000000000      0x243 Src/syscalls.o
 .debug_macro   0x0000000000000000      0xa60 Src/syscalls.o
 .debug_macro   0x0000000000000000       0x22 Src/syscalls.o
 .debug_macro   0x0000000000000000       0x40 Src/syscalls.o
 .debug_macro   0x0000000000000000       0x18 Src/syscalls.o
 .debug_macro   0x0000000000000000       0x94 Src/syscalls.o
 .debug_macro   0x0000000000000000       0x3c Src/syscalls.o
 .debug_macro   0x0000000000000000       0x34 Src/syscalls.o
 .debug_macro   0x0000000000000000       0x57 Src/syscalls.o
 .debug_macro   0x0000000000000000      0x174 Src/syscalls.o
 .debug_macro   0x0000000000000000      0x330 Src/syscalls.o
 .debug_macro   0x0000000000000000       0x52 Src/syscalls.o
 .debug_macro   0x0000000000000000       0x1f Src/syscalls.o
 .debug_macro   0x0000000000000000       0x43 Src/syscalls.o
 .debug_macro   0x0000000000000000       0x20 Src/syscalls.o
 .debug_macro   0x0000000000000000      0x1a3 Src/syscalls.o
 .debug_macro   0x0000000000000000       0x10 Src/syscalls.o
 .debug_macro   0x0000000000000000       0x35 Src/syscalls.o
 .debug_macro   0x0000000000000000       0x10 Src/syscalls.o
 .debug_macro   0x0000000000000000       0x10 Src/syscalls.o
 .debug_macro   0x0000000000000000       0x10 Src/syscalls.o
 .debug_macro   0x0000000000000000       0x6a Src/syscalls.o
 .debug_macro   0x0000000000000000       0x1c Src/syscalls.o
 .debug_macro   0x0000000000000000       0x52 Src/syscalls.o
 .debug_macro   0x0000000000000000       0x40 Src/syscalls.o
 .debug_macro   0x0000000000000000       0x10 Src/syscalls.o
 .debug_macro   0x0000000000000000       0x40 Src/syscalls.o
 .debug_macro   0x0000000000000000       0xd7 Src/syscalls.o
 .debug_macro   0x0000000000000000       0x1c Src/syscalls.o
 .debug_macro   0x0000000000000000       0x3d Src/syscalls.o
 .debug_macro   0x0000000000000000       0x35 Src/syscalls.o
 .debug_macro   0x0000000000000000      0x122 Src/syscalls.o
 .debug_macro   0x0000000000000000       0x16 Src/syscalls.o
 .debug_macro   0x0000000000000000       0x16 Src/syscalls.o
 .debug_macro   0x0000000000000000       0x29 Src/syscalls.o
 .debug_macro   0x0000000000000000       0x10 Src/syscalls.o
 .debug_macro   0x0000000000000000      0x241 Src/syscalls.o
 .debug_macro   0x0000000000000000       0x1c Src/syscalls.o
 .debug_macro   0x0000000000000000       0x10 Src/syscalls.o
 .debug_macro   0x0000000000000000       0x10 Src/syscalls.o
 .debug_macro   0x0000000000000000       0x16 Src/syscalls.o
 .debug_macro   0x0000000000000000      0x145 Src/syscalls.o
 .debug_macro   0x0000000000000000      0x189 Src/syscalls.o
 .debug_macro   0x0000000000000000       0x16 Src/syscalls.o
 .debug_macro   0x0000000000000000       0x88 Src/syscalls.o
 .debug_line    0x0000000000000000      0x739 Src/syscalls.o
 .debug_str     0x0000000000000000     0x8861 Src/syscalls.o
 .comment       0x0000000000000000       0x7c Src/syscalls.o
 .debug_frame   0x0000000000000000      0x2ac Src/syscalls.o
 .ARM.attributes
                0x0000000000000000       0x33 Src/syscalls.o
 .group         0x0000000000000000        0xc Src/sysmem.o
 .group         0x0000000000000000        0xc Src/sysmem.o
 .group         0x0000000000000000        0xc Src/sysmem.o
 .group         0x0000000000000000        0xc Src/sysmem.o
 .group         0x0000000000000000        0xc Src/sysmem.o
 .group         0x0000000000000000        0xc Src/sysmem.o
 .group         0x0000000000000000        0xc Src/sysmem.o
 .group         0x0000000000000000        0xc Src/sysmem.o
 .group         0x0000000000000000        0xc Src/sysmem.o
 .group         0x0000000000000000        0xc Src/sysmem.o
 .group         0x0000000000000000        0xc Src/sysmem.o
 .group         0x0000000000000000        0xc Src/sysmem.o
 .group         0x0000000000000000        0xc Src/sysmem.o
 .group         0x0000000000000000        0xc Src/sysmem.o
 .group         0x0000000000000000        0xc Src/sysmem.o
 .group         0x0000000000000000        0xc Src/sysmem.o
 .group         0x0000000000000000        0xc Src/sysmem.o
 .group         0x0000000000000000        0xc Src/sysmem.o
 .group         0x0000000000000000        0xc Src/sysmem.o
 .text          0x0000000000000000        0x0 Src/sysmem.o
 .data          0x0000000000000000        0x0 Src/sysmem.o
 .bss           0x0000000000000000        0x0 Src/sysmem.o
 .bss.__sbrk_heap_end
                0x0000000000000000        0x4 Src/sysmem.o
 .text._sbrk    0x0000000000000000       0x6c Src/sysmem.o
 .debug_info    0x0000000000000000      0xa7c Src/sysmem.o
 .debug_abbrev  0x0000000000000000      0x18e Src/sysmem.o
 .debug_loc     0x0000000000000000       0x50 Src/sysmem.o
 .debug_aranges
                0x0000000000000000       0x20 Src/sysmem.o
 .debug_ranges  0x0000000000000000       0x10 Src/sysmem.o
 .debug_macro   0x0000000000000000       0xee Src/sysmem.o
 .debug_macro   0x0000000000000000      0xa60 Src/sysmem.o
 .debug_macro   0x0000000000000000       0x10 Src/sysmem.o
 .debug_macro   0x0000000000000000       0x22 Src/sysmem.o
 .debug_macro   0x0000000000000000       0x40 Src/sysmem.o
 .debug_macro   0x0000000000000000       0x18 Src/sysmem.o
 .debug_macro   0x0000000000000000       0x94 Src/sysmem.o
 .debug_macro   0x0000000000000000       0x3c Src/sysmem.o
 .debug_macro   0x0000000000000000       0x34 Src/sysmem.o
 .debug_macro   0x0000000000000000      0x174 Src/sysmem.o
 .debug_macro   0x0000000000000000       0x57 Src/sysmem.o
 .debug_macro   0x0000000000000000       0x52 Src/sysmem.o
 .debug_macro   0x0000000000000000       0x1f Src/sysmem.o
 .debug_macro   0x0000000000000000       0x43 Src/sysmem.o
 .debug_macro   0x0000000000000000       0x20 Src/sysmem.o
 .debug_macro   0x0000000000000000      0x1a3 Src/sysmem.o
 .debug_macro   0x0000000000000000      0x23b Src/sysmem.o
 .debug_macro   0x0000000000000000       0xef Src/sysmem.o
 .debug_macro   0x0000000000000000       0x6a Src/sysmem.o
 .debug_macro   0x0000000000000000      0x1df Src/sysmem.o
 .debug_line    0x0000000000000000      0x4c2 Src/sysmem.o
 .debug_str     0x0000000000000000     0x5f2f Src/sysmem.o
 .comment       0x0000000000000000       0x7c Src/sysmem.o
 .debug_frame   0x0000000000000000       0x34 Src/sysmem.o
 .ARM.attributes
                0x0000000000000000       0x33 Src/sysmem.o
 .text          0x0000000000000000       0x14 Startup/startup_stm32f103c6tx.o
 .data          0x0000000000000000        0x0 Startup/startup_stm32f103c6tx.o
 .bss           0x0000000000000000        0x0 Startup/startup_stm32f103c6tx.o
 .group         0x0000000000000000        0xc Stm32_F103C6_Drivers/EXTI/Stm32_F103C6_EXTI_driver.o
 .group         0x0000000000000000        0xc Stm32_F103C6_Drivers/EXTI/Stm32_F103C6_EXTI_driver.o
 .group         0x0000000000000000        0xc Stm32_F103C6_Drivers/EXTI/Stm32_F103C6_EXTI_driver.o
 .group         0x0000000000000000        0xc Stm32_F103C6_Drivers/EXTI/Stm32_F103C6_EXTI_driver.o
 .group         0x0000000000000000        0xc Stm32_F103C6_Drivers/EXTI/Stm32_F103C6_EXTI_driver.o
 .group         0x0000000000000000        0xc Stm32_F103C6_Drivers/EXTI/Stm32_F103C6_EXTI_driver.o
 .group         0x0000000000000000        0xc Stm32_F103C6_Drivers/EXTI/Stm32_F103C6_EXTI_driver.o
 .group         0x0000000000000000        0xc Stm32_F103C6_Drivers/EXTI/Stm32_F103C6_EXTI_driver.o
 .group         0x0000000000000000        0xc Stm32_F103C6_Drivers/EXTI/Stm32_F103C6_EXTI_driver.o
 .group         0x0000000000000000        0xc Stm32_F103C6_Drivers/EXTI/Stm32_F103C6_EXTI_driver.o
 .group         0x0000000000000000        0xc Stm32_F103C6_Drivers/EXTI/Stm32_F103C6_EXTI_driver.o
 .group         0x0000000000000000        0xc Stm32_F103C6_Drivers/EXTI/Stm32_F103C6_EXTI_driver.o
 .group         0x0000000000000000        0xc Stm32_F103C6_Drivers/EXTI/Stm32_F103C6_EXTI_driver.o
 .group         0x0000000000000000        0xc Stm32_F103C6_Drivers/EXTI/Stm32_F103C6_EXTI_driver.o
 .group         0x0000000000000000        0xc Stm32_F103C6_Drivers/EXTI/Stm32_F103C6_EXTI_driver.o
 .group         0x0000000000000000        0xc Stm32_F103C6_Drivers/EXTI/Stm32_F103C6_EXTI_driver.o
 .group         0x0000000000000000        0xc Stm32_F103C6_Drivers/EXTI/Stm32_F103C6_EXTI_driver.o
 .group         0x0000000000000000        0xc Stm32_F103C6_Drivers/EXTI/Stm32_F103C6_EXTI_driver.o
 .group         0x0000000000000000        0xc Stm32_F103C6_Drivers/EXTI/Stm32_F103C6_EXTI_driver.o
 .group         0x0000000000000000        0xc Stm32_F103C6_Drivers/EXTI/Stm32_F103C6_EXTI_driver.o
 .group         0x0000000000000000        0xc Stm32_F103C6_Drivers/EXTI/Stm32_F103C6_EXTI_driver.o
 .group         0x0000000000000000        0xc Stm32_F103C6_Drivers/EXTI/Stm32_F103C6_EXTI_driver.o
 .group         0x0000000000000000        0xc Stm32_F103C6_Drivers/EXTI/Stm32_F103C6_EXTI_driver.o
 .group         0x0000000000000000        0xc Stm32_F103C6_Drivers/EXTI/Stm32_F103C6_EXTI_driver.o
 .group         0x0000000000000000        0xc Stm32_F103C6_Drivers/EXTI/Stm32_F103C6_EXTI_driver.o
 .text          0x0000000000000000        0x0 Stm32_F103C6_Drivers/EXTI/Stm32_F103C6_EXTI_driver.o
 .data          0x0000000000000000        0x0 Stm32_F103C6_Drivers/EXTI/Stm32_F103C6_EXTI_driver.o
 .bss           0x0000000000000000        0x0 Stm32_F103C6_Drivers/EXTI/Stm32_F103C6_EXTI_driver.o
 .text.Enable_NVIC
                0x0000000000000000       0xcc Stm32_F103C6_Drivers/EXTI/Stm32_F103C6_EXTI_driver.o
 .text.Disable_NVIC
                0x0000000000000000       0xd0 Stm32_F103C6_Drivers/EXTI/Stm32_F103C6_EXTI_driver.o
 .text.Update_EXTI
                0x0000000000000000      0x1d8 Stm32_F103C6_Drivers/EXTI/Stm32_F103C6_EXTI_driver.o
 .text.MCAL_EXTI_GPIO_DeInit
                0x0000000000000000       0x94 Stm32_F103C6_Drivers/EXTI/Stm32_F103C6_EXTI_driver.o
 .text.MCAL_EXTI_GPIO_Init
                0x0000000000000000       0x16 Stm32_F103C6_Drivers/EXTI/Stm32_F103C6_EXTI_driver.o
 .text.MCAL_EXTI_GPIO_Update
                0x0000000000000000       0x16 Stm32_F103C6_Drivers/EXTI/Stm32_F103C6_EXTI_driver.o
 .debug_macro   0x0000000000000000      0xa60 Stm32_F103C6_Drivers/EXTI/Stm32_F103C6_EXTI_driver.o
 .debug_macro   0x0000000000000000       0x18 Stm32_F103C6_Drivers/EXTI/Stm32_F103C6_EXTI_driver.o
 .debug_macro   0x0000000000000000       0x22 Stm32_F103C6_Drivers/EXTI/Stm32_F103C6_EXTI_driver.o
 .debug_macro   0x0000000000000000       0x40 Stm32_F103C6_Drivers/EXTI/Stm32_F103C6_EXTI_driver.o
 .debug_macro   0x0000000000000000       0x94 Stm32_F103C6_Drivers/EXTI/Stm32_F103C6_EXTI_driver.o
 .debug_macro   0x0000000000000000       0x3c Stm32_F103C6_Drivers/EXTI/Stm32_F103C6_EXTI_driver.o
 .debug_macro   0x0000000000000000       0x34 Stm32_F103C6_Drivers/EXTI/Stm32_F103C6_EXTI_driver.o
 .debug_macro   0x0000000000000000       0x16 Stm32_F103C6_Drivers/EXTI/Stm32_F103C6_EXTI_driver.o
 .debug_macro   0x0000000000000000      0x10e Stm32_F103C6_Drivers/EXTI/Stm32_F103C6_EXTI_driver.o
 .debug_macro   0x0000000000000000       0x8d Stm32_F103C6_Drivers/EXTI/Stm32_F103C6_EXTI_driver.o
 .debug_macro   0x0000000000000000       0x57 Stm32_F103C6_Drivers/EXTI/Stm32_F103C6_EXTI_driver.o
 .debug_macro   0x0000000000000000       0x52 Stm32_F103C6_Drivers/EXTI/Stm32_F103C6_EXTI_driver.o
 .debug_macro   0x0000000000000000       0x1f Stm32_F103C6_Drivers/EXTI/Stm32_F103C6_EXTI_driver.o
 .debug_macro   0x0000000000000000       0x43 Stm32_F103C6_Drivers/EXTI/Stm32_F103C6_EXTI_driver.o
 .debug_macro   0x0000000000000000       0x20 Stm32_F103C6_Drivers/EXTI/Stm32_F103C6_EXTI_driver.o
 .debug_macro   0x0000000000000000      0x1a3 Stm32_F103C6_Drivers/EXTI/Stm32_F103C6_EXTI_driver.o
 .debug_macro   0x0000000000000000      0x330 Stm32_F103C6_Drivers/EXTI/Stm32_F103C6_EXTI_driver.o
 .debug_macro   0x0000000000000000       0x16 Stm32_F103C6_Drivers/EXTI/Stm32_F103C6_EXTI_driver.o
 .debug_macro   0x0000000000000000       0x29 Stm32_F103C6_Drivers/EXTI/Stm32_F103C6_EXTI_driver.o
 .debug_macro   0x0000000000000000       0xef Stm32_F103C6_Drivers/EXTI/Stm32_F103C6_EXTI_driver.o
 .debug_macro   0x0000000000000000       0x6a Stm32_F103C6_Drivers/EXTI/Stm32_F103C6_EXTI_driver.o
 .debug_macro   0x0000000000000000      0x1df Stm32_F103C6_Drivers/EXTI/Stm32_F103C6_EXTI_driver.o
 .debug_macro   0x0000000000000000      0x2bb Stm32_F103C6_Drivers/EXTI/Stm32_F103C6_EXTI_driver.o
 .debug_macro   0x0000000000000000      0x21b Stm32_F103C6_Drivers/EXTI/Stm32_F103C6_EXTI_driver.o
 .group         0x0000000000000000        0xc Stm32_F103C6_Drivers/GPIO/Stm32_F103C6_gpio_driver.o
 .group         0x0000000000000000        0xc Stm32_F103C6_Drivers/GPIO/Stm32_F103C6_gpio_driver.o
 .group         0x0000000000000000        0xc Stm32_F103C6_Drivers/GPIO/Stm32_F103C6_gpio_driver.o
 .group         0x0000000000000000        0xc Stm32_F103C6_Drivers/GPIO/Stm32_F103C6_gpio_driver.o
 .group         0x0000000000000000        0xc Stm32_F103C6_Drivers/GPIO/Stm32_F103C6_gpio_driver.o
 .group         0x0000000000000000        0xc Stm32_F103C6_Drivers/GPIO/Stm32_F103C6_gpio_driver.o
 .group         0x0000000000000000        0xc Stm32_F103C6_Drivers/GPIO/Stm32_F103C6_gpio_driver.o
 .group         0x0000000000000000        0xc Stm32_F103C6_Drivers/GPIO/Stm32_F103C6_gpio_driver.o
 .group         0x0000000000000000        0xc Stm32_F103C6_Drivers/GPIO/Stm32_F103C6_gpio_driver.o
 .group         0x0000000000000000        0xc Stm32_F103C6_Drivers/GPIO/Stm32_F103C6_gpio_driver.o
 .group         0x0000000000000000        0xc Stm32_F103C6_Drivers/GPIO/Stm32_F103C6_gpio_driver.o
 .group         0x0000000000000000        0xc Stm32_F103C6_Drivers/GPIO/Stm32_F103C6_gpio_driver.o
 .group         0x0000000000000000        0xc Stm32_F103C6_Drivers/GPIO/Stm32_F103C6_gpio_driver.o
 .group         0x0000000000000000        0xc Stm32_F103C6_Drivers/GPIO/Stm32_F103C6_gpio_driver.o
 .group         0x0000000000000000        0xc Stm32_F103C6_Drivers/GPIO/Stm32_F103C6_gpio_driver.o
 .group         0x0000000000000000        0xc Stm32_F103C6_Drivers/GPIO/Stm32_F103C6_gpio_driver.o
 .group         0x0000000000000000        0xc Stm32_F103C6_Drivers/GPIO/Stm32_F103C6_gpio_driver.o
 .group         0x0000000000000000        0xc Stm32_F103C6_Drivers/GPIO/Stm32_F103C6_gpio_driver.o
 .group         0x0000000000000000        0xc Stm32_F103C6_Drivers/GPIO/Stm32_F103C6_gpio_driver.o
 .group         0x0000000000000000        0xc Stm32_F103C6_Drivers/GPIO/Stm32_F103C6_gpio_driver.o
 .group         0x0000000000000000        0xc Stm32_F103C6_Drivers/GPIO/Stm32_F103C6_gpio_driver.o
 .group         0x0000000000000000        0xc Stm32_F103C6_Drivers/GPIO/Stm32_F103C6_gpio_driver.o
 .group         0x0000000000000000        0xc Stm32_F103C6_Drivers/GPIO/Stm32_F103C6_gpio_driver.o
 .group         0x0000000000000000        0xc Stm32_F103C6_Drivers/GPIO/Stm32_F103C6_gpio_driver.o
 .text          0x0000000000000000        0x0 Stm32_F103C6_Drivers/GPIO/Stm32_F103C6_gpio_driver.o
 .data          0x0000000000000000        0x0 Stm32_F103C6_Drivers/GPIO/Stm32_F103C6_gpio_driver.o
 .bss           0x0000000000000000        0x0 Stm32_F103C6_Drivers/GPIO/Stm32_F103C6_gpio_driver.o
 .text.MCAL_GPIO_DeInit
                0x0000000000000000       0xd4 Stm32_F103C6_Drivers/GPIO/Stm32_F103C6_gpio_driver.o
 .text.MCAL_GPIO_ReadPin
                0x0000000000000000       0x2e Stm32_F103C6_Drivers/GPIO/Stm32_F103C6_gpio_driver.o
 .text.MCAL_GPIO_ReadPort
                0x0000000000000000       0x1a Stm32_F103C6_Drivers/GPIO/Stm32_F103C6_gpio_driver.o
 .text.MCAL_GPIO_WritePin
                0x0000000000000000       0x3c Stm32_F103C6_Drivers/GPIO/Stm32_F103C6_gpio_driver.o
 .text.MCAL_GPIO_WritePort
                0x0000000000000000       0x1c Stm32_F103C6_Drivers/GPIO/Stm32_F103C6_gpio_driver.o
 .text.MCAL_GPIO_TogglePin
                0x0000000000000000       0x22 Stm32_F103C6_Drivers/GPIO/Stm32_F103C6_gpio_driver.o
 .text.MCAL_GPIO_LockPin
                0x0000000000000000       0x4e Stm32_F103C6_Drivers/GPIO/Stm32_F103C6_gpio_driver.o
 .debug_macro   0x0000000000000000      0xa60 Stm32_F103C6_Drivers/GPIO/Stm32_F103C6_gpio_driver.o
 .debug_macro   0x0000000000000000       0x18 Stm32_F103C6_Drivers/GPIO/Stm32_F103C6_gpio_driver.o
 .debug_macro   0x0000000000000000       0x22 Stm32_F103C6_Drivers/GPIO/Stm32_F103C6_gpio_driver.o
 .debug_macro   0x0000000000000000       0x40 Stm32_F103C6_Drivers/GPIO/Stm32_F103C6_gpio_driver.o
 .debug_macro   0x0000000000000000       0x94 Stm32_F103C6_Drivers/GPIO/Stm32_F103C6_gpio_driver.o
 .debug_macro   0x0000000000000000       0x3c Stm32_F103C6_Drivers/GPIO/Stm32_F103C6_gpio_driver.o
 .debug_macro   0x0000000000000000       0x34 Stm32_F103C6_Drivers/GPIO/Stm32_F103C6_gpio_driver.o
 .debug_macro   0x0000000000000000       0x16 Stm32_F103C6_Drivers/GPIO/Stm32_F103C6_gpio_driver.o
 .debug_macro   0x0000000000000000      0x10e Stm32_F103C6_Drivers/GPIO/Stm32_F103C6_gpio_driver.o
 .debug_macro   0x0000000000000000       0x8d Stm32_F103C6_Drivers/GPIO/Stm32_F103C6_gpio_driver.o
 .debug_macro   0x0000000000000000       0x57 Stm32_F103C6_Drivers/GPIO/Stm32_F103C6_gpio_driver.o
 .debug_macro   0x0000000000000000       0x52 Stm32_F103C6_Drivers/GPIO/Stm32_F103C6_gpio_driver.o
 .debug_macro   0x0000000000000000       0x1f Stm32_F103C6_Drivers/GPIO/Stm32_F103C6_gpio_driver.o
 .debug_macro   0x0000000000000000       0x43 Stm32_F103C6_Drivers/GPIO/Stm32_F103C6_gpio_driver.o
 .debug_macro   0x0000000000000000       0x20 Stm32_F103C6_Drivers/GPIO/Stm32_F103C6_gpio_driver.o
 .debug_macro   0x0000000000000000      0x1a3 Stm32_F103C6_Drivers/GPIO/Stm32_F103C6_gpio_driver.o
 .debug_macro   0x0000000000000000      0x330 Stm32_F103C6_Drivers/GPIO/Stm32_F103C6_gpio_driver.o
 .debug_macro   0x0000000000000000       0x16 Stm32_F103C6_Drivers/GPIO/Stm32_F103C6_gpio_driver.o
 .debug_macro   0x0000000000000000       0x29 Stm32_F103C6_Drivers/GPIO/Stm32_F103C6_gpio_driver.o
 .debug_macro   0x0000000000000000       0xef Stm32_F103C6_Drivers/GPIO/Stm32_F103C6_gpio_driver.o
 .debug_macro   0x0000000000000000       0x6a Stm32_F103C6_Drivers/GPIO/Stm32_F103C6_gpio_driver.o
 .debug_macro   0x0000000000000000      0x1df Stm32_F103C6_Drivers/GPIO/Stm32_F103C6_gpio_driver.o
 .debug_macro   0x0000000000000000      0x2bb Stm32_F103C6_Drivers/GPIO/Stm32_F103C6_gpio_driver.o
 .debug_macro   0x0000000000000000       0xd0 Stm32_F103C6_Drivers/GPIO/Stm32_F103C6_gpio_driver.o
 .group         0x0000000000000000        0xc Stm32_F103C6_Drivers/KEYPAD_DRIVER/keypad_driver.o
 .group         0x0000000000000000        0xc Stm32_F103C6_Drivers/KEYPAD_DRIVER/keypad_driver.o
 .group         0x0000000000000000        0xc Stm32_F103C6_Drivers/KEYPAD_DRIVER/keypad_driver.o
 .group         0x0000000000000000        0xc Stm32_F103C6_Drivers/KEYPAD_DRIVER/keypad_driver.o
 .group         0x0000000000000000        0xc Stm32_F103C6_Drivers/KEYPAD_DRIVER/keypad_driver.o
 .group         0x0000000000000000        0xc Stm32_F103C6_Drivers/KEYPAD_DRIVER/keypad_driver.o
 .group         0x0000000000000000        0xc Stm32_F103C6_Drivers/KEYPAD_DRIVER/keypad_driver.o
 .group         0x0000000000000000        0xc Stm32_F103C6_Drivers/KEYPAD_DRIVER/keypad_driver.o
 .group         0x0000000000000000        0xc Stm32_F103C6_Drivers/KEYPAD_DRIVER/keypad_driver.o
 .group         0x0000000000000000        0xc Stm32_F103C6_Drivers/KEYPAD_DRIVER/keypad_driver.o
 .group         0x0000000000000000        0xc Stm32_F103C6_Drivers/KEYPAD_DRIVER/keypad_driver.o
 .group         0x0000000000000000        0xc Stm32_F103C6_Drivers/KEYPAD_DRIVER/keypad_driver.o
 .group         0x0000000000000000        0xc Stm32_F103C6_Drivers/KEYPAD_DRIVER/keypad_driver.o
 .group         0x0000000000000000        0xc Stm32_F103C6_Drivers/KEYPAD_DRIVER/keypad_driver.o
 .group         0x0000000000000000        0xc Stm32_F103C6_Drivers/KEYPAD_DRIVER/keypad_driver.o
 .group         0x0000000000000000        0xc Stm32_F103C6_Drivers/KEYPAD_DRIVER/keypad_driver.o
 .group         0x0000000000000000        0xc Stm32_F103C6_Drivers/KEYPAD_DRIVER/keypad_driver.o
 .group         0x0000000000000000        0xc Stm32_F103C6_Drivers/KEYPAD_DRIVER/keypad_driver.o
 .group         0x0000000000000000        0xc Stm32_F103C6_Drivers/KEYPAD_DRIVER/keypad_driver.o
 .group         0x0000000000000000        0xc Stm32_F103C6_Drivers/KEYPAD_DRIVER/keypad_driver.o
 .group         0x0000000000000000        0xc Stm32_F103C6_Drivers/KEYPAD_DRIVER/keypad_driver.o
 .group         0x0000000000000000        0xc Stm32_F103C6_Drivers/KEYPAD_DRIVER/keypad_driver.o
 .group         0x0000000000000000        0xc Stm32_F103C6_Drivers/KEYPAD_DRIVER/keypad_driver.o
 .group         0x0000000000000000        0xc Stm32_F103C6_Drivers/KEYPAD_DRIVER/keypad_driver.o
 .group         0x0000000000000000        0xc Stm32_F103C6_Drivers/KEYPAD_DRIVER/keypad_driver.o
 .text          0x0000000000000000        0x0 Stm32_F103C6_Drivers/KEYPAD_DRIVER/keypad_driver.o
 .data          0x0000000000000000        0x0 Stm32_F103C6_Drivers/KEYPAD_DRIVER/keypad_driver.o
 .bss           0x0000000000000000        0x0 Stm32_F103C6_Drivers/KEYPAD_DRIVER/keypad_driver.o
 .data.Keypad_Row
                0x0000000000000000       0x10 Stm32_F103C6_Drivers/KEYPAD_DRIVER/keypad_driver.o
 .data.Keypad_Col
                0x0000000000000000       0x10 Stm32_F103C6_Drivers/KEYPAD_DRIVER/keypad_driver.o
 .text.Keypad_Init
                0x0000000000000000       0xec Stm32_F103C6_Drivers/KEYPAD_DRIVER/keypad_driver.o
 .text.Keypad_ScanKey
                0x0000000000000000      0x184 Stm32_F103C6_Drivers/KEYPAD_DRIVER/keypad_driver.o
 .debug_info    0x0000000000000000      0xb0e Stm32_F103C6_Drivers/KEYPAD_DRIVER/keypad_driver.o
 .debug_abbrev  0x0000000000000000      0x1a6 Stm32_F103C6_Drivers/KEYPAD_DRIVER/keypad_driver.o
 .debug_loc     0x0000000000000000       0x7c Stm32_F103C6_Drivers/KEYPAD_DRIVER/keypad_driver.o
 .debug_aranges
                0x0000000000000000       0x28 Stm32_F103C6_Drivers/KEYPAD_DRIVER/keypad_driver.o
 .debug_ranges  0x0000000000000000       0x18 Stm32_F103C6_Drivers/KEYPAD_DRIVER/keypad_driver.o
 .debug_macro   0x0000000000000000      0x148 Stm32_F103C6_Drivers/KEYPAD_DRIVER/keypad_driver.o
 .debug_macro   0x0000000000000000      0xa60 Stm32_F103C6_Drivers/KEYPAD_DRIVER/keypad_driver.o
 .debug_macro   0x0000000000000000       0x18 Stm32_F103C6_Drivers/KEYPAD_DRIVER/keypad_driver.o
 .debug_macro   0x0000000000000000       0x22 Stm32_F103C6_Drivers/KEYPAD_DRIVER/keypad_driver.o
 .debug_macro   0x0000000000000000       0x40 Stm32_F103C6_Drivers/KEYPAD_DRIVER/keypad_driver.o
 .debug_macro   0x0000000000000000       0x94 Stm32_F103C6_Drivers/KEYPAD_DRIVER/keypad_driver.o
 .debug_macro   0x0000000000000000       0x3c Stm32_F103C6_Drivers/KEYPAD_DRIVER/keypad_driver.o
 .debug_macro   0x0000000000000000       0x34 Stm32_F103C6_Drivers/KEYPAD_DRIVER/keypad_driver.o
 .debug_macro   0x0000000000000000       0x16 Stm32_F103C6_Drivers/KEYPAD_DRIVER/keypad_driver.o
 .debug_macro   0x0000000000000000      0x10e Stm32_F103C6_Drivers/KEYPAD_DRIVER/keypad_driver.o
 .debug_macro   0x0000000000000000       0x8d Stm32_F103C6_Drivers/KEYPAD_DRIVER/keypad_driver.o
 .debug_macro   0x0000000000000000       0x57 Stm32_F103C6_Drivers/KEYPAD_DRIVER/keypad_driver.o
 .debug_macro   0x0000000000000000       0x52 Stm32_F103C6_Drivers/KEYPAD_DRIVER/keypad_driver.o
 .debug_macro   0x0000000000000000       0x1f Stm32_F103C6_Drivers/KEYPAD_DRIVER/keypad_driver.o
 .debug_macro   0x0000000000000000       0x43 Stm32_F103C6_Drivers/KEYPAD_DRIVER/keypad_driver.o
 .debug_macro   0x0000000000000000       0x20 Stm32_F103C6_Drivers/KEYPAD_DRIVER/keypad_driver.o
 .debug_macro   0x0000000000000000      0x1a3 Stm32_F103C6_Drivers/KEYPAD_DRIVER/keypad_driver.o
 .debug_macro   0x0000000000000000      0x330 Stm32_F103C6_Drivers/KEYPAD_DRIVER/keypad_driver.o
 .debug_macro   0x0000000000000000       0x16 Stm32_F103C6_Drivers/KEYPAD_DRIVER/keypad_driver.o
 .debug_macro   0x0000000000000000       0x29 Stm32_F103C6_Drivers/KEYPAD_DRIVER/keypad_driver.o
 .debug_macro   0x0000000000000000       0xef Stm32_F103C6_Drivers/KEYPAD_DRIVER/keypad_driver.o
 .debug_macro   0x0000000000000000       0x6a Stm32_F103C6_Drivers/KEYPAD_DRIVER/keypad_driver.o
 .debug_macro   0x0000000000000000      0x1df Stm32_F103C6_Drivers/KEYPAD_DRIVER/keypad_driver.o
 .debug_macro   0x0000000000000000      0x2bb Stm32_F103C6_Drivers/KEYPAD_DRIVER/keypad_driver.o
 .debug_macro   0x0000000000000000       0xd6 Stm32_F103C6_Drivers/KEYPAD_DRIVER/keypad_driver.o
 .debug_macro   0x0000000000000000       0x3a Stm32_F103C6_Drivers/KEYPAD_DRIVER/keypad_driver.o
 .debug_line    0x0000000000000000      0x657 Stm32_F103C6_Drivers/KEYPAD_DRIVER/keypad_driver.o
 .debug_str     0x0000000000000000     0x82d7 Stm32_F103C6_Drivers/KEYPAD_DRIVER/keypad_driver.o
 .comment       0x0000000000000000       0x7c Stm32_F103C6_Drivers/KEYPAD_DRIVER/keypad_driver.o
 .debug_frame   0x0000000000000000       0x50 Stm32_F103C6_Drivers/KEYPAD_DRIVER/keypad_driver.o
 .ARM.attributes
                0x0000000000000000       0x33 Stm32_F103C6_Drivers/KEYPAD_DRIVER/keypad_driver.o
 COMMON         0x0000000000000000        0x4 Stm32_F103C6_Drivers/KEYPAD_DRIVER/keypad_driver.o
 .group         0x0000000000000000        0xc Stm32_F103C6_Drivers/LCD_DRIVER/lcd_driver.o
 .group         0x0000000000000000        0xc Stm32_F103C6_Drivers/LCD_DRIVER/lcd_driver.o
 .group         0x0000000000000000        0xc Stm32_F103C6_Drivers/LCD_DRIVER/lcd_driver.o
 .group         0x0000000000000000        0xc Stm32_F103C6_Drivers/LCD_DRIVER/lcd_driver.o
 .group         0x0000000000000000        0xc Stm32_F103C6_Drivers/LCD_DRIVER/lcd_driver.o
 .group         0x0000000000000000        0xc Stm32_F103C6_Drivers/LCD_DRIVER/lcd_driver.o
 .group         0x0000000000000000        0xc Stm32_F103C6_Drivers/LCD_DRIVER/lcd_driver.o
 .group         0x0000000000000000        0xc Stm32_F103C6_Drivers/LCD_DRIVER/lcd_driver.o
 .group         0x0000000000000000        0xc Stm32_F103C6_Drivers/LCD_DRIVER/lcd_driver.o
 .group         0x0000000000000000        0xc Stm32_F103C6_Drivers/LCD_DRIVER/lcd_driver.o
 .group         0x0000000000000000        0xc Stm32_F103C6_Drivers/LCD_DRIVER/lcd_driver.o
 .group         0x0000000000000000        0xc Stm32_F103C6_Drivers/LCD_DRIVER/lcd_driver.o
 .group         0x0000000000000000        0xc Stm32_F103C6_Drivers/LCD_DRIVER/lcd_driver.o
 .group         0x0000000000000000        0xc Stm32_F103C6_Drivers/LCD_DRIVER/lcd_driver.o
 .group         0x0000000000000000        0xc Stm32_F103C6_Drivers/LCD_DRIVER/lcd_driver.o
 .group         0x0000000000000000        0xc Stm32_F103C6_Drivers/LCD_DRIVER/lcd_driver.o
 .group         0x0000000000000000        0xc Stm32_F103C6_Drivers/LCD_DRIVER/lcd_driver.o
 .group         0x0000000000000000        0xc Stm32_F103C6_Drivers/LCD_DRIVER/lcd_driver.o
 .group         0x0000000000000000        0xc Stm32_F103C6_Drivers/LCD_DRIVER/lcd_driver.o
 .group         0x0000000000000000        0xc Stm32_F103C6_Drivers/LCD_DRIVER/lcd_driver.o
 .group         0x0000000000000000        0xc Stm32_F103C6_Drivers/LCD_DRIVER/lcd_driver.o
 .group         0x0000000000000000        0xc Stm32_F103C6_Drivers/LCD_DRIVER/lcd_driver.o
 .group         0x0000000000000000        0xc Stm32_F103C6_Drivers/LCD_DRIVER/lcd_driver.o
 .group         0x0000000000000000        0xc Stm32_F103C6_Drivers/LCD_DRIVER/lcd_driver.o
 .group         0x0000000000000000        0xc Stm32_F103C6_Drivers/LCD_DRIVER/lcd_driver.o
 .group         0x0000000000000000        0xc Stm32_F103C6_Drivers/LCD_DRIVER/lcd_driver.o
 .text          0x0000000000000000        0x0 Stm32_F103C6_Drivers/LCD_DRIVER/lcd_driver.o
 .data          0x0000000000000000        0x0 Stm32_F103C6_Drivers/LCD_DRIVER/lcd_driver.o
 .bss           0x0000000000000000        0x0 Stm32_F103C6_Drivers/LCD_DRIVER/lcd_driver.o
 .text.wait_ms  0x0000000000000000       0x38 Stm32_F103C6_Drivers/LCD_DRIVER/lcd_driver.o
 .text.LCD_check_isbusy
                0x0000000000000000       0xd8 Stm32_F103C6_Drivers/LCD_DRIVER/lcd_driver.o
 .text.LCD_GPIO_init
                0x0000000000000000      0x158 Stm32_F103C6_Drivers/LCD_DRIVER/lcd_driver.o
 .text.LCD_INIT
                0x0000000000000000       0x34 Stm32_F103C6_Drivers/LCD_DRIVER/lcd_driver.o
 .text.LCD_WRITE_COMMAND
                0x0000000000000000       0x44 Stm32_F103C6_Drivers/LCD_DRIVER/lcd_driver.o
 .text.LCD_WRITE_CHAR
                0x0000000000000000       0x44 Stm32_F103C6_Drivers/LCD_DRIVER/lcd_driver.o
 .text.LCD_WRITE_STRING
                0x0000000000000000       0x58 Stm32_F103C6_Drivers/LCD_DRIVER/lcd_driver.o
 .text.LCD_kick
                0x0000000000000000       0x2c Stm32_F103C6_Drivers/LCD_DRIVER/lcd_driver.o
 .text.LCD_clear_screen
                0x0000000000000000        0xe Stm32_F103C6_Drivers/LCD_DRIVER/lcd_driver.o
 .text.LCD_GOTO_XY
                0x0000000000000000       0x56 Stm32_F103C6_Drivers/LCD_DRIVER/lcd_driver.o
 .debug_info    0x0000000000000000      0xbf3 Stm32_F103C6_Drivers/LCD_DRIVER/lcd_driver.o
 .debug_abbrev  0x0000000000000000      0x1f4 Stm32_F103C6_Drivers/LCD_DRIVER/lcd_driver.o
 .debug_loc     0x0000000000000000      0x278 Stm32_F103C6_Drivers/LCD_DRIVER/lcd_driver.o
 .debug_aranges
                0x0000000000000000       0x68 Stm32_F103C6_Drivers/LCD_DRIVER/lcd_driver.o
 .debug_ranges  0x0000000000000000       0x58 Stm32_F103C6_Drivers/LCD_DRIVER/lcd_driver.o
 .debug_macro   0x0000000000000000      0x147 Stm32_F103C6_Drivers/LCD_DRIVER/lcd_driver.o
 .debug_macro   0x0000000000000000      0xa60 Stm32_F103C6_Drivers/LCD_DRIVER/lcd_driver.o
 .debug_macro   0x0000000000000000       0x10 Stm32_F103C6_Drivers/LCD_DRIVER/lcd_driver.o
 .debug_macro   0x0000000000000000       0x18 Stm32_F103C6_Drivers/LCD_DRIVER/lcd_driver.o
 .debug_macro   0x0000000000000000       0x22 Stm32_F103C6_Drivers/LCD_DRIVER/lcd_driver.o
 .debug_macro   0x0000000000000000       0x40 Stm32_F103C6_Drivers/LCD_DRIVER/lcd_driver.o
 .debug_macro   0x0000000000000000       0x94 Stm32_F103C6_Drivers/LCD_DRIVER/lcd_driver.o
 .debug_macro   0x0000000000000000       0x3c Stm32_F103C6_Drivers/LCD_DRIVER/lcd_driver.o
 .debug_macro   0x0000000000000000       0x34 Stm32_F103C6_Drivers/LCD_DRIVER/lcd_driver.o
 .debug_macro   0x0000000000000000       0x16 Stm32_F103C6_Drivers/LCD_DRIVER/lcd_driver.o
 .debug_macro   0x0000000000000000      0x10e Stm32_F103C6_Drivers/LCD_DRIVER/lcd_driver.o
 .debug_macro   0x0000000000000000       0x8d Stm32_F103C6_Drivers/LCD_DRIVER/lcd_driver.o
 .debug_macro   0x0000000000000000       0x57 Stm32_F103C6_Drivers/LCD_DRIVER/lcd_driver.o
 .debug_macro   0x0000000000000000       0x52 Stm32_F103C6_Drivers/LCD_DRIVER/lcd_driver.o
 .debug_macro   0x0000000000000000       0x1f Stm32_F103C6_Drivers/LCD_DRIVER/lcd_driver.o
 .debug_macro   0x0000000000000000       0x43 Stm32_F103C6_Drivers/LCD_DRIVER/lcd_driver.o
 .debug_macro   0x0000000000000000       0x20 Stm32_F103C6_Drivers/LCD_DRIVER/lcd_driver.o
 .debug_macro   0x0000000000000000      0x1a3 Stm32_F103C6_Drivers/LCD_DRIVER/lcd_driver.o
 .debug_macro   0x0000000000000000      0x330 Stm32_F103C6_Drivers/LCD_DRIVER/lcd_driver.o
 .debug_macro   0x0000000000000000       0x16 Stm32_F103C6_Drivers/LCD_DRIVER/lcd_driver.o
 .debug_macro   0x0000000000000000       0x29 Stm32_F103C6_Drivers/LCD_DRIVER/lcd_driver.o
 .debug_macro   0x0000000000000000       0xef Stm32_F103C6_Drivers/LCD_DRIVER/lcd_driver.o
 .debug_macro   0x0000000000000000       0x6a Stm32_F103C6_Drivers/LCD_DRIVER/lcd_driver.o
 .debug_macro   0x0000000000000000      0x1df Stm32_F103C6_Drivers/LCD_DRIVER/lcd_driver.o
 .debug_macro   0x0000000000000000      0x2bb Stm32_F103C6_Drivers/LCD_DRIVER/lcd_driver.o
 .debug_macro   0x0000000000000000       0xd6 Stm32_F103C6_Drivers/LCD_DRIVER/lcd_driver.o
 .debug_macro   0x0000000000000000       0xa0 Stm32_F103C6_Drivers/LCD_DRIVER/lcd_driver.o
 .debug_line    0x0000000000000000      0x6a4 Stm32_F103C6_Drivers/LCD_DRIVER/lcd_driver.o
 .debug_str     0x0000000000000000     0x8554 Stm32_F103C6_Drivers/LCD_DRIVER/lcd_driver.o
 .comment       0x0000000000000000       0x7c Stm32_F103C6_Drivers/LCD_DRIVER/lcd_driver.o
 .debug_frame   0x0000000000000000      0x154 Stm32_F103C6_Drivers/LCD_DRIVER/lcd_driver.o
 .ARM.attributes
                0x0000000000000000       0x33 Stm32_F103C6_Drivers/LCD_DRIVER/lcd_driver.o
 .group         0x0000000000000000        0xc Stm32_F103C6_Drivers/RCC/Stm32_F103C6_RCC_driver.o
 .group         0x0000000000000000        0xc Stm32_F103C6_Drivers/RCC/Stm32_F103C6_RCC_driver.o
 .group         0x0000000000000000        0xc Stm32_F103C6_Drivers/RCC/Stm32_F103C6_RCC_driver.o
 .group         0x0000000000000000        0xc Stm32_F103C6_Drivers/RCC/Stm32_F103C6_RCC_driver.o
 .group         0x0000000000000000        0xc Stm32_F103C6_Drivers/RCC/Stm32_F103C6_RCC_driver.o
 .group         0x0000000000000000        0xc Stm32_F103C6_Drivers/RCC/Stm32_F103C6_RCC_driver.o
 .group         0x0000000000000000        0xc Stm32_F103C6_Drivers/RCC/Stm32_F103C6_RCC_driver.o
 .group         0x0000000000000000        0xc Stm32_F103C6_Drivers/RCC/Stm32_F103C6_RCC_driver.o
 .group         0x0000000000000000        0xc Stm32_F103C6_Drivers/RCC/Stm32_F103C6_RCC_driver.o
 .group         0x0000000000000000        0xc Stm32_F103C6_Drivers/RCC/Stm32_F103C6_RCC_driver.o
 .group         0x0000000000000000        0xc Stm32_F103C6_Drivers/RCC/Stm32_F103C6_RCC_driver.o
 .group         0x0000000000000000        0xc Stm32_F103C6_Drivers/RCC/Stm32_F103C6_RCC_driver.o
 .group         0x0000000000000000        0xc Stm32_F103C6_Drivers/RCC/Stm32_F103C6_RCC_driver.o
 .group         0x0000000000000000        0xc Stm32_F103C6_Drivers/RCC/Stm32_F103C6_RCC_driver.o
 .group         0x0000000000000000        0xc Stm32_F103C6_Drivers/RCC/Stm32_F103C6_RCC_driver.o
 .group         0x0000000000000000        0xc Stm32_F103C6_Drivers/RCC/Stm32_F103C6_RCC_driver.o
 .group         0x0000000000000000        0xc Stm32_F103C6_Drivers/RCC/Stm32_F103C6_RCC_driver.o
 .group         0x0000000000000000        0xc Stm32_F103C6_Drivers/RCC/Stm32_F103C6_RCC_driver.o
 .group         0x0000000000000000        0xc Stm32_F103C6_Drivers/RCC/Stm32_F103C6_RCC_driver.o
 .group         0x0000000000000000        0xc Stm32_F103C6_Drivers/RCC/Stm32_F103C6_RCC_driver.o
 .group         0x0000000000000000        0xc Stm32_F103C6_Drivers/RCC/Stm32_F103C6_RCC_driver.o
 .group         0x0000000000000000        0xc Stm32_F103C6_Drivers/RCC/Stm32_F103C6_RCC_driver.o
 .group         0x0000000000000000        0xc Stm32_F103C6_Drivers/RCC/Stm32_F103C6_RCC_driver.o
 .group         0x0000000000000000        0xc Stm32_F103C6_Drivers/RCC/Stm32_F103C6_RCC_driver.o
 .group         0x0000000000000000        0xc Stm32_F103C6_Drivers/RCC/Stm32_F103C6_RCC_driver.o
 .text          0x0000000000000000        0x0 Stm32_F103C6_Drivers/RCC/Stm32_F103C6_RCC_driver.o
 .data          0x0000000000000000        0x0 Stm32_F103C6_Drivers/RCC/Stm32_F103C6_RCC_driver.o
 .bss           0x0000000000000000        0x0 Stm32_F103C6_Drivers/RCC/Stm32_F103C6_RCC_driver.o
 .debug_macro   0x0000000000000000      0xa60 Stm32_F103C6_Drivers/RCC/Stm32_F103C6_RCC_driver.o
 .debug_macro   0x0000000000000000       0x18 Stm32_F103C6_Drivers/RCC/Stm32_F103C6_RCC_driver.o
 .debug_macro   0x0000000000000000       0x22 Stm32_F103C6_Drivers/RCC/Stm32_F103C6_RCC_driver.o
 .debug_macro   0x0000000000000000       0x40 Stm32_F103C6_Drivers/RCC/Stm32_F103C6_RCC_driver.o
 .debug_macro   0x0000000000000000       0x94 Stm32_F103C6_Drivers/RCC/Stm32_F103C6_RCC_driver.o
 .debug_macro   0x0000000000000000       0x3c Stm32_F103C6_Drivers/RCC/Stm32_F103C6_RCC_driver.o
 .debug_macro   0x0000000000000000       0x34 Stm32_F103C6_Drivers/RCC/Stm32_F103C6_RCC_driver.o
 .debug_macro   0x0000000000000000       0x16 Stm32_F103C6_Drivers/RCC/Stm32_F103C6_RCC_driver.o
 .debug_macro   0x0000000000000000      0x10e Stm32_F103C6_Drivers/RCC/Stm32_F103C6_RCC_driver.o
 .debug_macro   0x0000000000000000       0x8d Stm32_F103C6_Drivers/RCC/Stm32_F103C6_RCC_driver.o
 .debug_macro   0x0000000000000000       0x57 Stm32_F103C6_Drivers/RCC/Stm32_F103C6_RCC_driver.o
 .debug_macro   0x0000000000000000       0x52 Stm32_F103C6_Drivers/RCC/Stm32_F103C6_RCC_driver.o
 .debug_macro   0x0000000000000000       0x1f Stm32_F103C6_Drivers/RCC/Stm32_F103C6_RCC_driver.o
 .debug_macro   0x0000000000000000       0x43 Stm32_F103C6_Drivers/RCC/Stm32_F103C6_RCC_driver.o
 .debug_macro   0x0000000000000000       0x20 Stm32_F103C6_Drivers/RCC/Stm32_F103C6_RCC_driver.o
 .debug_macro   0x0000000000000000      0x1a3 Stm32_F103C6_Drivers/RCC/Stm32_F103C6_RCC_driver.o
 .debug_macro   0x0000000000000000      0x330 Stm32_F103C6_Drivers/RCC/Stm32_F103C6_RCC_driver.o
 .debug_macro   0x0000000000000000       0x16 Stm32_F103C6_Drivers/RCC/Stm32_F103C6_RCC_driver.o
 .debug_macro   0x0000000000000000       0x29 Stm32_F103C6_Drivers/RCC/Stm32_F103C6_RCC_driver.o
 .debug_macro   0x0000000000000000       0xef Stm32_F103C6_Drivers/RCC/Stm32_F103C6_RCC_driver.o
 .debug_macro   0x0000000000000000       0x6a Stm32_F103C6_Drivers/RCC/Stm32_F103C6_RCC_driver.o
 .debug_macro   0x0000000000000000      0x1df Stm32_F103C6_Drivers/RCC/Stm32_F103C6_RCC_driver.o
 .debug_macro   0x0000000000000000      0x2bb Stm32_F103C6_Drivers/RCC/Stm32_F103C6_RCC_driver.o
 .debug_macro   0x0000000000000000       0xd6 Stm32_F103C6_Drivers/RCC/Stm32_F103C6_RCC_driver.o
 .group         0x0000000000000000        0xc Stm32_F103C6_Drivers/SPI/Stm32_F103C6_SPI_driver.o
 .text          0x0000000000000000        0x0 Stm32_F103C6_Drivers/SPI/Stm32_F103C6_SPI_driver.o
 .data          0x0000000000000000        0x0 Stm32_F103C6_Drivers/SPI/Stm32_F103C6_SPI_driver.o
 .bss           0x0000000000000000        0x0 Stm32_F103C6_Drivers/SPI/Stm32_F103C6_SPI_driver.o
 .debug_info    0x0000000000000000       0x21 Stm32_F103C6_Drivers/SPI/Stm32_F103C6_SPI_driver.o
 .debug_abbrev  0x0000000000000000       0x13 Stm32_F103C6_Drivers/SPI/Stm32_F103C6_SPI_driver.o
 .debug_aranges
                0x0000000000000000       0x18 Stm32_F103C6_Drivers/SPI/Stm32_F103C6_SPI_driver.o
 .debug_macro   0x0000000000000000       0x11 Stm32_F103C6_Drivers/SPI/Stm32_F103C6_SPI_driver.o
 .debug_macro   0x0000000000000000      0xa60 Stm32_F103C6_Drivers/SPI/Stm32_F103C6_SPI_driver.o
 .debug_line    0x0000000000000000       0x56 Stm32_F103C6_Drivers/SPI/Stm32_F103C6_SPI_driver.o
 .debug_str     0x0000000000000000     0x2ce2 Stm32_F103C6_Drivers/SPI/Stm32_F103C6_SPI_driver.o
 .comment       0x0000000000000000       0x7c Stm32_F103C6_Drivers/SPI/Stm32_F103C6_SPI_driver.o
 .ARM.attributes
                0x0000000000000000       0x33 Stm32_F103C6_Drivers/SPI/Stm32_F103C6_SPI_driver.o
 .group         0x0000000000000000        0xc Stm32_F103C6_Drivers/USART/Stm32_F103C6_USART_driver.o
 .group         0x0000000000000000        0xc Stm32_F103C6_Drivers/USART/Stm32_F103C6_USART_driver.o
 .group         0x0000000000000000        0xc Stm32_F103C6_Drivers/USART/Stm32_F103C6_USART_driver.o
 .group         0x0000000000000000        0xc Stm32_F103C6_Drivers/USART/Stm32_F103C6_USART_driver.o
 .group         0x0000000000000000        0xc Stm32_F103C6_Drivers/USART/Stm32_F103C6_USART_driver.o
 .group         0x0000000000000000        0xc Stm32_F103C6_Drivers/USART/Stm32_F103C6_USART_driver.o
 .group         0x0000000000000000        0xc Stm32_F103C6_Drivers/USART/Stm32_F103C6_USART_driver.o
 .group         0x0000000000000000        0xc Stm32_F103C6_Drivers/USART/Stm32_F103C6_USART_driver.o
 .group         0x0000000000000000        0xc Stm32_F103C6_Drivers/USART/Stm32_F103C6_USART_driver.o
 .group         0x0000000000000000        0xc Stm32_F103C6_Drivers/USART/Stm32_F103C6_USART_driver.o
 .group         0x0000000000000000        0xc Stm32_F103C6_Drivers/USART/Stm32_F103C6_USART_driver.o
 .group         0x0000000000000000        0xc Stm32_F103C6_Drivers/USART/Stm32_F103C6_USART_driver.o
 .group         0x0000000000000000        0xc Stm32_F103C6_Drivers/USART/Stm32_F103C6_USART_driver.o
 .group         0x0000000000000000        0xc Stm32_F103C6_Drivers/USART/Stm32_F103C6_USART_driver.o
 .group         0x0000000000000000        0xc Stm32_F103C6_Drivers/USART/Stm32_F103C6_USART_driver.o
 .group         0x0000000000000000        0xc Stm32_F103C6_Drivers/USART/Stm32_F103C6_USART_driver.o
 .group         0x0000000000000000        0xc Stm32_F103C6_Drivers/USART/Stm32_F103C6_USART_driver.o
 .group         0x0000000000000000        0xc Stm32_F103C6_Drivers/USART/Stm32_F103C6_USART_driver.o
 .group         0x0000000000000000        0xc Stm32_F103C6_Drivers/USART/Stm32_F103C6_USART_driver.o
 .group         0x0000000000000000        0xc Stm32_F103C6_Drivers/USART/Stm32_F103C6_USART_driver.o
 .group         0x0000000000000000        0xc Stm32_F103C6_Drivers/USART/Stm32_F103C6_USART_driver.o
 .group         0x0000000000000000        0xc Stm32_F103C6_Drivers/USART/Stm32_F103C6_USART_driver.o
 .group         0x0000000000000000        0xc Stm32_F103C6_Drivers/USART/Stm32_F103C6_USART_driver.o
 .group         0x0000000000000000        0xc Stm32_F103C6_Drivers/USART/Stm32_F103C6_USART_driver.o
 .group         0x0000000000000000        0xc Stm32_F103C6_Drivers/USART/Stm32_F103C6_USART_driver.o
 .group         0x0000000000000000        0xc Stm32_F103C6_Drivers/USART/Stm32_F103C6_USART_driver.o
 .text          0x0000000000000000        0x0 Stm32_F103C6_Drivers/USART/Stm32_F103C6_USART_driver.o
 .data          0x0000000000000000        0x0 Stm32_F103C6_Drivers/USART/Stm32_F103C6_USART_driver.o
 .bss           0x0000000000000000        0x0 Stm32_F103C6_Drivers/USART/Stm32_F103C6_USART_driver.o
 .text.MCAL_UART_DeInit
                0x0000000000000000       0x64 Stm32_F103C6_Drivers/USART/Stm32_F103C6_USART_driver.o
 .text.MCAL_UART_TC
                0x0000000000000000       0x20 Stm32_F103C6_Drivers/USART/Stm32_F103C6_USART_driver.o
 .debug_macro   0x0000000000000000      0xa60 Stm32_F103C6_Drivers/USART/Stm32_F103C6_USART_driver.o
 .debug_macro   0x0000000000000000       0x18 Stm32_F103C6_Drivers/USART/Stm32_F103C6_USART_driver.o
 .debug_macro   0x0000000000000000       0x22 Stm32_F103C6_Drivers/USART/Stm32_F103C6_USART_driver.o
 .debug_macro   0x0000000000000000       0x40 Stm32_F103C6_Drivers/USART/Stm32_F103C6_USART_driver.o
 .debug_macro   0x0000000000000000       0x94 Stm32_F103C6_Drivers/USART/Stm32_F103C6_USART_driver.o
 .debug_macro   0x0000000000000000       0x3c Stm32_F103C6_Drivers/USART/Stm32_F103C6_USART_driver.o
 .debug_macro   0x0000000000000000       0x34 Stm32_F103C6_Drivers/USART/Stm32_F103C6_USART_driver.o
 .debug_macro   0x0000000000000000       0x16 Stm32_F103C6_Drivers/USART/Stm32_F103C6_USART_driver.o
 .debug_macro   0x0000000000000000      0x10e Stm32_F103C6_Drivers/USART/Stm32_F103C6_USART_driver.o
 .debug_macro   0x0000000000000000       0x8d Stm32_F103C6_Drivers/USART/Stm32_F103C6_USART_driver.o
 .debug_macro   0x0000000000000000       0x57 Stm32_F103C6_Drivers/USART/Stm32_F103C6_USART_driver.o
 .debug_macro   0x0000000000000000       0x52 Stm32_F103C6_Drivers/USART/Stm32_F103C6_USART_driver.o
 .debug_macro   0x0000000000000000       0x1f Stm32_F103C6_Drivers/USART/Stm32_F103C6_USART_driver.o
 .debug_macro   0x0000000000000000       0x43 Stm32_F103C6_Drivers/USART/Stm32_F103C6_USART_driver.o
 .debug_macro   0x0000000000000000       0x20 Stm32_F103C6_Drivers/USART/Stm32_F103C6_USART_driver.o
 .debug_macro   0x0000000000000000      0x1a3 Stm32_F103C6_Drivers/USART/Stm32_F103C6_USART_driver.o
 .debug_macro   0x0000000000000000      0x330 Stm32_F103C6_Drivers/USART/Stm32_F103C6_USART_driver.o
 .debug_macro   0x0000000000000000       0x16 Stm32_F103C6_Drivers/USART/Stm32_F103C6_USART_driver.o
 .debug_macro   0x0000000000000000       0x29 Stm32_F103C6_Drivers/USART/Stm32_F103C6_USART_driver.o
 .debug_macro   0x0000000000000000       0xef Stm32_F103C6_Drivers/USART/Stm32_F103C6_USART_driver.o
 .debug_macro   0x0000000000000000       0x6a Stm32_F103C6_Drivers/USART/Stm32_F103C6_USART_driver.o
 .debug_macro   0x0000000000000000      0x1df Stm32_F103C6_Drivers/USART/Stm32_F103C6_USART_driver.o
 .debug_macro   0x0000000000000000      0x2bb Stm32_F103C6_Drivers/USART/Stm32_F103C6_USART_driver.o
 .debug_macro   0x0000000000000000       0xd6 Stm32_F103C6_Drivers/USART/Stm32_F103C6_USART_driver.o
 .debug_macro   0x0000000000000000       0x10 Stm32_F103C6_Drivers/USART/Stm32_F103C6_USART_driver.o
 .debug_macro   0x0000000000000000       0xe2 Stm32_F103C6_Drivers/USART/Stm32_F103C6_USART_driver.o
 .text          0x0000000000000000        0x0 c:/st/stm32cubeide_1.4.0/stm32cubeide/plugins/com.st.stm32cube.ide.mcu.externaltools.gnu-tools-for-stm32.7-2018-q2-update.win32_1.4.0.202007081208/tools/bin/../lib/gcc/arm-none-eabi/7.3.1/../../../../arm-none-eabi/lib/thumb/v7-m\libc_nano.a(lib_a-errno.o)
 .data          0x0000000000000000        0x0 c:/st/stm32cubeide_1.4.0/stm32cubeide/plugins/com.st.stm32cube.ide.mcu.externaltools.gnu-tools-for-stm32.7-2018-q2-update.win32_1.4.0.202007081208/tools/bin/../lib/gcc/arm-none-eabi/7.3.1/../../../../arm-none-eabi/lib/thumb/v7-m\libc_nano.a(lib_a-errno.o)
 .bss           0x0000000000000000        0x0 c:/st/stm32cubeide_1.4.0/stm32cubeide/plugins/com.st.stm32cube.ide.mcu.externaltools.gnu-tools-for-stm32.7-2018-q2-update.win32_1.4.0.202007081208/tools/bin/../lib/gcc/arm-none-eabi/7.3.1/../../../../arm-none-eabi/lib/thumb/v7-m\libc_nano.a(lib_a-errno.o)
 .text.__errno  0x0000000000000000        0xc c:/st/stm32cubeide_1.4.0/stm32cubeide/plugins/com.st.stm32cube.ide.mcu.externaltools.gnu-tools-for-stm32.7-2018-q2-update.win32_1.4.0.202007081208/tools/bin/../lib/gcc/arm-none-eabi/7.3.1/../../../../arm-none-eabi/lib/thumb/v7-m\libc_nano.a(lib_a-errno.o)
 .debug_frame   0x0000000000000000       0x20 c:/st/stm32cubeide_1.4.0/stm32cubeide/plugins/com.st.stm32cube.ide.mcu.externaltools.gnu-tools-for-stm32.7-2018-q2-update.win32_1.4.0.202007081208/tools/bin/../lib/gcc/arm-none-eabi/7.3.1/../../../../arm-none-eabi/lib/thumb/v7-m\libc_nano.a(lib_a-errno.o)
 .ARM.attributes
                0x0000000000000000       0x2d c:/st/stm32cubeide_1.4.0/stm32cubeide/plugins/com.st.stm32cube.ide.mcu.externaltools.gnu-tools-for-stm32.7-2018-q2-update.win32_1.4.0.202007081208/tools/bin/../lib/gcc/arm-none-eabi/7.3.1/../../../../arm-none-eabi/lib/thumb/v7-m\libc_nano.a(lib_a-errno.o)
 .text          0x0000000000000000        0x0 c:/st/stm32cubeide_1.4.0/stm32cubeide/plugins/com.st.stm32cube.ide.mcu.externaltools.gnu-tools-for-stm32.7-2018-q2-update.win32_1.4.0.202007081208/tools/bin/../lib/gcc/arm-none-eabi/7.3.1/../../../../arm-none-eabi/lib/thumb/v7-m\libc_nano.a(lib_a-exit.o)
 .data          0x0000000000000000        0x0 c:/st/stm32cubeide_1.4.0/stm32cubeide/plugins/com.st.stm32cube.ide.mcu.externaltools.gnu-tools-for-stm32.7-2018-q2-update.win32_1.4.0.202007081208/tools/bin/../lib/gcc/arm-none-eabi/7.3.1/../../../../arm-none-eabi/lib/thumb/v7-m\libc_nano.a(lib_a-exit.o)
 .bss           0x0000000000000000        0x0 c:/st/stm32cubeide_1.4.0/stm32cubeide/plugins/com.st.stm32cube.ide.mcu.externaltools.gnu-tools-for-stm32.7-2018-q2-update.win32_1.4.0.202007081208/tools/bin/../lib/gcc/arm-none-eabi/7.3.1/../../../../arm-none-eabi/lib/thumb/v7-m\libc_nano.a(lib_a-exit.o)
 .text.exit     0x0000000000000000       0x28 c:/st/stm32cubeide_1.4.0/stm32cubeide/plugins/com.st.stm32cube.ide.mcu.externaltools.gnu-tools-for-stm32.7-2018-q2-update.win32_1.4.0.202007081208/tools/bin/../lib/gcc/arm-none-eabi/7.3.1/../../../../arm-none-eabi/lib/thumb/v7-m\libc_nano.a(lib_a-exit.o)
 .debug_frame   0x0000000000000000       0x28 c:/st/stm32cubeide_1.4.0/stm32cubeide/plugins/com.st.stm32cube.ide.mcu.externaltools.gnu-tools-for-stm32.7-2018-q2-update.win32_1.4.0.202007081208/tools/bin/../lib/gcc/arm-none-eabi/7.3.1/../../../../arm-none-eabi/lib/thumb/v7-m\libc_nano.a(lib_a-exit.o)
 .ARM.attributes
                0x0000000000000000       0x2d c:/st/stm32cubeide_1.4.0/stm32cubeide/plugins/com.st.stm32cube.ide.mcu.externaltools.gnu-tools-for-stm32.7-2018-q2-update.win32_1.4.0.202007081208/tools/bin/../lib/gcc/arm-none-eabi/7.3.1/../../../../arm-none-eabi/lib/thumb/v7-m\libc_nano.a(lib_a-exit.o)
 .text          0x0000000000000000        0x0 c:/st/stm32cubeide_1.4.0/stm32cubeide/plugins/com.st.stm32cube.ide.mcu.externaltools.gnu-tools-for-stm32.7-2018-q2-update.win32_1.4.0.202007081208/tools/bin/../lib/gcc/arm-none-eabi/7.3.1/../../../../arm-none-eabi/lib/thumb/v7-m\libc_nano.a(lib_a-impure.o)
 .data          0x0000000000000000        0x0 c:/st/stm32cubeide_1.4.0/stm32cubeide/plugins/com.st.stm32cube.ide.mcu.externaltools.gnu-tools-for-stm32.7-2018-q2-update.win32_1.4.0.202007081208/tools/bin/../lib/gcc/arm-none-eabi/7.3.1/../../../../arm-none-eabi/lib/thumb/v7-m\libc_nano.a(lib_a-impure.o)
 .bss           0x0000000000000000        0x0 c:/st/stm32cubeide_1.4.0/stm32cubeide/plugins/com.st.stm32cube.ide.mcu.externaltools.gnu-tools-for-stm32.7-2018-q2-update.win32_1.4.0.202007081208/tools/bin/../lib/gcc/arm-none-eabi/7.3.1/../../../../arm-none-eabi/lib/thumb/v7-m\libc_nano.a(lib_a-impure.o)
 .data._impure_ptr
                0x0000000000000000        0x4 c:/st/stm32cubeide_1.4.0/stm32cubeide/plugins/com.st.stm32cube.ide.mcu.externaltools.gnu-tools-for-stm32.7-2018-q2-update.win32_1.4.0.202007081208/tools/bin/../lib/gcc/arm-none-eabi/7.3.1/../../../../arm-none-eabi/lib/thumb/v7-m\libc_nano.a(lib_a-impure.o)
 .data.impure_data
                0x0000000000000000       0x60 c:/st/stm32cubeide_1.4.0/stm32cubeide/plugins/com.st.stm32cube.ide.mcu.externaltools.gnu-tools-for-stm32.7-2018-q2-update.win32_1.4.0.202007081208/tools/bin/../lib/gcc/arm-none-eabi/7.3.1/../../../../arm-none-eabi/lib/thumb/v7-m\libc_nano.a(lib_a-impure.o)
 .rodata._global_impure_ptr
                0x0000000000000000        0x4 c:/st/stm32cubeide_1.4.0/stm32cubeide/plugins/com.st.stm32cube.ide.mcu.externaltools.gnu-tools-for-stm32.7-2018-q2-update.win32_1.4.0.202007081208/tools/bin/../lib/gcc/arm-none-eabi/7.3.1/../../../../arm-none-eabi/lib/thumb/v7-m\libc_nano.a(lib_a-impure.o)
 .ARM.attributes
                0x0000000000000000       0x2d c:/st/stm32cubeide_1.4.0/stm32cubeide/plugins/com.st.stm32cube.ide.mcu.externaltools.gnu-tools-for-stm32.7-2018-q2-update.win32_1.4.0.202007081208/tools/bin/../lib/gcc/arm-none-eabi/7.3.1/../../../../arm-none-eabi/lib/thumb/v7-m\libc_nano.a(lib_a-impure.o)
 .text          0x0000000000000000        0x0 c:/st/stm32cubeide_1.4.0/stm32cubeide/plugins/com.st.stm32cube.ide.mcu.externaltools.gnu-tools-for-stm32.7-2018-q2-update.win32_1.4.0.202007081208/tools/bin/../lib/gcc/arm-none-eabi/7.3.1/../../../../arm-none-eabi/lib/thumb/v7-m\libc_nano.a(lib_a-init.o)
 .data          0x0000000000000000        0x0 c:/st/stm32cubeide_1.4.0/stm32cubeide/plugins/com.st.stm32cube.ide.mcu.externaltools.gnu-tools-for-stm32.7-2018-q2-update.win32_1.4.0.202007081208/tools/bin/../lib/gcc/arm-none-eabi/7.3.1/../../../../arm-none-eabi/lib/thumb/v7-m\libc_nano.a(lib_a-init.o)
 .bss           0x0000000000000000        0x0 c:/st/stm32cubeide_1.4.0/stm32cubeide/plugins/com.st.stm32cube.ide.mcu.externaltools.gnu-tools-for-stm32.7-2018-q2-update.win32_1.4.0.202007081208/tools/bin/../lib/gcc/arm-none-eabi/7.3.1/../../../../arm-none-eabi/lib/thumb/v7-m\libc_nano.a(lib_a-init.o)
 .text          0x0000000000000000        0x0 c:/st/stm32cubeide_1.4.0/stm32cubeide/plugins/com.st.stm32cube.ide.mcu.externaltools.gnu-tools-for-stm32.7-2018-q2-update.win32_1.4.0.202007081208/tools/bin/../lib/gcc/arm-none-eabi/7.3.1/../../../../arm-none-eabi/lib/thumb/v7-m\libc_nano.a(lib_a-memset.o)
 .data          0x0000000000000000        0x0 c:/st/stm32cubeide_1.4.0/stm32cubeide/plugins/com.st.stm32cube.ide.mcu.externaltools.gnu-tools-for-stm32.7-2018-q2-update.win32_1.4.0.202007081208/tools/bin/../lib/gcc/arm-none-eabi/7.3.1/../../../../arm-none-eabi/lib/thumb/v7-m\libc_nano.a(lib_a-memset.o)
 .bss           0x0000000000000000        0x0 c:/st/stm32cubeide_1.4.0/stm32cubeide/plugins/com.st.stm32cube.ide.mcu.externaltools.gnu-tools-for-stm32.7-2018-q2-update.win32_1.4.0.202007081208/tools/bin/../lib/gcc/arm-none-eabi/7.3.1/../../../../arm-none-eabi/lib/thumb/v7-m\libc_nano.a(lib_a-memset.o)
 .text.memset   0x0000000000000000       0x10 c:/st/stm32cubeide_1.4.0/stm32cubeide/plugins/com.st.stm32cube.ide.mcu.externaltools.gnu-tools-for-stm32.7-2018-q2-update.win32_1.4.0.202007081208/tools/bin/../lib/gcc/arm-none-eabi/7.3.1/../../../../arm-none-eabi/lib/thumb/v7-m\libc_nano.a(lib_a-memset.o)
 .debug_frame   0x0000000000000000       0x20 c:/st/stm32cubeide_1.4.0/stm32cubeide/plugins/com.st.stm32cube.ide.mcu.externaltools.gnu-tools-for-stm32.7-2018-q2-update.win32_1.4.0.202007081208/tools/bin/../lib/gcc/arm-none-eabi/7.3.1/../../../../arm-none-eabi/lib/thumb/v7-m\libc_nano.a(lib_a-memset.o)
 .ARM.attributes
                0x0000000000000000       0x2d c:/st/stm32cubeide_1.4.0/stm32cubeide/plugins/com.st.stm32cube.ide.mcu.externaltools.gnu-tools-for-stm32.7-2018-q2-update.win32_1.4.0.202007081208/tools/bin/../lib/gcc/arm-none-eabi/7.3.1/../../../../arm-none-eabi/lib/thumb/v7-m\libc_nano.a(lib_a-memset.o)
 .text          0x0000000000000000        0x0 c:/st/stm32cubeide_1.4.0/stm32cubeide/plugins/com.st.stm32cube.ide.mcu.externaltools.gnu-tools-for-stm32.7-2018-q2-update.win32_1.4.0.202007081208/tools/bin/../lib/gcc/arm-none-eabi/7.3.1/thumb/v7-m/crtend.o
 .data          0x0000000000000000        0x0 c:/st/stm32cubeide_1.4.0/stm32cubeide/plugins/com.st.stm32cube.ide.mcu.externaltools.gnu-tools-for-stm32.7-2018-q2-update.win32_1.4.0.202007081208/tools/bin/../lib/gcc/arm-none-eabi/7.3.1/thumb/v7-m/crtend.o
 .bss           0x0000000000000000        0x0 c:/st/stm32cubeide_1.4.0/stm32cubeide/plugins/com.st.stm32cube.ide.mcu.externaltools.gnu-tools-for-stm32.7-2018-q2-update.win32_1.4.0.202007081208/tools/bin/../lib/gcc/arm-none-eabi/7.3.1/thumb/v7-m/crtend.o
 .eh_frame      0x0000000000000000        0x4 c:/st/stm32cubeide_1.4.0/stm32cubeide/plugins/com.st.stm32cube.ide.mcu.externaltools.gnu-tools-for-stm32.7-2018-q2-update.win32_1.4.0.202007081208/tools/bin/../lib/gcc/arm-none-eabi/7.3.1/thumb/v7-m/crtend.o
 .ARM.attributes
                0x0000000000000000       0x2d c:/st/stm32cubeide_1.4.0/stm32cubeide/plugins/com.st.stm32cube.ide.mcu.externaltools.gnu-tools-for-stm32.7-2018-q2-update.win32_1.4.0.202007081208/tools/bin/../lib/gcc/arm-none-eabi/7.3.1/thumb/v7-m/crtend.o
 .text          0x0000000000000000        0x0 c:/st/stm32cubeide_1.4.0/stm32cubeide/plugins/com.st.stm32cube.ide.mcu.externaltools.gnu-tools-for-stm32.7-2018-q2-update.win32_1.4.0.202007081208/tools/bin/../lib/gcc/arm-none-eabi/7.3.1/thumb/v7-m/crtn.o
 .data          0x0000000000000000        0x0 c:/st/stm32cubeide_1.4.0/stm32cubeide/plugins/com.st.stm32cube.ide.mcu.externaltools.gnu-tools-for-stm32.7-2018-q2-update.win32_1.4.0.202007081208/tools/bin/../lib/gcc/arm-none-eabi/7.3.1/thumb/v7-m/crtn.o
 .bss           0x0000000000000000        0x0 c:/st/stm32cubeide_1.4.0/stm32cubeide/plugins/com.st.stm32cube.ide.mcu.externaltools.gnu-tools-for-stm32.7-2018-q2-update.win32_1.4.0.202007081208/tools/bin/../lib/gcc/arm-none-eabi/7.3.1/thumb/v7-m/crtn.o

Memory Configuration

Name             Origin             Length             Attributes
RAM              0x0000000020000000 0x0000000000002800 xrw
ROM              0x0000000008000000 0x0000000000008000 xr
*default*        0x0000000000000000 0xffffffffffffffff

Linker script and memory map

LOAD c:/st/stm32cubeide_1.4.0/stm32cubeide/plugins/com.st.stm32cube.ide.mcu.externaltools.gnu-tools-for-stm32.7-2018-q2-update.win32_1.4.0.202007081208/tools/bin/../lib/gcc/arm-none-eabi/7.3.1/thumb/v7-m/crti.o
LOAD c:/st/stm32cubeide_1.4.0/stm32cubeide/plugins/com.st.stm32cube.ide.mcu.externaltools.gnu-tools-for-stm32.7-2018-q2-update.win32_1.4.0.202007081208/tools/bin/../lib/gcc/arm-none-eabi/7.3.1/thumb/v7-m/crtbegin.o
LOAD c:/st/stm32cubeide_1.4.0/stm32cubeide/plugins/com.st.stm32cube.ide.mcu.externaltools.gnu-tools-for-stm32.7-2018-q2-update.win32_1.4.0.202007081208/tools/bin/../lib/gcc/arm-none-eabi/7.3.1/../../../../arm-none-eabi/lib/thumb/v7-m/crt0.o
LOAD Src/main.o
LOAD Src/syscalls.o
LOAD Src/sysmem.o
LOAD Startup/startup_stm32f103c6tx.o
LOAD Stm32_F103C6_Drivers/EXTI/Stm32_F103C6_EXTI_driver.o
LOAD Stm32_F103C6_Drivers/GPIO/Stm32_F103C6_gpio_driver.o
LOAD Stm32_F103C6_Drivers/KEYPAD_DRIVER/keypad_driver.o
LOAD Stm32_F103C6_Drivers/LCD_DRIVER/lcd_driver.o
LOAD Stm32_F103C6_Drivers/RCC/Stm32_F103C6_RCC_driver.o
LOAD Stm32_F103C6_Drivers/SPI/Stm32_F103C6_SPI_driver.o
LOAD Stm32_F103C6_Drivers/USART/Stm32_F103C6_USART_driver.o
START GROUP
LOAD c:/st/stm32cubeide_1.4.0/stm32cubeide/plugins/com.st.stm32cube.ide.mcu.externaltools.gnu-tools-for-stm32.7-2018-q2-update.win32_1.4.0.202007081208/tools/bin/../lib/gcc/arm-none-eabi/7.3.1/../../../../arm-none-eabi/lib/thumb/v7-m\libc_nano.a
LOAD c:/st/stm32cubeide_1.4.0/stm32cubeide/plugins/com.st.stm32cube.ide.mcu.externaltools.gnu-tools-for-stm32.7-2018-q2-update.win32_1.4.0.202007081208/tools/bin/../lib/gcc/arm-none-eabi/7.3.1/../../../../arm-none-eabi/lib/thumb/v7-m\libm.a
END GROUP
START GROUP
LOAD c:/st/stm32cubeide_1.4.0/stm32cubeide/plugins/com.st.stm32cube.ide.mcu.externaltools.gnu-tools-for-stm32.7-2018-q2-update.win32_1.4.0.202007081208/tools/bin/../lib/gcc/arm-none-eabi/7.3.1/thumb/v7-m\libgcc.a
LOAD c:/st/stm32cubeide_1.4.0/stm32cubeide/plugins/com.st.stm32cube.ide.mcu.externaltools.gnu-tools-for-stm32.7-2018-q2-update.win32_1.4.0.202007081208/tools/bin/../lib/gcc/arm-none-eabi/7.3.1/../../../../arm-none-eabi/lib/thumb/v7-m\libg_nano.a
LOAD c:/st/stm32cubeide_1.4.0/stm32cubeide/plugins/com.st.stm32cube.ide.mcu.externaltools.gnu-tools-for-stm32.7-2018-q2-update.win32_1.4.0.202007081208/tools/bin/../lib/gcc/arm-none-eabi/7.3.1/../../../../arm-none-eabi/lib/thumb/v7-m\libc_nano.a
END GROUP
START GROUP
LOAD c:/st/stm32cubeide_1.4.0/stm32cubeide/plugins/com.st.stm32cube.ide.mcu.externaltools.gnu-tools-for-stm32.7-2018-q2-update.win32_1.4.0.202007081208/tools/bin/../lib/gcc/arm-none-eabi/7.3.1/thumb/v7-m\libgcc.a
LOAD c:/st/stm32cubeide_1.4.0/stm32cubeide/plugins/com.st.stm32cube.ide.mcu.externaltools.gnu-tools-for-stm32.7-2018-q2-update.win32_1.4.0.202007081208/tools/bin/../lib/gcc/arm-none-eabi/7.3.1/../../../../arm-none-eabi/lib/thumb/v7-m\libc_nano.a
LOAD c:/st/stm32cubeide_1.4.0/stm32cubeide/plugins/com.st.stm32cube.ide.mcu.externaltools.gnu-tools-for-stm32.7-2018-q2-update.win32_1.4.0.202007081208/tools/bin/../lib/gcc/arm-none-eabi/7.3.1/../../../../arm-none-eabi/lib/thumb/v7-m\libnosys.a
END GROUP
START GROUP
LOAD c:/st/stm32cubeide_1.4.0/stm32cubeide/plugins/com.st.stm32cube.ide.mcu.externaltools.gnu-tools-for-stm32.7-2018-q2-update.win32_1.4.0.202007081208/tools/bin/../lib/gcc/arm-none-eabi/7.3.1/thumb/v7-m\libgcc.a
LOAD c:/st/stm32cubeide_1.4.0/stm32cubeide/plugins/com.st.stm32cube.ide.mcu.externaltools.gnu-tools-for-stm32.7-2018-q2-update.win32_1.4.0.202007081208/tools/bin/../lib/gcc/arm-none-eabi/7.3.1/../../../../arm-none-eabi/lib/thumb/v7-m\libc_nano.a
LOAD c:/st/stm32cubeide_1.4.0/stm32cubeide/plugins/com.st.stm32cube.ide.mcu.externaltools.gnu-tools-for-stm32.7-2018-q2-update.win32_1.4.0.202007081208/tools/bin/../lib/gcc/arm-none-eabi/7.3.1/../../../../arm-none-eabi/lib/thumb/v7-m\libnosys.a
END GROUP
LOAD c:/st/stm32cubeide_1.4.0/stm32cubeide/plugins/com.st.stm32cube.ide.mcu.externaltools.gnu-tools-for-stm32.7-2018-q2-update.win32_1.4.0.202007081208/tools/bin/../lib/gcc/arm-none-eabi/7.3.1/thumb/v7-m/crtend.o
LOAD c:/st/stm32cubeide_1.4.0/stm32cubeide/plugins/com.st.stm32cube.ide.mcu.externaltools.gnu-tools-for-stm32.7-2018-q2-update.win32_1.4.0.202007081208/tools/bin/../lib/gcc/arm-none-eabi/7.3.1/thumb/v7-m/crtn.o
                0x0000000020002800                _estack = (ORIGIN (RAM) + LENGTH (RAM))
                0x0000000000000200                _Min_Heap_Size = 0x200
                0x0000000000000400                _Min_Stack_Size = 0x400

.isr_vector     0x0000000008000000      0x130
                0x0000000008000000                . = ALIGN (0x4)
 *(.isr_vector)
 .isr_vector    0x0000000008000000      0x130 Startup/startup_stm32f103c6tx.o
                0x0000000008000000                g_pfnVectors
                0x0000000008000130                . = ALIGN (0x4)

.text           0x0000000008000130      0x92c
                0x0000000008000130                . = ALIGN (0x4)
 *(.text)
 .text          0x0000000008000130       0x40 c:/st/stm32cubeide_1.4.0/stm32cubeide/plugins/com.st.stm32cube.ide.mcu.externaltools.gnu-tools-for-stm32.7-2018-q2-update.win32_1.4.0.202007081208/tools/bin/../lib/gcc/arm-none-eabi/7.3.1/thumb/v7-m/crtbegin.o
 *(.text*)
 .text.clock_init
                0x0000000008000170       0x34 Src/main.o
                0x0000000008000170                clock_init
 .text.UART_IRQ_Callback
                0x00000000080001a4       0x24 Src/main.o
                0x00000000080001a4                UART_IRQ_Callback
 .text.main     0x00000000080001c8       0x48 Src/main.o
                0x00000000080001c8                main
 .text.Reset_Handler
                0x0000000008000210       0x50 Startup/startup_stm32f103c6tx.o
                0x0000000008000210                Reset_Handler
 .text.Default_Handler
                0x0000000008000260        0x2 Startup/startup_stm32f103c6tx.o
                0x0000000008000260                TIM8_TRG_COM_IRQHandler
                0x0000000008000260                TIM8_CC_IRQHandler
                0x0000000008000260                DebugMon_Handler
                0x0000000008000260                TIM1_CC_IRQHandler
                0x0000000008000260                HardFault_Handler
                0x0000000008000260                TIM6_IRQHandler
                0x0000000008000260                SysTick_Handler
                0x0000000008000260                PVD_IRQHandler
                0x0000000008000260                SDIO_IRQHandler
                0x0000000008000260                PendSV_Handler
                0x0000000008000260                NMI_Handler
                0x0000000008000260                USB_HP_CAN_TX_IRQHandler
                0x0000000008000260                I2C2_EV_IRQHandler
                0x0000000008000260                UsageFault_Handler
                0x0000000008000260                ADC1_2_IRQHandler
                0x0000000008000260                SPI1_IRQHandler
                0x0000000008000260                CAN_SCE_IRQHandler
                0x0000000008000260                TAMPER_IRQHandler
                0x0000000008000260                TIM8_UP_IRQHandler
                0x0000000008000260                DMA2_Channel2_IRQHandler
                0x0000000008000260                DMA1_Channel4_IRQHandler
                0x0000000008000260                RTC_IRQHandler
                0x0000000008000260                DMA1_Channel7_IRQHandler
                0x0000000008000260                UART5_IRQHandler
                0x0000000008000260                ADC3_IRQHandler
                0x0000000008000260                TIM4_IRQHandler
                0x0000000008000260                CAN_RX1_IRQHandler
                0x0000000008000260                DMA2_Channel1_IRQHandler
                0x0000000008000260                I2C1_EV_IRQHandler
                0x0000000008000260                DMA1_Channel6_IRQHandler
                0x0000000008000260                UART4_IRQHandler
                0x0000000008000260                TIM3_IRQHandler
                0x0000000008000260                RCC_IRQHandler
                0x0000000008000260                TIM1_TRG_COM_IRQHandler
                0x0000000008000260                DMA1_Channel1_IRQHandler
                0x0000000008000260                Default_Handler
                0x0000000008000260                TIM7_IRQHandler
                0x0000000008000260                TIM5_IRQHandler
                0x0000000008000260                SPI2_IRQHandler
                0x0000000008000260                USB_LP_CAN_RX0_IRQHandler
                0x0000000008000260                MemManage_Handler
                0x0000000008000260                SVC_Handler
                0x0000000008000260                DMA1_Channel5_IRQHandler
                0x0000000008000260                DMA1_Channel3_IRQHandler
                0x0000000008000260                FSMC_IRQHandler
                0x0000000008000260                TIM1_UP_IRQHandler
                0x0000000008000260                WWDG_IRQHandler
                0x0000000008000260                TIM2_IRQHandler
                0x0000000008000260                TIM1_BRK_IRQHandler
                0x0000000008000260                RTCAlarm_IRQHandler
                0x0000000008000260                DMA2_Channel4_5_IRQHandler
                0x0000000008000260                I2C2_ER_IRQHandler
                0x0000000008000260                DMA1_Channel2_IRQHandler
                0x0000000008000260                TIM8_BRK_IRQHandler
                0x0000000008000260                FLASH_IRQHandler
                0x0000000008000260                BusFault_Handler
                0x0000000008000260                SPI3_IRQHandler
                0x0000000008000260                I2C1_ER_IRQHandler
                0x0000000008000260                DMA2_Channel3_IRQHandler
 *fill*         0x0000000008000262        0x2 
 .text.EXTI0_IRQHandler
                0x0000000008000264       0x24 Stm32_F103C6_Drivers/EXTI/Stm32_F103C6_EXTI_driver.o
                0x0000000008000264                EXTI0_IRQHandler
 .text.EXTI1_IRQHandler
                0x0000000008000288       0x24 Stm32_F103C6_Drivers/EXTI/Stm32_F103C6_EXTI_driver.o
                0x0000000008000288                EXTI1_IRQHandler
 .text.EXTI2_IRQHandler
                0x00000000080002ac       0x24 Stm32_F103C6_Drivers/EXTI/Stm32_F103C6_EXTI_driver.o
                0x00000000080002ac                EXTI2_IRQHandler
 .text.EXTI3_IRQHandler
                0x00000000080002d0       0x24 Stm32_F103C6_Drivers/EXTI/Stm32_F103C6_EXTI_driver.o
                0x00000000080002d0                EXTI3_IRQHandler
 .text.EXTI4_IRQHandler
                0x00000000080002f4       0x24 Stm32_F103C6_Drivers/EXTI/Stm32_F103C6_EXTI_driver.o
                0x00000000080002f4                EXTI4_IRQHandler
 .text.EXTI9_5_IRQHandler
                0x0000000008000318       0xa8 Stm32_F103C6_Drivers/EXTI/Stm32_F103C6_EXTI_driver.o
                0x0000000008000318                EXTI9_5_IRQHandler
 .text.EXTI15_10_IRQHandler
                0x00000000080003c0       0xc4 Stm32_F103C6_Drivers/EXTI/Stm32_F103C6_EXTI_driver.o
                0x00000000080003c0                EXTI15_10_IRQHandler
 .text.Get_CRLH_Position
                0x0000000008000484       0xc6 Stm32_F103C6_Drivers/GPIO/Stm32_F103C6_gpio_driver.o
                0x0000000008000484                Get_CRLH_Position
 .text.MCAL_GPIO_Init
                0x000000000800054a       0xfe Stm32_F103C6_Drivers/GPIO/Stm32_F103C6_gpio_driver.o
                0x000000000800054a                MCAL_GPIO_Init
 .text.MCAL_RCC_GetSYSFreq
                0x0000000008000648       0x3c Stm32_F103C6_Drivers/RCC/Stm32_F103C6_RCC_driver.o
                0x0000000008000648                MCAL_RCC_GetSYSFreq
 .text.MCAL_RCC_GetHCLFreq
                0x0000000008000684       0x28 Stm32_F103C6_Drivers/RCC/Stm32_F103C6_RCC_driver.o
                0x0000000008000684                MCAL_RCC_GetHCLFreq
 .text.MCAL_RCC_GetPCLK1Freq
                0x00000000080006ac       0x28 Stm32_F103C6_Drivers/RCC/Stm32_F103C6_RCC_driver.o
                0x00000000080006ac                MCAL_RCC_GetPCLK1Freq
 .text.MCAL_RCC_GetPCLK2Freq
                0x00000000080006d4       0x28 Stm32_F103C6_Drivers/RCC/Stm32_F103C6_RCC_driver.o
                0x00000000080006d4                MCAL_RCC_GetPCLK2Freq
 .text.MCAL_UART_Init
                0x00000000080006fc      0x16c Stm32_F103C6_Drivers/USART/Stm32_F103C6_USART_driver.o
                0x00000000080006fc                MCAL_UART_Init
 .text.MCAL_UART_SendData
                0x0000000008000868       0x36 Stm32_F103C6_Drivers/USART/Stm32_F103C6_USART_driver.o
                0x0000000008000868                MCAL_UART_SendData
 *fill*         0x000000000800089e        0x2 
 .text.MCAL_UART_ReceiveData
                0x00000000080008a0       0x58 Stm32_F103C6_Drivers/USART/Stm32_F103C6_USART_driver.o
                0x00000000080008a0                MCAL_UART_ReceiveData
 .text.MCAL_UART_SetPins
                0x00000000080008f8       0xc8 Stm32_F103C6_Drivers/USART/Stm32_F103C6_USART_driver.o
                0x00000000080008f8                MCAL_UART_SetPins
 .text.USART1_IRQHandler
                0x00000000080009c0       0x14 Stm32_F103C6_Drivers/USART/Stm32_F103C6_USART_driver.o
                0x00000000080009c0                USART1_IRQHandler
 .text.USART2_IRQHandler
                0x00000000080009d4       0x14 Stm32_F103C6_Drivers/USART/Stm32_F103C6_USART_driver.o
                0x00000000080009d4                USART2_IRQHandler
 .text.USART3_IRQHandler
                0x00000000080009e8       0x14 Stm32_F103C6_Drivers/USART/Stm32_F103C6_USART_driver.o
                0x00000000080009e8                USART3_IRQHandler
 .text.__libc_init_array
                0x00000000080009fc       0x48 c:/st/stm32cubeide_1.4.0/stm32cubeide/plugins/com.st.stm32cube.ide.mcu.externaltools.gnu-tools-for-stm32.7-2018-q2-update.win32_1.4.0.202007081208/tools/bin/../lib/gcc/arm-none-eabi/7.3.1/../../../../arm-none-eabi/lib/thumb/v7-m\libc_nano.a(lib_a-init.o)
                0x00000000080009fc                __libc_init_array
 *(.glue_7)
 .glue_7        0x0000000008000a44        0x0 linker stubs
 *(.glue_7t)
 .glue_7t       0x0000000008000a44        0x0 linker stubs
 *(.eh_frame)
 .eh_frame      0x0000000008000a44        0x0 c:/st/stm32cubeide_1.4.0/stm32cubeide/plugins/com.st.stm32cube.ide.mcu.externaltools.gnu-tools-for-stm32.7-2018-q2-update.win32_1.4.0.202007081208/tools/bin/../lib/gcc/arm-none-eabi/7.3.1/thumb/v7-m/crtbegin.o
 *(.init)
 .init          0x0000000008000a44        0x4 c:/st/stm32cubeide_1.4.0/stm32cubeide/plugins/com.st.stm32cube.ide.mcu.externaltools.gnu-tools-for-stm32.7-2018-q2-update.win32_1.4.0.202007081208/tools/bin/../lib/gcc/arm-none-eabi/7.3.1/thumb/v7-m/crti.o
                0x0000000008000a44                _init
 .init          0x0000000008000a48        0x8 c:/st/stm32cubeide_1.4.0/stm32cubeide/plugins/com.st.stm32cube.ide.mcu.externaltools.gnu-tools-for-stm32.7-2018-q2-update.win32_1.4.0.202007081208/tools/bin/../lib/gcc/arm-none-eabi/7.3.1/thumb/v7-m/crtn.o
 *(.fini)
 .fini          0x0000000008000a50        0x4 c:/st/stm32cubeide_1.4.0/stm32cubeide/plugins/com.st.stm32cube.ide.mcu.externaltools.gnu-tools-for-stm32.7-2018-q2-update.win32_1.4.0.202007081208/tools/bin/../lib/gcc/arm-none-eabi/7.3.1/thumb/v7-m/crti.o
                0x0000000008000a50                _fini
 .fini          0x0000000008000a54        0x8 c:/st/stm32cubeide_1.4.0/stm32cubeide/plugins/com.st.stm32cube.ide.mcu.externaltools.gnu-tools-for-stm32.7-2018-q2-update.win32_1.4.0.202007081208/tools/bin/../lib/gcc/arm-none-eabi/7.3.1/thumb/v7-m/crtn.o
                0x0000000008000a5c                . = ALIGN (0x4)
                0x0000000008000a5c                _etext = .

.vfp11_veneer   0x0000000008000a5c        0x0
 .vfp11_veneer  0x0000000008000a5c        0x0 linker stubs

.v4_bx          0x0000000008000a5c        0x0
 .v4_bx         0x0000000008000a5c        0x0 linker stubs

.iplt           0x0000000008000a5c        0x0
 .iplt          0x0000000008000a5c        0x0 c:/st/stm32cubeide_1.4.0/stm32cubeide/plugins/com.st.stm32cube.ide.mcu.externaltools.gnu-tools-for-stm32.7-2018-q2-update.win32_1.4.0.202007081208/tools/bin/../lib/gcc/arm-none-eabi/7.3.1/thumb/v7-m/crtbegin.o

.rodata         0x0000000008000a5c       0x20
                0x0000000008000a5c                . = ALIGN (0x4)
 *(.rodata)
 *(.rodata*)
 .rodata.APB1_PrescTable
                0x0000000008000a5c        0x8 Stm32_F103C6_Drivers/RCC/Stm32_F103C6_RCC_driver.o
                0x0000000008000a5c                APB1_PrescTable
 .rodata.APB2_PrescTable
                0x0000000008000a64        0x8 Stm32_F103C6_Drivers/RCC/Stm32_F103C6_RCC_driver.o
                0x0000000008000a64                APB2_PrescTable
 .rodata.AHB_PrescTable
                0x0000000008000a6c       0x10 Stm32_F103C6_Drivers/RCC/Stm32_F103C6_RCC_driver.o
                0x0000000008000a6c                AHB_PrescTable
                0x0000000008000a7c                . = ALIGN (0x4)

.rel.dyn        0x0000000008000a7c        0x0
 .rel.iplt      0x0000000008000a7c        0x0 c:/st/stm32cubeide_1.4.0/stm32cubeide/plugins/com.st.stm32cube.ide.mcu.externaltools.gnu-tools-for-stm32.7-2018-q2-update.win32_1.4.0.202007081208/tools/bin/../lib/gcc/arm-none-eabi/7.3.1/thumb/v7-m/crtbegin.o

.ARM.extab      0x0000000008000a7c        0x0
                0x0000000008000a7c                . = ALIGN (0x4)
 *(.ARM.extab* .gnu.linkonce.armextab.*)
                0x0000000008000a7c                . = ALIGN (0x4)

.ARM            0x0000000008000a7c        0x0
                0x0000000008000a7c                . = ALIGN (0x4)
                0x0000000008000a7c                __exidx_start = .
 *(.ARM.exidx*)
                0x0000000008000a7c                __exidx_end = .
                0x0000000008000a7c                . = ALIGN (0x4)

.preinit_array  0x0000000008000a7c        0x0
                0x0000000008000a7c                . = ALIGN (0x4)
                0x0000000008000a7c                PROVIDE (__preinit_array_start = .)
 *(.preinit_array*)
                0x0000000008000a7c                PROVIDE (__preinit_array_end = .)
                0x0000000008000a7c                . = ALIGN (0x4)

.init_array     0x0000000008000a7c        0x4
                0x0000000008000a7c                . = ALIGN (0x4)
                0x0000000008000a7c                PROVIDE (__init_array_start = .)
 *(SORT_BY_NAME(.init_array.*))
 *(.init_array*)
 .init_array    0x0000000008000a7c        0x4 c:/st/stm32cubeide_1.4.0/stm32cubeide/plugins/com.st.stm32cube.ide.mcu.externaltools.gnu-tools-for-stm32.7-2018-q2-update.win32_1.4.0.202007081208/tools/bin/../lib/gcc/arm-none-eabi/7.3.1/thumb/v7-m/crtbegin.o
                0x0000000008000a80                PROVIDE (__init_array_end = .)
                0x0000000008000a80                . = ALIGN (0x4)

.fini_array     0x0000000008000a80        0x4
                0x0000000008000a80                . = ALIGN (0x4)
                [!provide]                        PROVIDE (__fini_array_start = .)
 *(SORT_BY_NAME(.fini_array.*))
 *(.fini_array*)
 .fini_array    0x0000000008000a80        0x4 c:/st/stm32cubeide_1.4.0/stm32cubeide/plugins/com.st.stm32cube.ide.mcu.externaltools.gnu-tools-for-stm32.7-2018-q2-update.win32_1.4.0.202007081208/tools/bin/../lib/gcc/arm-none-eabi/7.3.1/thumb/v7-m/crtbegin.o
                [!provide]                        PROVIDE (__fini_array_end = .)
                0x0000000008000a84                . = ALIGN (0x4)
                0x0000000008000a84                _sidata = LOADADDR (.data)

.data           0x0000000020000000        0x0 load address 0x0000000008000a84
                0x0000000020000000                . = ALIGN (0x4)
                0x0000000020000000                _sdata = .
 *(.data)
 *(.data*)
                0x0000000020000000                . = ALIGN (0x4)
                0x0000000020000000                _edata = .

.igot.plt       0x0000000020000000        0x0 load address 0x0000000008000a84
 .igot.plt      0x0000000020000000        0x0 c:/st/stm32cubeide_1.4.0/stm32cubeide/plugins/com.st.stm32cube.ide.mcu.externaltools.gnu-tools-for-stm32.7-2018-q2-update.win32_1.4.0.202007081208/tools/bin/../lib/gcc/arm-none-eabi/7.3.1/thumb/v7-m/crtbegin.o
                0x0000000020000000                . = ALIGN (0x4)

.bss            0x0000000020000000       0x60 load address 0x0000000008000a84
                0x0000000020000000                _sbss = .
                0x0000000020000000                __bss_start__ = _sbss
 *(.bss)
 .bss           0x0000000020000000       0x1c c:/st/stm32cubeide_1.4.0/stm32cubeide/plugins/com.st.stm32cube.ide.mcu.externaltools.gnu-tools-for-stm32.7-2018-q2-update.win32_1.4.0.202007081208/tools/bin/../lib/gcc/arm-none-eabi/7.3.1/thumb/v7-m/crtbegin.o
 *(.bss*)
 .bss.Global_UART_config
                0x000000002000001c        0x4 Stm32_F103C6_Drivers/USART/Stm32_F103C6_USART_driver.o
                0x000000002000001c                Global_UART_config
 *(COMMON)
 COMMON         0x0000000020000020        0x1 Src/main.o
                0x0000000020000020                ch
 *fill*         0x0000000020000021        0x3 
 COMMON         0x0000000020000024       0x3c Stm32_F103C6_Drivers/EXTI/Stm32_F103C6_EXTI_driver.o
                0x0000000020000024                GP_IRQ_CALLBACK
                0x0000000020000060                . = ALIGN (0x4)
                0x0000000020000060                _ebss = .
                0x0000000020000060                __bss_end__ = _ebss

._user_heap_stack
                0x0000000020000060      0x600 load address 0x0000000008000a84
                0x0000000020000060                . = ALIGN (0x8)
                [!provide]                        PROVIDE (end = .)
                0x0000000020000060                PROVIDE (_end = .)
                0x0000000020000260                . = (. + _Min_Heap_Size)
 *fill*         0x0000000020000060      0x200 
                0x0000000020000660                . = (. + _Min_Stack_Size)
 *fill*         0x0000000020000260      0x400 
                0x0000000020000660                . = ALIGN (0x8)

/DISCARD/
 libc.a(*)
 libm.a(*)
 libgcc.a(*)

.ARM.attributes
                0x0000000000000000       0x29
 *(.ARM.attributes)
 .ARM.attributes
                0x0000000000000000       0x1d c:/st/stm32cubeide_1.4.0/stm32cubeide/plugins/com.st.stm32cube.ide.mcu.externaltools.gnu-tools-for-stm32.7-2018-q2-update.win32_1.4.0.202007081208/tools/bin/../lib/gcc/arm-none-eabi/7.3.1/thumb/v7-m/crti.o
 .ARM.attributes
                0x000000000000001d       0x2d c:/st/stm32cubeide_1.4.0/stm32cubeide/plugins/com.st.stm32cube.ide.mcu.externaltools.gnu-tools-for-stm32.7-2018-q2-update.win32_1.4.0.202007081208/tools/bin/../lib/gcc/arm-none-eabi/7.3.1/thumb/v7-m/crtbegin.o
 .ARM.attributes
                0x000000000000004a       0x33 Src/main.o
 .ARM.attributes
                0x000000000000007d       0x21 Startup/startup_stm32f103c6tx.o
 .ARM.attributes
                0x000000000000009e       0x33 Stm32_F103C6_Drivers/EXTI/Stm32_F103C6_EXTI_driver.o
 .ARM.attributes
                0x00000000000000d1       0x33 Stm32_F103C6_Drivers/GPIO/Stm32_F103C6_gpio_driver.o
 .ARM.attributes
                0x0000000000000104       0x33 Stm32_F103C6_Drivers/RCC/Stm32_F103C6_RCC_driver.o
 .ARM.attributes
                0x0000000000000137       0x33 Stm32_F103C6_Drivers/USART/Stm32_F103C6_USART_driver.o
 .ARM.attributes
                0x000000000000016a       0x2d c:/st/stm32cubeide_1.4.0/stm32cubeide/plugins/com.st.stm32cube.ide.mcu.externaltools.gnu-tools-for-stm32.7-2018-q2-update.win32_1.4.0.202007081208/tools/bin/../lib/gcc/arm-none-eabi/7.3.1/../../../../arm-none-eabi/lib/thumb/v7-m\libc_nano.a(lib_a-init.o)
 .ARM.attributes
                0x0000000000000197       0x1d c:/st/stm32cubeide_1.4.0/stm32cubeide/plugins/com.st.stm32cube.ide.mcu.externaltools.gnu-tools-for-stm32.7-2018-q2-update.win32_1.4.0.202007081208/tools/bin/../lib/gcc/arm-none-eabi/7.3.1/thumb/v7-m/crtn.o
OUTPUT(Drivers.elf elf32-littlearm)

.debug_info     0x0000000000000000     0x400b
 .debug_info    0x0000000000000000      0xbcd Src/main.o
 .debug_info    0x0000000000000bcd       0x22 Startup/startup_stm32f103c6tx.o
 .debug_info    0x0000000000000bef      0xdbb Stm32_F103C6_Drivers/EXTI/Stm32_F103C6_EXTI_driver.o
 .debug_info    0x00000000000019aa      0xd4f Stm32_F103C6_Drivers/GPIO/Stm32_F103C6_gpio_driver.o
 .debug_info    0x00000000000026f9      0xb1b Stm32_F103C6_Drivers/RCC/Stm32_F103C6_RCC_driver.o
 .debug_info    0x0000000000003214      0xdf7 Stm32_F103C6_Drivers/USART/Stm32_F103C6_USART_driver.o

.debug_abbrev   0x0000000000000000      0x9ac
 .debug_abbrev  0x0000000000000000      0x1dc Src/main.o
 .debug_abbrev  0x00000000000001dc       0x12 Startup/startup_stm32f103c6tx.o
 .debug_abbrev  0x00000000000001ee      0x219 Stm32_F103C6_Drivers/EXTI/Stm32_F103C6_EXTI_driver.o
 .debug_abbrev  0x0000000000000407      0x1de Stm32_F103C6_Drivers/GPIO/Stm32_F103C6_gpio_driver.o
 .debug_abbrev  0x00000000000005e5      0x19b Stm32_F103C6_Drivers/RCC/Stm32_F103C6_RCC_driver.o
 .debug_abbrev  0x0000000000000780      0x22c Stm32_F103C6_Drivers/USART/Stm32_F103C6_USART_driver.o

.debug_loc      0x0000000000000000      0xa54
 .debug_loc     0x0000000000000000       0xa8 Src/main.o
 .debug_loc     0x00000000000000a8      0x320 Stm32_F103C6_Drivers/EXTI/Stm32_F103C6_EXTI_driver.o
 .debug_loc     0x00000000000003c8      0x330 Stm32_F103C6_Drivers/GPIO/Stm32_F103C6_gpio_driver.o
 .debug_loc     0x00000000000006f8       0xc8 Stm32_F103C6_Drivers/RCC/Stm32_F103C6_RCC_driver.o
 .debug_loc     0x00000000000007c0      0x294 Stm32_F103C6_Drivers/USART/Stm32_F103C6_USART_driver.o

.debug_aranges  0x0000000000000000      0x1d0
 .debug_aranges
                0x0000000000000000       0x30 Src/main.o
 .debug_aranges
                0x0000000000000030       0x28 Startup/startup_stm32f103c6tx.o
 .debug_aranges
                0x0000000000000058       0x80 Stm32_F103C6_Drivers/EXTI/Stm32_F103C6_EXTI_driver.o
 .debug_aranges
                0x00000000000000d8       0x60 Stm32_F103C6_Drivers/GPIO/Stm32_F103C6_gpio_driver.o
 .debug_aranges
                0x0000000000000138       0x38 Stm32_F103C6_Drivers/RCC/Stm32_F103C6_RCC_driver.o
 .debug_aranges
                0x0000000000000170       0x60 Stm32_F103C6_Drivers/USART/Stm32_F103C6_USART_driver.o

.debug_ranges   0x0000000000000000      0x178
 .debug_ranges  0x0000000000000000       0x20 Src/main.o
 .debug_ranges  0x0000000000000020       0x20 Startup/startup_stm32f103c6tx.o
 .debug_ranges  0x0000000000000040       0x70 Stm32_F103C6_Drivers/EXTI/Stm32_F103C6_EXTI_driver.o
 .debug_ranges  0x00000000000000b0       0x50 Stm32_F103C6_Drivers/GPIO/Stm32_F103C6_gpio_driver.o
 .debug_ranges  0x0000000000000100       0x28 Stm32_F103C6_Drivers/RCC/Stm32_F103C6_RCC_driver.o
 .debug_ranges  0x0000000000000128       0x50 Stm32_F103C6_Drivers/USART/Stm32_F103C6_USART_driver.o

.debug_macro    0x0000000000000000     0x2624
 .debug_macro   0x0000000000000000      0x180 Src/main.o
 .debug_macro   0x0000000000000180      0xa60 Src/main.o
 .debug_macro   0x0000000000000be0       0x18 Src/main.o
 .debug_macro   0x0000000000000bf8       0x22 Src/main.o
 .debug_macro   0x0000000000000c1a       0x40 Src/main.o
 .debug_macro   0x0000000000000c5a       0x94 Src/main.o
 .debug_macro   0x0000000000000cee       0x3c Src/main.o
 .debug_macro   0x0000000000000d2a       0x34 Src/main.o
 .debug_macro   0x0000000000000d5e       0x16 Src/main.o
 .debug_macro   0x0000000000000d74      0x10e Src/main.o
 .debug_macro   0x0000000000000e82       0x8d Src/main.o
 .debug_macro   0x0000000000000f0f       0x57 Src/main.o
 .debug_macro   0x0000000000000f66       0x52 Src/main.o
 .debug_macro   0x0000000000000fb8       0x1f Src/main.o
 .debug_macro   0x0000000000000fd7       0x43 Src/main.o
 .debug_macro   0x000000000000101a       0x20 Src/main.o
 .debug_macro   0x000000000000103a      0x1a3 Src/main.o
 .debug_macro   0x00000000000011dd      0x330 Src/main.o
 .debug_macro   0x000000000000150d       0x16 Src/main.o
 .debug_macro   0x0000000000001523       0x29 Src/main.o
 .debug_macro   0x000000000000154c       0xef Src/main.o
 .debug_macro   0x000000000000163b       0x6a Src/main.o
 .debug_macro   0x00000000000016a5      0x1df Src/main.o
 .debug_macro   0x0000000000001884      0x2bb Src/main.o
 .debug_macro   0x0000000000001b3f       0xd0 Src/main.o
 .debug_macro   0x0000000000001c0f      0x21b Src/main.o
 .debug_macro   0x0000000000001e2a       0x16 Src/main.o
 .debug_macro   0x0000000000001e40       0xe2 Src/main.o
 .debug_macro   0x0000000000001f22       0xac Src/main.o
 .debug_macro   0x0000000000001fce       0x40 Src/main.o
 .debug_macro   0x000000000000200e      0x152 Stm32_F103C6_Drivers/EXTI/Stm32_F103C6_EXTI_driver.o
 .debug_macro   0x0000000000002160       0xd6 Stm32_F103C6_Drivers/EXTI/Stm32_F103C6_EXTI_driver.o
 .debug_macro   0x0000000000002236      0x13f Stm32_F103C6_Drivers/GPIO/Stm32_F103C6_gpio_driver.o
 .debug_macro   0x0000000000002375      0x148 Stm32_F103C6_Drivers/RCC/Stm32_F103C6_RCC_driver.o
 .debug_macro   0x00000000000024bd       0x10 Stm32_F103C6_Drivers/RCC/Stm32_F103C6_RCC_driver.o
 .debug_macro   0x00000000000024cd      0x157 Stm32_F103C6_Drivers/USART/Stm32_F103C6_USART_driver.o

.debug_line     0x0000000000000000     0x2050
 .debug_line    0x0000000000000000      0x5e4 Src/main.o
 .debug_line    0x00000000000005e4       0x84 Startup/startup_stm32f103c6tx.o
 .debug_line    0x0000000000000668      0x72f Stm32_F103C6_Drivers/EXTI/Stm32_F103C6_EXTI_driver.o
 .debug_line    0x0000000000000d97      0x672 Stm32_F103C6_Drivers/GPIO/Stm32_F103C6_gpio_driver.o
 .debug_line    0x0000000000001409      0x5b1 Stm32_F103C6_Drivers/RCC/Stm32_F103C6_RCC_driver.o
 .debug_line    0x00000000000019ba      0x696 Stm32_F103C6_Drivers/USART/Stm32_F103C6_USART_driver.o

.debug_str      0x0000000000000000     0xa251
 .debug_str     0x0000000000000000     0x9c40 Src/main.o
                                       0x9e98 (size before relaxing)
 .debug_str     0x0000000000009c40       0x31 Startup/startup_stm32f103c6tx.o
                                         0x52 (size before relaxing)
 .debug_str     0x0000000000009c71      0x2ea Stm32_F103C6_Drivers/EXTI/Stm32_F103C6_EXTI_driver.o
                                       0x9747 (size before relaxing)
 .debug_str     0x0000000000009f5b      0x121 Stm32_F103C6_Drivers/GPIO/Stm32_F103C6_gpio_driver.o
                                       0x8341 (size before relaxing)
 .debug_str     0x000000000000a07c       0xb9 Stm32_F103C6_Drivers/RCC/Stm32_F103C6_RCC_driver.o
                                       0x82bc (size before relaxing)
 .debug_str     0x000000000000a135      0x11c Stm32_F103C6_Drivers/USART/Stm32_F103C6_USART_driver.o
                                       0x89e6 (size before relaxing)

.comment        0x0000000000000000       0x7b
 .comment       0x0000000000000000       0x7b Src/main.o
                                         0x7c (size before relaxing)
 .comment       0x000000000000007b       0x7c Stm32_F103C6_Drivers/EXTI/Stm32_F103C6_EXTI_driver.o
 .comment       0x000000000000007b       0x7c Stm32_F103C6_Drivers/GPIO/Stm32_F103C6_gpio_driver.o
 .comment       0x000000000000007b       0x7c Stm32_F103C6_Drivers/RCC/Stm32_F103C6_RCC_driver.o
 .comment       0x000000000000007b       0x7c Stm32_F103C6_Drivers/USART/Stm32_F103C6_USART_driver.o

.debug_frame    0x0000000000000000      0x590
 .debug_frame   0x0000000000000000       0x6c Src/main.o
 .debug_frame   0x000000000000006c      0x1b0 Stm32_F103C6_Drivers/EXTI/Stm32_F103C6_EXTI_driver.o
 .debug_frame   0x000000000000021c      0x178 Stm32_F103C6_Drivers/GPIO/Stm32_F103C6_gpio_driver.o
 .debug_frame   0x0000000000000394       0x84 Stm32_F103C6_Drivers/RCC/Stm32_F103C6_RCC_driver.o
 .debug_frame   0x0000000000000418      0x14c Stm32_F103C6_Drivers/USART/Stm32_F103C6_USART_driver.o
 .debug_frame   0x0000000000000564       0x2c c:/st/stm32cubeide_1.4.0/stm32cubeide/plugins/com.st.stm32cube.ide.mcu.externaltools.gnu-tools-for-stm32.7-2018-q2-update.win32_1.4.0.202007081208/tools/bin/../lib/gcc/arm-none-eabi/7.3.1/../../../../arm-none-eabi/lib/thumb/v7-m\libc_nano.a(lib_a-init.o)
