Archive member included to satisfy reference by file (symbol)

c:/st/stm32cubeide_1.4.0/stm32cubeide/plugins/com.st.stm32cube.ide.mcu.externaltools.gnu-tools-for-stm32.7-2018-q2-update.win32_1.4.0.202007081208/tools/bin/../lib/gcc/arm-none-eabi/7.3.1/../../../../arm-none-eabi/lib/thumb/v7-m\libc_nano.a(lib_a-errno.o)
                              Src/syscalls.o (__errno)
c:/st/stm32cubeide_1.4.0/stm32cubeide/plugins/com.st.stm32cube.ide.mcu.externaltools.gnu-tools-for-stm32.7-2018-q2-update.win32_1.4.0.202007081208/tools/bin/../lib/gcc/arm-none-eabi/7.3.1/../../../../arm-none-eabi/lib/thumb/v7-m\libc_nano.a(lib_a-exit.o)
                              c:/st/stm32cubeide_1.4.0/stm32cubeide/plugins/com.st.stm32cube.ide.mcu.externaltools.gnu-tools-for-stm32.7-2018-q2-update.win32_1.4.0.202007081208/tools/bin/../lib/gcc/arm-none-eabi/7.3.1/../../../../arm-none-eabi/lib/thumb/v7-m/crt0.o (exit)
c:/st/stm32cubeide_1.4.0/stm32cubeide/plugins/com.st.stm32cube.ide.mcu.externaltools.gnu-tools-for-stm32.7-2018-q2-update.win32_1.4.0.202007081208/tools/bin/../lib/gcc/arm-none-eabi/7.3.1/../../../../arm-none-eabi/lib/thumb/v7-m\libc_nano.a(lib_a-impure.o)
                              c:/st/stm32cubeide_1.4.0/stm32cubeide/plugins/com.st.stm32cube.ide.mcu.externaltools.gnu-tools-for-stm32.7-2018-q2-update.win32_1.4.0.202007081208/tools/bin/../lib/gcc/arm-none-eabi/7.3.1/../../../../arm-none-eabi/lib/thumb/v7-m\libc_nano.a(lib_a-exit.o) (_global_impure_ptr)
c:/st/stm32cubeide_1.4.0/stm32cubeide/plugins/com.st.stm32cube.ide.mcu.externaltools.gnu-tools-for-stm32.7-2018-q2-update.win32_1.4.0.202007081208/tools/bin/../lib/gcc/arm-none-eabi/7.3.1/../../../../arm-none-eabi/lib/thumb/v7-m\libc_nano.a(lib_a-init.o)
                              c:/st/stm32cubeide_1.4.0/stm32cubeide/plugins/com.st.stm32cube.ide.mcu.externaltools.gnu-tools-for-stm32.7-2018-q2-update.win32_1.4.0.202007081208/tools/bin/../lib/gcc/arm-none-eabi/7.3.1/../../../../arm-none-eabi/lib/thumb/v7-m/crt0.o (__libc_init_array)
c:/st/stm32cubeide_1.4.0/stm32cubeide/plugins/com.st.stm32cube.ide.mcu.externaltools.gnu-tools-for-stm32.7-2018-q2-update.win32_1.4.0.202007081208/tools/bin/../lib/gcc/arm-none-eabi/7.3.1/../../../../arm-none-eabi/lib/thumb/v7-m\libc_nano.a(lib_a-memset.o)
                              c:/st/stm32cubeide_1.4.0/stm32cubeide/plugins/com.st.stm32cube.ide.mcu.externaltools.gnu-tools-for-stm32.7-2018-q2-update.win32_1.4.0.202007081208/tools/bin/../lib/gcc/arm-none-eabi/7.3.1/../../../../arm-none-eabi/lib/thumb/v7-m/crt0.o (memset)

Allocating common symbols
Common symbol       size              file

GP_IRQ_CALLBACK     0x3c              Stm32_F103C6_Drivers/EXTI/Stm32_F103C6_EXTI_driver.o
PinCfg              0x4               Stm32_F103C6_Drivers/KEYPAD_DRIVER/keypad_driver.o
ch                  0x1               Src/main.o

Discarded input sections

 .text          0x0000000000000000        0x0 c:/st/stm32cubeide_1.4.0/stm32cubeide/plugins/com.st.stm32cube.ide.mcu.externaltools.gnu-tools-for-stm32.7-2018-q2-update.win32_1.4.0.202007081208/tools/bin/../lib/gcc/arm-none-eabi/7.3.1/thumb/v7-m/crti.o
 .data          0x0000000000000000        0x0 c:/st/stm32cubeide_1.4.0/stm32cubeide/plugins/com.st.stm32cube.ide.mcu.externaltools.gnu-tools-for-stm32.7-2018-q2-update.win32_1.4.0.202007081208/tools/bin/../lib/gcc/arm-none-eabi/7.3.1/thumb/v7-m/crti.o
 .bss           0x0000000000000000        0x0 c:/st/stm32cubeide_1.4.0/stm32cubeide/plugins/com.st.stm32cube.ide.mcu.externaltools.gnu-tools-for-stm32.7-2018-q2-update.win32_1.4.0.202007081208/tools/bin/../lib/gcc/arm-none-eabi/7.3.1/thumb/v7-m/crti.o
 .data          0x0000000000000000        0x4 c:/st/stm32cubeide_1.4.0/stm32cubeide/plugins/com.st.stm32cube.ide.mcu.externaltools.gnu-tools-for-stm32.7-2018-q2-update.win32_1.4.0.202007081208/tools/bin/../lib/gcc/arm-none-eabi/7.3.1/thumb/v7-m/crtbegin.o
 .text          0x0000000000000000       0x74 c:/st/stm32cubeide_1.4.0/stm32cubeide/plugins/com.st.stm32cube.ide.mcu.externaltools.gnu-tools-for-stm32.7-2018-q2-update.win32_1.4.0.202007081208/tools/bin/../lib/gcc/arm-none-eabi/7.3.1/../../../../arm-none-eabi/lib/thumb/v7-m/crt0.o
 .data          0x0000000000000000        0x0 c:/st/stm32cubeide_1.4.0/stm32cubeide/plugins/com.st.stm32cube.ide.mcu.externaltools.gnu-tools-for-stm32.7-2018-q2-update.win32_1.4.0.202007081208/tools/bin/../lib/gcc/arm-none-eabi/7.3.1/../../../../arm-none-eabi/lib/thumb/v7-m/crt0.o
 .bss           0x0000000000000000        0x0 c:/st/stm32cubeide_1.4.0/stm32cubeide/plugins/com.st.stm32cube.ide.mcu.externaltools.gnu-tools-for-stm32.7-2018-q2-update.win32_1.4.0.202007081208/tools/bin/../lib/gcc/arm-none-eabi/7.3.1/../../../../arm-none-eabi/lib/thumb/v7-m/crt0.o
[...]
Memory Configuration

Name             Origin             Length             Attributes
RAM              0x0000000020000000 0x0000000000002800 xrw
ROM              0x0000000008000000 0x0000000000008000 xr
*default*        0x0000000000000000 0xffffffffffffffff

Linker script and memory map

LOAD c:/st/stm32cubeide_1.4.0/stm32cubeide/plugins/com.st.stm32cube.ide.mcu.externaltools.gnu-tools-for-stm32.7-2018-q2-update.win32_1.4.0.202007081208/tools/bin/../lib/gcc/arm-none-eabi/7.3.1/thumb/v7-m/crti.o
LOAD c:/st/stm32cubeide_1.4.0/stm32cubeide/plugins/com.st.stm32cube.ide.mcu.externaltools.gnu-tools-for-stm32.7-2018-q2-update.win32_1.4.0.202007081208/tools/bin/../lib/gcc/arm-none-eabi/7.3.1/thumb/v7-m/crtbegin.o
LOAD c:/st/stm32cubeide_1.4.0/stm32cubeide/plugins/com.st.stm32cube.ide.mcu.externaltools.gnu-tools-for-stm32.7-2018-q2-update.win32_1.4.0.202007081208/tools/bin/../lib/gcc/arm-none-eabi/7.3.1/../../../../arm-none-eabi/lib/thumb/v7-m/crt0.o
LOAD Src/main.o
LOAD Src/syscalls.o
LOAD Src/sysmem.o
LOAD Startup/startup_stm32f103c6tx.o
LOAD Stm32_F103C6_Drivers/EXTI/Stm32_F103C6_EXTI_driver.o
LOAD Stm32_F103C6_Drivers/GPIO/Stm32_F103C6_gpio_driver.o
LOAD Stm32_F103C6_Drivers/KEYPAD_DRIVER/keypad_driver.o
LOAD Stm32_F103C6_Drivers/LCD_DRIVER/lcd_driver.o
LOAD Stm32_F103C6_Drivers/RCC/Stm32_F103C6_RCC_driver.o
LOAD Stm32_F103C6_Drivers/SPI/Stm32_F103C6_SPI_driver.o
LOAD Stm32_F103C6_Drivers/USART/Stm32_F103C6_USART_driver.o
START GROUP
LOAD c:/st/stm32cubeide_1.4.0/stm32cubeide/plugins/com.st.stm32cube.ide.mcu.externaltools.gnu-tools-for-stm32.7-2018-q2-update.win32_1.4.0.202007081208/tools/bin/../lib/gcc/arm-none-eabi/7.3.1/../../../../arm-none-eabi/lib/thumb/v7-m\libc_nano.a
LOAD c:/st/stm32cubeide_1.4.0/stm32cubeide/plugins/com.st.stm32cube.ide.mcu.externaltools.gnu-tools-for-stm32.7-2018-q2-update.win32_1.4.0.202007081208/tools/bin/../lib/gcc/arm-none-eabi/7.3.1/../../../../arm-none-eabi/lib/thumb/v7-m\libm.a
END GROUP
START GROUP
LOAD c:/st/stm32cubeide_1.4.0/stm32cubeide/plugins/com.st.stm32cube.ide.mcu.externaltools.gnu-tools-for-stm32.7-2018-q2-update.win32_1.4.0.202007081208/tools/bin/../lib/gcc/arm-none-eabi/7.3.1/thumb/v7-m\libgcc.a
LOAD c:/st/stm32cubeide_1.4.0/stm32cubeide/plugins/com.st.stm32cube.ide.mcu.externaltools.gnu-tools-for-stm32.7-2018-q2-update.win32_1.4.0.202007081208/tools/bin/../lib/gcc/arm-none-eabi/7.3.1/../../../../arm-none-eabi/lib/thumb/v7-m\libg_nano.a
LOAD c:/st/stm32cubeide_1.4.0/stm32cubeide/plugins/com.st.stm32cube.ide.mcu.externaltools.gnu-tools-for-stm32.7-2018-q2-update.win32_1.4.0.202007081208/tools/bin/../lib/gcc/arm-none-eabi/7.3.1/../../../../arm-none-eabi/lib/thumb/v7-m\libc_nano.a
END GROUP
START GROUP
LOAD c:/st/stm32cubeide_1.4.0/stm32cubeide/plugins/com.st.stm32cube.ide.mcu.externaltools.gnu-tools-for-stm32.7-2018-q2-update.win32_1.4.0.202007081208/tools/bin/../lib/gcc/arm-none-eabi/7.3.1/thumb/v7-m\libgcc.a
LOAD c:/st/stm32cubeide_1.4.0/stm32cubeide/plugins/com.st.stm32cube.ide.mcu.externaltools.gnu-tools-for-stm32.7-2018-q2-update.win32_1.4.0.202007081208/tools/bin/../lib/gcc/arm-none-eabi/7.3.1/../../../../arm-none-eabi/lib/thumb/v7-m\libc_nano.a
LOAD c:/st/stm32cubeide_1.4.0/stm32cubeide/plugins/com.st.stm32cube.ide.mcu.externaltools.gnu-tools-for-stm32.7-2018-q2-update.win32_1.4.0.202007081208/tools/bin/../lib/gcc/arm-none-eabi/7.3.1/../../../../arm-none-eabi/lib/thumb/v7-m\libnosys.a
END GROUP
START GROUP
LOAD c:/st/stm32cubeide_1.4.0/stm32cubeide/plugins/com.st.stm32cube.ide.mcu.externaltools.gnu-tools-for-stm32.7-2018-q2-update.win32_1.4.0.202007081208/tools/bin/../lib/gcc/arm-none-eabi/7.3.1/thumb/v7-m\libgcc.a
LOAD c:/st/stm32cubeide_1.4.0/stm32cubeide/plugins/com.st.stm32cube.ide.mcu.externaltools.gnu-tools-for-stm32.7-2018-q2-update.win32_1.4.0.202007081208/tools/bin/../lib/gcc/arm-none-eabi/7.3.1/../../../../arm-none-eabi/lib/thumb/v7-m\libc_nano.a
LOAD c:/st/stm32cubeide_1.4.0/stm32cubeide/plugins/com.st.stm32cube.ide.mcu.externaltools.gnu-tools-for-stm32.7-2018-q2-update.win32_1.4.0.202007081208/tools/bin/../lib/gcc/arm-none-eabi/7.3.1/../../../../arm-none-eabi/lib/thumb/v7-m\libnosys.a
END GROUP
LOAD c:/st/stm32cubeide_1.4.0/stm32cubeide/plugins/com.st.stm32cube.ide.mcu.externaltools.gnu-tools-for-stm32.7-2018-q2-update.win32_1.4.0.202007081208/tools/bin/../lib/gcc/arm-none-eabi/7.3.1/thumb/v7-m/crtend.o
LOAD c:/st/stm32cubeide_1.4.0/stm32cubeide/plugins/com.st.stm32cube.ide.mcu.externaltools.gnu-tools-for-stm32.7-2018-q2-update.win32_1.4.0.202007081208/tools/bin/../lib/gcc/arm-none-eabi/7.3.1/thumb/v7-m/crtn.o
                0x0000000020002800                _estack = (ORIGIN (RAM) + LENGTH (RAM))
                0x0000000000000200                _Min_Heap_Size = 0x200
                0x0000000000000400                _Min_Stack_Size = 0x400

.isr_vector     0x0000000008000000      0x130
                0x0000000008000000                . = ALIGN (0x4)
 *(.isr_vector)
 .isr_vector    0x0000000008000000      0x130 Startup/startup_stm32f103c6tx.o
                0x0000000008000000                g_pfnVectors
                0x0000000008000130                . = ALIGN (0x4)

.text           0x0000000008000130      0xd88
                0x0000000008000130                . = ALIGN (0x4)
 *(.text)
 .text          0x0000000008000130       0x40 c:/st/stm32cubeide_1.4.0/stm32cubeide/plugins/com.st.stm32cube.ide.mcu.externaltools.gnu-tools-for-stm32.7-2018-q2-update.win32_1.4.0.202007081208/tools/bin/../lib/gcc/arm-none-eabi/7.3.1/thumb/v7-m/crtbegin.o
 *(.text*)
 .text.clock_init
                0x0000000008000170       0x34 Src/main.o
                0x0000000008000170                clock_init
 .text.UART_IRQ_Callback
                0x00000000080001a4       0x4c Src/main.o
                0x00000000080001a4                UART_IRQ_Callback
 .text.main     0x00000000080001f0       0xb4 Src/main.o
                0x00000000080001f0                main
 .text.Reset_Handler
                0x00000000080002a4       0x50 Startup/startup_stm32f103c6tx.o
                0x00000000080002a4                Reset_Handler
 .text.Default_Handler
                0x00000000080002f4        0x2 Startup/startup_stm32f103c6tx.o
                0x00000000080002f4                TIM8_TRG_COM_IRQHandler
                0x00000000080002f4                TIM8_CC_IRQHandler
                0x00000000080002f4                DebugMon_Handler
                0x00000000080002f4                TIM1_CC_IRQHandler
                0x00000000080002f4                HardFault_Handler
                0x00000000080002f4                TIM6_IRQHandler
                0x00000000080002f4                SysTick_Handler
                0x00000000080002f4                PVD_IRQHandler
                0x00000000080002f4                SDIO_IRQHandler
                0x00000000080002f4                PendSV_Handler
                0x00000000080002f4                NMI_Handler
                0x00000000080002f4                USB_HP_CAN_TX_IRQHandler
                0x00000000080002f4                I2C2_EV_IRQHandler
                0x00000000080002f4                UsageFault_Handler
                0x00000000080002f4                ADC1_2_IRQHandler
                0x00000000080002f4                CAN_SCE_IRQHandler
                0x00000000080002f4                TAMPER_IRQHandler
                0x00000000080002f4                TIM8_UP_IRQHandler
                0x00000000080002f4                DMA2_Channel2_IRQHandler
                0x00000000080002f4                DMA1_Channel4_IRQHandler
                0x00000000080002f4                RTC_IRQHandler
                0x00000000080002f4                DMA1_Channel7_IRQHandler
                0x00000000080002f4                UART5_IRQHandler
                0x00000000080002f4                ADC3_IRQHandler
                0x00000000080002f4                TIM4_IRQHandler
                0x00000000080002f4                CAN_RX1_IRQHandler
                0x00000000080002f4                DMA2_Channel1_IRQHandler
                0x00000000080002f4                I2C1_EV_IRQHandler
                0x00000000080002f4                DMA1_Channel6_IRQHandler
                0x00000000080002f4                UART4_IRQHandler
                0x00000000080002f4                TIM3_IRQHandler
                0x00000000080002f4                RCC_IRQHandler
                0x00000000080002f4                TIM1_TRG_COM_IRQHandler
                0x00000000080002f4                DMA1_Channel1_IRQHandler
                0x00000000080002f4                Default_Handler
                0x00000000080002f4                TIM7_IRQHandler
                0x00000000080002f4                TIM5_IRQHandler
                0x00000000080002f4                USB_LP_CAN_RX0_IRQHandler
                0x00000000080002f4                MemManage_Handler
                0x00000000080002f4                SVC_Handler
                0x00000000080002f4                DMA1_Channel5_IRQHandler
                0x00000000080002f4                DMA1_Channel3_IRQHandler
                0x00000000080002f4                FSMC_IRQHandler
                0x00000000080002f4                TIM1_UP_IRQHandler
                0x00000000080002f4                WWDG_IRQHandler
                0x00000000080002f4                TIM2_IRQHandler
                0x00000000080002f4                TIM1_BRK_IRQHandler
                0x00000000080002f4                RTCAlarm_IRQHandler
                0x00000000080002f4                DMA2_Channel4_5_IRQHandler
                0x00000000080002f4                I2C2_ER_IRQHandler
                0x00000000080002f4                DMA1_Channel2_IRQHandler
                0x00000000080002f4                TIM8_BRK_IRQHandler
                0x00000000080002f4                FLASH_IRQHandler
                0x00000000080002f4                BusFault_Handler
                0x00000000080002f4                SPI3_IRQHandler
                0x00000000080002f4                I2C1_ER_IRQHandler
                0x00000000080002f4                DMA2_Channel3_IRQHandler
 *fill*         0x00000000080002f6        0x2 
 .text.EXTI0_IRQHandler
                0x00000000080002f8       0x24 Stm32_F103C6_Drivers/EXTI/Stm32_F103C6_EXTI_driver.o
                0x00000000080002f8                EXTI0_IRQHandler
 .text.EXTI1_IRQHandler
                0x000000000800031c       0x24 Stm32_F103C6_Drivers/EXTI/Stm32_F103C6_EXTI_driver.o
                0x000000000800031c                EXTI1_IRQHandler
 .text.EXTI2_IRQHandler
                0x0000000008000340       0x24 Stm32_F103C6_Drivers/EXTI/Stm32_F103C6_EXTI_driver.o
                0x0000000008000340                EXTI2_IRQHandler
 .text.EXTI3_IRQHandler
                0x0000000008000364       0x24 Stm32_F103C6_Drivers/EXTI/Stm32_F103C6_EXTI_driver.o
                0x0000000008000364                EXTI3_IRQHandler
 .text.EXTI4_IRQHandler
                0x0000000008000388       0x24 Stm32_F103C6_Drivers/EXTI/Stm32_F103C6_EXTI_driver.o
                0x0000000008000388                EXTI4_IRQHandler
 .text.EXTI9_5_IRQHandler
                0x00000000080003ac       0xa8 Stm32_F103C6_Drivers/EXTI/Stm32_F103C6_EXTI_driver.o
                0x00000000080003ac                EXTI9_5_IRQHandler
 .text.EXTI15_10_IRQHandler
                0x0000000008000454       0xc4 Stm32_F103C6_Drivers/EXTI/Stm32_F103C6_EXTI_driver.o
                0x0000000008000454                EXTI15_10_IRQHandler
 .text.Get_CRLH_Position
                0x0000000008000518       0xc6 Stm32_F103C6_Drivers/GPIO/Stm32_F103C6_gpio_driver.o
                0x0000000008000518                Get_CRLH_Position
 .text.MCAL_GPIO_Init
                0x00000000080005de       0xfe Stm32_F103C6_Drivers/GPIO/Stm32_F103C6_gpio_driver.o
                0x00000000080005de                MCAL_GPIO_Init
 .text.MCAL_GPIO_WritePin
                0x00000000080006dc       0x3c Stm32_F103C6_Drivers/GPIO/Stm32_F103C6_gpio_driver.o
                0x00000000080006dc                MCAL_GPIO_WritePin
 .text.MCAL_RCC_GetSYSFreq
                0x0000000008000718       0x3c Stm32_F103C6_Drivers/RCC/Stm32_F103C6_RCC_driver.o
                0x0000000008000718                MCAL_RCC_GetSYSFreq
 .text.MCAL_RCC_GetHCLFreq
                0x0000000008000754       0x28 Stm32_F103C6_Drivers/RCC/Stm32_F103C6_RCC_driver.o
                0x0000000008000754                MCAL_RCC_GetHCLFreq
 .text.MCAL_RCC_GetPCLK1Freq
                0x000000000800077c       0x28 Stm32_F103C6_Drivers/RCC/Stm32_F103C6_RCC_driver.o
                0x000000000800077c                MCAL_RCC_GetPCLK1Freq
 .text.MCAL_RCC_GetPCLK2Freq
                0x00000000080007a4       0x28 Stm32_F103C6_Drivers/RCC/Stm32_F103C6_RCC_driver.o
                0x00000000080007a4                MCAL_RCC_GetPCLK2Freq
 .text.MCAL_SPI_Init
                0x00000000080007cc      0x118 Stm32_F103C6_Drivers/SPI/Stm32_F103C6_SPI_driver.o
                0x00000000080007cc                MCAL_SPI_Init
 .text.MCAL_SPI_TX_RX
                0x00000000080008e4       0x54 Stm32_F103C6_Drivers/SPI/Stm32_F103C6_SPI_driver.o
                0x00000000080008e4                MCAL_SPI_TX_RX
 .text.SPI1_IRQHandler
                0x0000000008000938       0x1c Stm32_F103C6_Drivers/SPI/Stm32_F103C6_SPI_driver.o
                0x0000000008000938                SPI1_IRQHandler
 .text.SPI2_IRQHandler
                0x0000000008000954       0x1c Stm32_F103C6_Drivers/SPI/Stm32_F103C6_SPI_driver.o
                0x0000000008000954                SPI2_IRQHandler
 .text.MCAL_SPI_GPIO_SetPins
                0x0000000008000970      0x1e8 Stm32_F103C6_Drivers/SPI/Stm32_F103C6_SPI_driver.o
                0x0000000008000970                MCAL_SPI_GPIO_SetPins
 .text.MCAL_UART_Init
                0x0000000008000b58      0x16c Stm32_F103C6_Drivers/USART/Stm32_F103C6_USART_driver.o
                0x0000000008000b58                MCAL_UART_Init
 .text.MCAL_UART_SendData
                0x0000000008000cc4       0x36 Stm32_F103C6_Drivers/USART/Stm32_F103C6_USART_driver.o
                0x0000000008000cc4                MCAL_UART_SendData
 *fill*         0x0000000008000cfa        0x2 
 .text.MCAL_UART_ReceiveData
                0x0000000008000cfc       0x58 Stm32_F103C6_Drivers/USART/Stm32_F103C6_USART_driver.o
                0x0000000008000cfc                MCAL_UART_ReceiveData
 .text.MCAL_UART_SetPins
                0x0000000008000d54       0xc8 Stm32_F103C6_Drivers/USART/Stm32_F103C6_USART_driver.o
                0x0000000008000d54                MCAL_UART_SetPins
 .text.USART1_IRQHandler
                0x0000000008000e1c       0x14 Stm32_F103C6_Drivers/USART/Stm32_F103C6_USART_driver.o
                0x0000000008000e1c                USART1_IRQHandler
 .text.USART2_IRQHandler
                0x0000000008000e30       0x14 Stm32_F103C6_Drivers/USART/Stm32_F103C6_USART_driver.o
                0x0000000008000e30                USART2_IRQHandler
 .text.USART3_IRQHandler
                0x0000000008000e44       0x14 Stm32_F103C6_Drivers/USART/Stm32_F103C6_USART_driver.o
                0x0000000008000e44                USART3_IRQHandler
 .text.__libc_init_array
                0x0000000008000e58       0x48 c:/st/stm32cubeide_1.4.0/stm32cubeide/plugins/com.st.stm32cube.ide.mcu.externaltools.gnu-tools-for-stm32.7-2018-q2-update.win32_1.4.0.202007081208/tools/bin/../lib/gcc/arm-none-eabi/7.3.1/../../../../arm-none-eabi/lib/thumb/v7-m\libc_nano.a(lib_a-init.o)
                0x0000000008000e58                __libc_init_array
 *(.glue_7)
 .glue_7        0x0000000008000ea0        0x0 linker stubs
 *(.glue_7t)
 .glue_7t       0x0000000008000ea0        0x0 linker stubs
 *(.eh_frame)
 .eh_frame      0x0000000008000ea0        0x0 c:/st/stm32cubeide_1.4.0/stm32cubeide/plugins/com.st.stm32cube.ide.mcu.externaltools.gnu-tools-for-stm32.7-2018-q2-update.win32_1.4.0.202007081208/tools/bin/../lib/gcc/arm-none-eabi/7.3.1/thumb/v7-m/crtbegin.o
 *(.init)
 .init          0x0000000008000ea0        0x4 c:/st/stm32cubeide_1.4.0/stm32cubeide/plugins/com.st.stm32cube.ide.mcu.externaltools.gnu-tools-for-stm32.7-2018-q2-update.win32_1.4.0.202007081208/tools/bin/../lib/gcc/arm-none-eabi/7.3.1/thumb/v7-m/crti.o
                0x0000000008000ea0                _init
 .init          0x0000000008000ea4        0x8 c:/st/stm32cubeide_1.4.0/stm32cubeide/plugins/com.st.stm32cube.ide.mcu.externaltools.gnu-tools-for-stm32.7-2018-q2-update.win32_1.4.0.202007081208/tools/bin/../lib/gcc/arm-none-eabi/7.3.1/thumb/v7-m/crtn.o
 *(.fini)
 .fini          0x0000000008000eac        0x4 c:/st/stm32cubeide_1.4.0/stm32cubeide/plugins/com.st.stm32cube.ide.mcu.externaltools.gnu-tools-for-stm32.7-2018-q2-update.win32_1.4.0.202007081208/tools/bin/../lib/gcc/arm-none-eabi/7.3.1/thumb/v7-m/crti.o
                0x0000000008000eac                _fini
 .fini          0x0000000008000eb0        0x8 c:/st/stm32cubeide_1.4.0/stm32cubeide/plugins/com.st.stm32cube.ide.mcu.externaltools.gnu-tools-for-stm32.7-2018-q2-update.win32_1.4.0.202007081208/tools/bin/../lib/gcc/arm-none-eabi/7.3.1/thumb/v7-m/crtn.o
                0x0000000008000eb8                . = ALIGN (0x4)
                0x0000000008000eb8                _etext = .

.vfp11_veneer   0x0000000008000eb8        0x0
 .vfp11_veneer  0x0000000008000eb8        0x0 linker stubs

.v4_bx          0x0000000008000eb8        0x0
 .v4_bx         0x0000000008000eb8        0x0 linker stubs

.iplt           0x0000000008000eb8        0x0
 .iplt          0x0000000008000eb8        0x0 c:/st/stm32cubeide_1.4.0/stm32cubeide/plugins/com.st.stm32cube.ide.mcu.externaltools.gnu-tools-for-stm32.7-2018-q2-update.win32_1.4.0.202007081208/tools/bin/../lib/gcc/arm-none-eabi/7.3.1/thumb/v7-m/crtbegin.o

.rodata         0x0000000008000eb8       0x20
                0x0000000008000eb8                . = ALIGN (0x4)
 *(.rodata)
 *(.rodata*)
 .rodata.APB1_PrescTable
                0x0000000008000eb8        0x8 Stm32_F103C6_Drivers/RCC/Stm32_F103C6_RCC_driver.o
                0x0000000008000eb8                APB1_PrescTable
 .rodata.APB2_PrescTable
                0x0000000008000ec0        0x8 Stm32_F103C6_Drivers/RCC/Stm32_F103C6_RCC_driver.o
                0x0000000008000ec0                APB2_PrescTable
 .rodata.AHB_PrescTable
                0x0000000008000ec8       0x10 Stm32_F103C6_Drivers/RCC/Stm32_F103C6_RCC_driver.o
                0x0000000008000ec8                AHB_PrescTable
                0x0000000008000ed8                . = ALIGN (0x4)

.rel.dyn        0x0000000008000ed8        0x0
 .rel.iplt      0x0000000008000ed8        0x0 c:/st/stm32cubeide_1.4.0/stm32cubeide/plugins/com.st.stm32cube.ide.mcu.externaltools.gnu-tools-for-stm32.7-2018-q2-update.win32_1.4.0.202007081208/tools/bin/../lib/gcc/arm-none-eabi/7.3.1/thumb/v7-m/crtbegin.o

.ARM.extab      0x0000000008000ed8        0x0
                0x0000000008000ed8                . = ALIGN (0x4)
 *(.ARM.extab* .gnu.linkonce.armextab.*)
                0x0000000008000ed8                . = ALIGN (0x4)

.ARM            0x0000000008000ed8        0x0
                0x0000000008000ed8                . = ALIGN (0x4)
                0x0000000008000ed8                __exidx_start = .
 *(.ARM.exidx*)
                0x0000000008000ed8                __exidx_end = .
                0x0000000008000ed8                . = ALIGN (0x4)

.preinit_array  0x0000000008000ed8        0x0
                0x0000000008000ed8                . = ALIGN (0x4)
                0x0000000008000ed8                PROVIDE (__preinit_array_start = .)
 *(.preinit_array*)
                0x0000000008000ed8                PROVIDE (__preinit_array_end = .)
                0x0000000008000ed8                . = ALIGN (0x4)

.init_array     0x0000000008000ed8        0x4
                0x0000000008000ed8                . = ALIGN (0x4)
                0x0000000008000ed8                PROVIDE (__init_array_start = .)
 *(SORT_BY_NAME(.init_array.*))
 *(.init_array*)
 .init_array    0x0000000008000ed8        0x4 c:/st/stm32cubeide_1.4.0/stm32cubeide/plugins/com.st.stm32cube.ide.mcu.externaltools.gnu-tools-for-stm32.7-2018-q2-update.win32_1.4.0.202007081208/tools/bin/../lib/gcc/arm-none-eabi/7.3.1/thumb/v7-m/crtbegin.o
                0x0000000008000edc                PROVIDE (__init_array_end = .)
                0x0000000008000edc                . = ALIGN (0x4)

.fini_array     0x0000000008000edc        0x4
                0x0000000008000edc                . = ALIGN (0x4)
                [!provide]                        PROVIDE (__fini_array_start = .)
 *(SORT_BY_NAME(.fini_array.*))
 *(.fini_array*)
 .fini_array    0x0000000008000edc        0x4 c:/st/stm32cubeide_1.4.0/stm32cubeide/plugins/com.st.stm32cube.ide.mcu.externaltools.gnu-tools-for-stm32.7-2018-q2-update.win32_1.4.0.202007081208/tools/bin/../lib/gcc/arm-none-eabi/7.3.1/thumb/v7-m/crtbegin.o
                [!provide]                        PROVIDE (__fini_array_end = .)
                0x0000000008000ee0                . = ALIGN (0x4)
                0x0000000008000ee0                _sidata = LOADADDR (.data)

.data           0x0000000020000000        0x0 load address 0x0000000008000ee0
                0x0000000020000000                . = ALIGN (0x4)
                0x0000000020000000                _sdata = .
 *(.data)
 *(.data*)
                0x0000000020000000                . = ALIGN (0x4)
                0x0000000020000000                _edata = .

.igot.plt       0x0000000020000000        0x0 load address 0x0000000008000ee0
 .igot.plt      0x0000000020000000        0x0 c:/st/stm32cubeide_1.4.0/stm32cubeide/plugins/com.st.stm32cube.ide.mcu.externaltools.gnu-tools-for-stm32.7-2018-q2-update.win32_1.4.0.202007081208/tools/bin/../lib/gcc/arm-none-eabi/7.3.1/thumb/v7-m/crtbegin.o
                0x0000000020000000                . = ALIGN (0x4)

.bss            0x0000000020000000       0x68 load address 0x0000000008000ee0
                0x0000000020000000                _sbss = .
                0x0000000020000000                __bss_start__ = _sbss
 *(.bss)
 .bss           0x0000000020000000       0x1c c:/st/stm32cubeide_1.4.0/stm32cubeide/plugins/com.st.stm32cube.ide.mcu.externaltools.gnu-tools-for-stm32.7-2018-q2-update.win32_1.4.0.202007081208/tools/bin/../lib/gcc/arm-none-eabi/7.3.1/thumb/v7-m/crtbegin.o
 *(.bss*)
 .bss.Global_SPI_Config
                0x000000002000001c        0x8 Stm32_F103C6_Drivers/SPI/Stm32_F103C6_SPI_driver.o
                0x000000002000001c                Global_SPI_Config
 .bss.Global_UART_config
                0x0000000020000024        0x4 Stm32_F103C6_Drivers/USART/Stm32_F103C6_USART_driver.o
                0x0000000020000024                Global_UART_config
 *(COMMON)
 COMMON         0x0000000020000028        0x1 Src/main.o
                0x0000000020000028                ch
 *fill*         0x0000000020000029        0x3 
 COMMON         0x000000002000002c       0x3c Stm32_F103C6_Drivers/EXTI/Stm32_F103C6_EXTI_driver.o
                0x000000002000002c                GP_IRQ_CALLBACK
                0x0000000020000068                . = ALIGN (0x4)
                0x0000000020000068                _ebss = .
                0x0000000020000068                __bss_end__ = _ebss

._user_heap_stack
                0x0000000020000068      0x600 load address 0x0000000008000ee0
                0x0000000020000068                . = ALIGN (0x8)
                [!provide]                        PROVIDE (end = .)
                0x0000000020000068                PROVIDE (_end = .)
                0x0000000020000268                . = (. + _Min_Heap_Size)
 *fill*         0x0000000020000068      0x200 
                0x0000000020000668                . = (. + _Min_Stack_Size)
 *fill*         0x0000000020000268      0x400 
                0x0000000020000668                . = ALIGN (0x8)

/DISCARD/
 libc.a(*)
 libm.a(*)
 libgcc.a(*)

.ARM.attributes
                0x0000000000000000       0x29
 *(.ARM.attributes)
 .ARM.attributes
                0x0000000000000000       0x1d c:/st/stm32cubeide_1.4.0/stm32cubeide/plugins/com.st.stm32cube.ide.mcu.externaltools.gnu-tools-for-stm32.7-2018-q2-update.win32_1.4.0.202007081208/tools/bin/../lib/gcc/arm-none-eabi/7.3.1/thumb/v7-m/crti.o
 .ARM.attributes
                0x000000000000001d       0x2d c:/st/stm32cubeide_1.4.0/stm32cubeide/plugins/com.st.stm32cube.ide.mcu.externaltools.gnu-tools-for-stm32.7-2018-q2-update.win32_1.4.0.202007081208/tools/bin/../lib/gcc/arm-none-eabi/7.3.1/thumb/v7-m/crtbegin.o
 .ARM.attributes
                0x000000000000004a       0x33 Src/main.o
 .ARM.attributes
                0x000000000000007d       0x21 Startup/startup_stm32f103c6tx.o
 .ARM.attributes
                0x000000000000009e       0x33 Stm32_F103C6_Drivers/EXTI/Stm32_F103C6_EXTI_driver.o
 .ARM.attributes
                0x00000000000000d1       0x33 Stm32_F103C6_Drivers/GPIO/Stm32_F103C6_gpio_driver.o
 .ARM.attributes
                0x0000000000000104       0x33 Stm32_F103C6_Drivers/RCC/Stm32_F103C6_RCC_driver.o
 .ARM.attributes
                0x0000000000000137       0x33 Stm32_F103C6_Drivers/SPI/Stm32_F103C6_SPI_driver.o
 .ARM.attributes
                0x000000000000016a       0x33 Stm32_F103C6_Drivers/USART/Stm32_F103C6_USART_driver.o
 .ARM.attributes
                0x000000000000019d       0x2d c:/st/stm32cubeide_1.4.0/stm32cubeide/plugins/com.st.stm32cube.ide.mcu.externaltools.gnu-tools-for-stm32.7-2018-q2-update.win32_1.4.0.202007081208/tools/bin/../lib/gcc/arm-none-eabi/7.3.1/../../../../arm-none-eabi/lib/thumb/v7-m\libc_nano.a(lib_a-init.o)
 .ARM.attributes
                0x00000000000001ca       0x1d c:/st/stm32cubeide_1.4.0/stm32cubeide/plugins/com.st.stm32cube.ide.mcu.externaltools.gnu-tools-for-stm32.7-2018-q2-update.win32_1.4.0.202007081208/tools/bin/../lib/gcc/arm-none-eabi/7.3.1/thumb/v7-m/crtn.o
OUTPUT(Drivers.elf elf32-littlearm)

.debug_info     0x0000000000000000     0x516f
 .debug_info    0x0000000000000000      0xe64 Src/main.o
 .debug_info    0x0000000000000e64       0x22 Startup/startup_stm32f103c6tx.o
 .debug_info    0x0000000000000e86      0xdbb Stm32_F103C6_Drivers/EXTI/Stm32_F103C6_EXTI_driver.o
 .debug_info    0x0000000000001c41      0xd4f Stm32_F103C6_Drivers/GPIO/Stm32_F103C6_gpio_driver.o
 .debug_info    0x0000000000002990      0xb1b Stm32_F103C6_Drivers/RCC/Stm32_F103C6_RCC_driver.o
 .debug_info    0x00000000000034ab      0xecd Stm32_F103C6_Drivers/SPI/Stm32_F103C6_SPI_driver.o
 .debug_info    0x0000000000004378      0xdf7 Stm32_F103C6_Drivers/USART/Stm32_F103C6_USART_driver.o

.debug_abbrev   0x0000000000000000      0xbed
 .debug_abbrev  0x0000000000000000      0x206 Src/main.o
 .debug_abbrev  0x0000000000000206       0x12 Startup/startup_stm32f103c6tx.o
 .debug_abbrev  0x0000000000000218      0x219 Stm32_F103C6_Drivers/EXTI/Stm32_F103C6_EXTI_driver.o
 .debug_abbrev  0x0000000000000431      0x1de Stm32_F103C6_Drivers/GPIO/Stm32_F103C6_gpio_driver.o
 .debug_abbrev  0x000000000000060f      0x19b Stm32_F103C6_Drivers/RCC/Stm32_F103C6_RCC_driver.o
 .debug_abbrev  0x00000000000007aa      0x217 Stm32_F103C6_Drivers/SPI/Stm32_F103C6_SPI_driver.o
 .debug_abbrev  0x00000000000009c1      0x22c Stm32_F103C6_Drivers/USART/Stm32_F103C6_USART_driver.o

.debug_loc      0x0000000000000000      0xd10
 .debug_loc     0x0000000000000000       0xa8 Src/main.o
 .debug_loc     0x00000000000000a8      0x320 Stm32_F103C6_Drivers/EXTI/Stm32_F103C6_EXTI_driver.o
 .debug_loc     0x00000000000003c8      0x330 Stm32_F103C6_Drivers/GPIO/Stm32_F103C6_gpio_driver.o
 .debug_loc     0x00000000000006f8       0xc8 Stm32_F103C6_Drivers/RCC/Stm32_F103C6_RCC_driver.o
 .debug_loc     0x00000000000007c0      0x2bc Stm32_F103C6_Drivers/SPI/Stm32_F103C6_SPI_driver.o
 .debug_loc     0x0000000000000a7c      0x294 Stm32_F103C6_Drivers/USART/Stm32_F103C6_USART_driver.o

.debug_aranges  0x0000000000000000      0x228
 .debug_aranges
                0x0000000000000000       0x30 Src/main.o
 .debug_aranges
                0x0000000000000030       0x28 Startup/startup_stm32f103c6tx.o
 .debug_aranges
                0x0000000000000058       0x80 Stm32_F103C6_Drivers/EXTI/Stm32_F103C6_EXTI_driver.o
 .debug_aranges
                0x00000000000000d8       0x60 Stm32_F103C6_Drivers/GPIO/Stm32_F103C6_gpio_driver.o
 .debug_aranges
                0x0000000000000138       0x38 Stm32_F103C6_Drivers/RCC/Stm32_F103C6_RCC_driver.o
 .debug_aranges
                0x0000000000000170       0x58 Stm32_F103C6_Drivers/SPI/Stm32_F103C6_SPI_driver.o
 .debug_aranges
                0x00000000000001c8       0x60 Stm32_F103C6_Drivers/USART/Stm32_F103C6_USART_driver.o

.debug_ranges   0x0000000000000000      0x1c0
 .debug_ranges  0x0000000000000000       0x20 Src/main.o
 .debug_ranges  0x0000000000000020       0x20 Startup/startup_stm32f103c6tx.o
 .debug_ranges  0x0000000000000040       0x70 Stm32_F103C6_Drivers/EXTI/Stm32_F103C6_EXTI_driver.o
 .debug_ranges  0x00000000000000b0       0x50 Stm32_F103C6_Drivers/GPIO/Stm32_F103C6_gpio_driver.o
 .debug_ranges  0x0000000000000100       0x28 Stm32_F103C6_Drivers/RCC/Stm32_F103C6_RCC_driver.o
 .debug_ranges  0x0000000000000128       0x48 Stm32_F103C6_Drivers/SPI/Stm32_F103C6_SPI_driver.o
 .debug_ranges  0x0000000000000170       0x50 Stm32_F103C6_Drivers/USART/Stm32_F103C6_USART_driver.o

.debug_macro    0x0000000000000000     0x2915
 .debug_macro   0x0000000000000000      0x18f Src/main.o
 .debug_macro   0x000000000000018f      0xa60 Src/main.o
 .debug_macro   0x0000000000000bef       0x18 Src/main.o
 .debug_macro   0x0000000000000c07       0x22 Src/main.o
 .debug_macro   0x0000000000000c29       0x40 Src/main.o
 .debug_macro   0x0000000000000c69       0x94 Src/main.o
 .debug_macro   0x0000000000000cfd       0x3c Src/main.o
 .debug_macro   0x0000000000000d39       0x34 Src/main.o
 .debug_macro   0x0000000000000d6d       0x16 Src/main.o
 .debug_macro   0x0000000000000d83      0x10e Src/main.o
 .debug_macro   0x0000000000000e91       0x8d Src/main.o
 .debug_macro   0x0000000000000f1e       0x57 Src/main.o
 .debug_macro   0x0000000000000f75       0x52 Src/main.o
 .debug_macro   0x0000000000000fc7       0x1f Src/main.o
 .debug_macro   0x0000000000000fe6       0x43 Src/main.o
 .debug_macro   0x0000000000001029       0x20 Src/main.o
 .debug_macro   0x0000000000001049      0x1a3 Src/main.o
 .debug_macro   0x00000000000011ec      0x330 Src/main.o
 .debug_macro   0x000000000000151c       0x16 Src/main.o
 .debug_macro   0x0000000000001532       0x29 Src/main.o
 .debug_macro   0x000000000000155b       0xef Src/main.o
 .debug_macro   0x000000000000164a       0x6a Src/main.o
 .debug_macro   0x00000000000016b4      0x1df Src/main.o
 .debug_macro   0x0000000000001893      0x2bb Src/main.o
 .debug_macro   0x0000000000001b4e       0xd0 Src/main.o
 .debug_macro   0x0000000000001c1e      0x21b Src/main.o
 .debug_macro   0x0000000000001e39       0x16 Src/main.o
 .debug_macro   0x0000000000001e4f       0xe2 Src/main.o
 .debug_macro   0x0000000000001f31       0xac Src/main.o
 .debug_macro   0x0000000000001fdd       0x40 Src/main.o
 .debug_macro   0x000000000000201d       0xc4 Src/main.o
 .debug_macro   0x00000000000020e1      0x152 Stm32_F103C6_Drivers/EXTI/Stm32_F103C6_EXTI_driver.o
 .debug_macro   0x0000000000002233       0xd6 Stm32_F103C6_Drivers/EXTI/Stm32_F103C6_EXTI_driver.o
 .debug_macro   0x0000000000002309      0x13f Stm32_F103C6_Drivers/GPIO/Stm32_F103C6_gpio_driver.o
 .debug_macro   0x0000000000002448      0x148 Stm32_F103C6_Drivers/RCC/Stm32_F103C6_RCC_driver.o
 .debug_macro   0x0000000000002590       0x10 Stm32_F103C6_Drivers/RCC/Stm32_F103C6_RCC_driver.o
 .debug_macro   0x00000000000025a0      0x160 Stm32_F103C6_Drivers/SPI/Stm32_F103C6_SPI_driver.o
 .debug_macro   0x0000000000002700       0xbe Stm32_F103C6_Drivers/SPI/Stm32_F103C6_SPI_driver.o
 .debug_macro   0x00000000000027be      0x157 Stm32_F103C6_Drivers/USART/Stm32_F103C6_USART_driver.o

.debug_line     0x0000000000000000     0x2719
 .debug_line    0x0000000000000000      0x616 Src/main.o
 .debug_line    0x0000000000000616       0x84 Startup/startup_stm32f103c6tx.o
 .debug_line    0x000000000000069a      0x72f Stm32_F103C6_Drivers/EXTI/Stm32_F103C6_EXTI_driver.o
 .debug_line    0x0000000000000dc9      0x672 Stm32_F103C6_Drivers/GPIO/Stm32_F103C6_gpio_driver.o
 .debug_line    0x000000000000143b      0x5b1 Stm32_F103C6_Drivers/RCC/Stm32_F103C6_RCC_driver.o
 .debug_line    0x00000000000019ec      0x697 Stm32_F103C6_Drivers/SPI/Stm32_F103C6_SPI_driver.o
 .debug_line    0x0000000000002083      0x696 Stm32_F103C6_Drivers/USART/Stm32_F103C6_USART_driver.o

.debug_str      0x0000000000000000     0xa95b
 .debug_str     0x0000000000000000     0xa258 Src/main.o
                                       0xa4c9 (size before relaxing)
 .debug_str     0x000000000000a258       0x31 Startup/startup_stm32f103c6tx.o
                                         0x52 (size before relaxing)
 .debug_str     0x000000000000a289      0x28e Stm32_F103C6_Drivers/EXTI/Stm32_F103C6_EXTI_driver.o
                                       0x9747 (size before relaxing)
 .debug_str     0x000000000000a517      0x121 Stm32_F103C6_Drivers/GPIO/Stm32_F103C6_gpio_driver.o
                                       0x8341 (size before relaxing)
 .debug_str     0x000000000000a638       0xb9 Stm32_F103C6_Drivers/RCC/Stm32_F103C6_RCC_driver.o
                                       0x82bc (size before relaxing)
 .debug_str     0x000000000000a6f1      0x15f Stm32_F103C6_Drivers/SPI/Stm32_F103C6_SPI_driver.o
                                       0x8942 (size before relaxing)
 .debug_str     0x000000000000a850      0x10b Stm32_F103C6_Drivers/USART/Stm32_F103C6_USART_driver.o
                                       0x89e6 (size before relaxing)

.comment        0x0000000000000000       0x7b
 .comment       0x0000000000000000       0x7b Src/main.o
                                         0x7c (size before relaxing)
 .comment       0x000000000000007b       0x7c Stm32_F103C6_Drivers/EXTI/Stm32_F103C6_EXTI_driver.o
 .comment       0x000000000000007b       0x7c Stm32_F103C6_Drivers/GPIO/Stm32_F103C6_gpio_driver.o
 .comment       0x000000000000007b       0x7c Stm32_F103C6_Drivers/RCC/Stm32_F103C6_RCC_driver.o
 .comment       0x000000000000007b       0x7c Stm32_F103C6_Drivers/SPI/Stm32_F103C6_SPI_driver.o
 .comment       0x000000000000007b       0x7c Stm32_F103C6_Drivers/USART/Stm32_F103C6_USART_driver.o

.debug_frame    0x0000000000000000      0x6d4
 .debug_frame   0x0000000000000000       0x6c Src/main.o
 .debug_frame   0x000000000000006c      0x1b0 Stm32_F103C6_Drivers/EXTI/Stm32_F103C6_EXTI_driver.o
 .debug_frame   0x000000000000021c      0x178 Stm32_F103C6_Drivers/GPIO/Stm32_F103C6_gpio_driver.o
 .debug_frame   0x0000000000000394       0x84 Stm32_F103C6_Drivers/RCC/Stm32_F103C6_RCC_driver.o
 .debug_frame   0x0000000000000418      0x144 Stm32_F103C6_Drivers/SPI/Stm32_F103C6_SPI_driver.o
 .debug_frame   0x000000000000055c      0x14c Stm32_F103C6_Drivers/USART/Stm32_F103C6_USART_driver.o
 .debug_frame   0x00000000000006a8       0x2c c:/st/stm32cubeide_1.4.0/stm32cubeide/plugins/com.st.stm32cube.ide.mcu.externaltools.gnu-tools-for-stm32.7-2018-q2-update.win32_1.4.0.202007081208/tools/bin/../lib/gcc/arm-none-eabi/7.3.1/../../../../arm-none-eabi/lib/thumb/v7-m\libc_nano.a(lib_a-init.o)
