Archive member included to satisfy reference by file (symbol)

c:/st/stm32cubeide_1.4.0/stm32cubeide/plugins/com.st.stm32cube.ide.mcu.externaltools.gnu-tools-for-stm32.7-2018-q2-update.win32_1.4.0.202007081208/tools/bin/../lib/gcc/arm-none-eabi/7.3.1/../../../../arm-none-eabi/lib/thumb/v7-m\libc_nano.a(lib_a-errno.o)
                              Src/syscalls.o (__errno)
c:/st/stm32cubeide_1.4.0/stm32cubeide/plugins/com.st.stm32cube.ide.mcu.externaltools.gnu-tools-for-stm32.7-2018-q2-update.win32_1.4.0.202007081208/tools/bin/../lib/gcc/arm-none-eabi/7.3.1/../../../../arm-none-eabi/lib/thumb/v7-m\libc_nano.a(lib_a-exit.o)
                              c:/st/stm32cubeide_1.4.0/stm32cubeide/plugins/com.st.stm32cube.ide.mcu.externaltools.gnu-tools-for-stm32.7-2018-q2-update.win32_1.4.0.202007081208/tools/bin/../lib/gcc/arm-none-eabi/7.3.1/../../../../arm-none-eabi/lib/thumb/v7-m/crt0.o (exit)
c:/st/stm32cubeide_1.4.0/stm32cubeide/plugins/com.st.stm32cube.ide.mcu.externaltools.gnu-tools-for-stm32.7-2018-q2-update.win32_1.4.0.202007081208/tools/bin/../lib/gcc/arm-none-eabi/7.3.1/../../../../arm-none-eabi/lib/thumb/v7-m\libc_nano.a(lib_a-impure.o)
                              c:/st/stm32cubeide_1.4.0/stm32cubeide/plugins/com.st.stm32cube.ide.mcu.externaltools.gnu-tools-for-stm32.7-2018-q2-update.win32_1.4.0.202007081208/tools/bin/../lib/gcc/arm-none-eabi/7.3.1/../../../../arm-none-eabi/lib/thumb/v7-m\libc_nano.a(lib_a-exit.o) (_global_impure_ptr)
c:/st/stm32cubeide_1.4.0/stm32cubeide/plugins/com.st.stm32cube.ide.mcu.externaltools.gnu-tools-for-stm32.7-2018-q2-update.win32_1.4.0.202007081208/tools/bin/../lib/gcc/arm-none-eabi/7.3.1/../../../../arm-none-eabi/lib/thumb/v7-m\libc_nano.a(lib_a-init.o)
                              c:/st/stm32cubeide_1.4.0/stm32cubeide/plugins/com.st.stm32cube.ide.mcu.externaltools.gnu-tools-for-stm32.7-2018-q2-update.win32_1.4.0.202007081208/tools/bin/../lib/gcc/arm-none-eabi/7.3.1/../../../../arm-none-eabi/lib/thumb/v7-m/crt0.o (__libc_init_array)
c:/st/stm32cubeide_1.4.0/stm32cubeide/plugins/com.st.stm32cube.ide.mcu.externaltools.gnu-tools-for-stm32.7-2018-q2-update.win32_1.4.0.202007081208/tools/bin/../lib/gcc/arm-none-eabi/7.3.1/../../../../arm-none-eabi/lib/thumb/v7-m\libc_nano.a(lib_a-memset.o)
                              c:/st/stm32cubeide_1.4.0/stm32cubeide/plugins/com.st.stm32cube.ide.mcu.externaltools.gnu-tools-for-stm32.7-2018-q2-update.win32_1.4.0.202007081208/tools/bin/../lib/gcc/arm-none-eabi/7.3.1/../../../../arm-none-eabi/lib/thumb/v7-m/crt0.o (memset)

Allocating common symbols
Common symbol       size              file

GP_IRQ_CALLBACK     0x3c              Stm32_F103C6_Drivers/EXTI/Stm32_F103C6_EXTI_driver.o
PinCfg              0x4               Stm32_F103C6_Drivers/KEYPAD_DRIVER/keypad_driver.o
ch                  0x1               Src/main.o

Discarded input sections

 .text          0x0000000000000000        0x0 c:/st/stm32cubeide_1.4.0/stm32cubeide/plugins/com.st.stm32cube.ide.mcu.externaltools.gnu-tools-for-stm32.7-2018-q2-update.win32_1.4.0.202007081208/tools/bin/../lib/gcc/arm-none-eabi/7.3.1/thumb/v7-m/crti.o
 .data          0x0000000000000000        0x0 c:/st/stm32cubeide_1.4.0/stm32cubeide/plugins/com.st.stm32cube.ide.mcu.externaltools.gnu-tools-for-stm32.7-2018-q2-update.win32_1.4.0.202007081208/tools/bin/../lib/gcc/arm-none-eabi/7.3.1/thumb/v7-m/crti.o
 .bss           0x0000000000000000        0x0 c:/st/stm32cubeide_1.4.0/stm32cubeide/plugins/com.st.stm32cube.ide.mcu.externaltools.gnu-tools-for-stm32.7-2018-q2-update.win32_1.4.0.202007081208/tools/bin/../lib/gcc/arm-none-eabi/7.3.1/thumb/v7-m/crti.o
 .data          0x0000000000000000        0x4 c:/st/stm32cubeide_1.4.0/stm32cubeide/plugins/com.st.stm32cube.ide.mcu.externaltools.gnu-tools-for-stm32.7-2018-q2-update.win32_1.4.0.202007081208/tools/bin/../lib/gcc/arm-none-eabi/7.3.1/thumb/v7-m/crtbegin.o
 .text          0x0000000000000000       0x74 c:/st/stm32cubeide_1.4.0/stm32cubeide/plugins/com.st.stm32cube.ide.mcu.externaltools.gnu-tools-for-stm32.7-2018-q2-update.win32_1.4.0.202007081208/tools/bin/../lib/gcc/arm-none-eabi/7.3.1/../../../../arm-none-eabi/lib/thumb/v7-m/crt0.o
 .data          0x0000000000000000        0x0 c:/st/stm32cubeide_1.4.0/stm32cubeide/plugins/com.st.stm32cube.ide.mcu.externaltools.gnu-tools-for-stm32.7-2018-q2-update.win32_1.4.0.202007081208/tools/bin/../lib/gcc/arm-none-eabi/7.3.1/../../../../arm-none-eabi/lib/thumb/v7-m/crt0.o
 .bss           0x0000000000000000        0x0 c:/st/stm32cubeide_1.4.0/stm32cubeide/plugins/com.st.stm32cube.ide.mcu.externaltools.gnu-tools-for-stm32.7-2018-q2-update.win32_1.4.0.202007081208/tools/bin/../lib/gcc/arm-none-eabi/7.3.1/../../../../arm-none-eabi/lib/thumb/v7-m/crt0.o
[...]
Memory Configuration

Name             Origin             Length             Attributes
RAM              0x0000000020000000 0x0000000000002800 xrw
ROM              0x0000000008000000 0x0000000000008000 xr
*default*        0x0000000000000000 0xffffffffffffffff

Linker script and memory map

LOAD c:/st/stm32cubeide_1.4.0/stm32cubeide/plugins/com.st.stm32cube.ide.mcu.externaltools.gnu-tools-for-stm32.7-2018-q2-update.win32_1.4.0.202007081208/tools/bin/../lib/gcc/arm-none-eabi/7.3.1/thumb/v7-m/crti.o
LOAD c:/st/stm32cubeide_1.4.0/stm32cubeide/plugins/com.st.stm32cube.ide.mcu.externaltools.gnu-tools-for-stm32.7-2018-q2-update.win32_1.4.0.202007081208/tools/bin/../lib/gcc/arm-none-eabi/7.3.1/thumb/v7-m/crtbegin.o
LOAD c:/st/stm32cubeide_1.4.0/stm32cubeide/plugins/com.st.stm32cube.ide.mcu.externaltools.gnu-tools-for-stm32.7-2018-q2-update.win32_1.4.0.202007081208/tools/bin/../lib/gcc/arm-none-eabi/7.3.1/../../../../arm-none-eabi/lib/thumb/v7-m/crt0.o
LOAD HAL/I2C_Slave_EEPROM.o
LOAD Src/main.o
LOAD Src/syscalls.o
LOAD Src/sysmem.o
LOAD Startup/startup_stm32f103c6tx.o
LOAD Stm32_F103C6_Drivers/EXTI/Stm32_F103C6_EXTI_driver.o
LOAD Stm32_F103C6_Drivers/GPIO/Stm32_F103C6_gpio_driver.o
LOAD Stm32_F103C6_Drivers/I2C/Stm32_F103C6_I2C_driver.o
LOAD Stm32_F103C6_Drivers/KEYPAD_DRIVER/keypad_driver.o
LOAD Stm32_F103C6_Drivers/LCD_DRIVER/lcd_driver.o
LOAD Stm32_F103C6_Drivers/RCC/Stm32_F103C6_RCC_driver.o
LOAD Stm32_F103C6_Drivers/SPI/Stm32_F103C6_SPI_driver.o
LOAD Stm32_F103C6_Drivers/USART/Stm32_F103C6_USART_driver.o
START GROUP
LOAD c:/st/stm32cubeide_1.4.0/stm32cubeide/plugins/com.st.stm32cube.ide.mcu.externaltools.gnu-tools-for-stm32.7-2018-q2-update.win32_1.4.0.202007081208/tools/bin/../lib/gcc/arm-none-eabi/7.3.1/../../../../arm-none-eabi/lib/thumb/v7-m\libc_nano.a
LOAD c:/st/stm32cubeide_1.4.0/stm32cubeide/plugins/com.st.stm32cube.ide.mcu.externaltools.gnu-tools-for-stm32.7-2018-q2-update.win32_1.4.0.202007081208/tools/bin/../lib/gcc/arm-none-eabi/7.3.1/../../../../arm-none-eabi/lib/thumb/v7-m\libm.a
END GROUP
START GROUP
LOAD c:/st/stm32cubeide_1.4.0/stm32cubeide/plugins/com.st.stm32cube.ide.mcu.externaltools.gnu-tools-for-stm32.7-2018-q2-update.win32_1.4.0.202007081208/tools/bin/../lib/gcc/arm-none-eabi/7.3.1/thumb/v7-m\libgcc.a
LOAD c:/st/stm32cubeide_1.4.0/stm32cubeide/plugins/com.st.stm32cube.ide.mcu.externaltools.gnu-tools-for-stm32.7-2018-q2-update.win32_1.4.0.202007081208/tools/bin/../lib/gcc/arm-none-eabi/7.3.1/../../../../arm-none-eabi/lib/thumb/v7-m\libg_nano.a
LOAD c:/st/stm32cubeide_1.4.0/stm32cubeide/plugins/com.st.stm32cube.ide.mcu.externaltools.gnu-tools-for-stm32.7-2018-q2-update.win32_1.4.0.202007081208/tools/bin/../lib/gcc/arm-none-eabi/7.3.1/../../../../arm-none-eabi/lib/thumb/v7-m\libc_nano.a
END GROUP
START GROUP
LOAD c:/st/stm32cubeide_1.4.0/stm32cubeide/plugins/com.st.stm32cube.ide.mcu.externaltools.gnu-tools-for-stm32.7-2018-q2-update.win32_1.4.0.202007081208/tools/bin/../lib/gcc/arm-none-eabi/7.3.1/thumb/v7-m\libgcc.a
LOAD c:/st/stm32cubeide_1.4.0/stm32cubeide/plugins/com.st.stm32cube.ide.mcu.externaltools.gnu-tools-for-stm32.7-2018-q2-update.win32_1.4.0.202007081208/tools/bin/../lib/gcc/arm-none-eabi/7.3.1/../../../../arm-none-eabi/lib/thumb/v7-m\libc_nano.a
LOAD c:/st/stm32cubeide_1.4.0/stm32cubeide/plugins/com.st.stm32cube.ide.mcu.externaltools.gnu-tools-for-stm32.7-2018-q2-update.win32_1.4.0.202007081208/tools/bin/../lib/gcc/arm-none-eabi/7.3.1/../../../../arm-none-eabi/lib/thumb/v7-m\libnosys.a
END GROUP
START GROUP
LOAD c:/st/stm32cubeide_1.4.0/stm32cubeide/plugins/com.st.stm32cube.ide.mcu.externaltools.gnu-tools-for-stm32.7-2018-q2-update.win32_1.4.0.202007081208/tools/bin/../lib/gcc/arm-none-eabi/7.3.1/thumb/v7-m\libgcc.a
LOAD c:/st/stm32cubeide_1.4.0/stm32cubeide/plugins/com.st.stm32cube.ide.mcu.externaltools.gnu-tools-for-stm32.7-2018-q2-update.win32_1.4.0.202007081208/tools/bin/../lib/gcc/arm-none-eabi/7.3.1/../../../../arm-none-eabi/lib/thumb/v7-m\libc_nano.a
LOAD c:/st/stm32cubeide_1.4.0/stm32cubeide/plugins/com.st.stm32cube.ide.mcu.externaltools.gnu-tools-for-stm32.7-2018-q2-update.win32_1.4.0.202007081208/tools/bin/../lib/gcc/arm-none-eabi/7.3.1/../../../../arm-none-eabi/lib/thumb/v7-m\libnosys.a
END GROUP
LOAD c:/st/stm32cubeide_1.4.0/stm32cubeide/plugins/com.st.stm32cube.ide.mcu.externaltools.gnu-tools-for-stm32.7-2018-q2-update.win32_1.4.0.202007081208/tools/bin/../lib/gcc/arm-none-eabi/7.3.1/thumb/v7-m/crtend.o
LOAD c:/st/stm32cubeide_1.4.0/stm32cubeide/plugins/com.st.stm32cube.ide.mcu.externaltools.gnu-tools-for-stm32.7-2018-q2-update.win32_1.4.0.202007081208/tools/bin/../lib/gcc/arm-none-eabi/7.3.1/thumb/v7-m/crtn.o
                0x0000000020002800                _estack = (ORIGIN (RAM) + LENGTH (RAM))
                0x0000000000000200                _Min_Heap_Size = 0x200
                0x0000000000000400                _Min_Stack_Size = 0x400

.isr_vector     0x0000000008000000      0x130
                0x0000000008000000                . = ALIGN (0x4)
 *(.isr_vector)
 .isr_vector    0x0000000008000000      0x130 Startup/startup_stm32f103c6tx.o
                0x0000000008000000                g_pfnVectors
                0x0000000008000130                . = ALIGN (0x4)

.text           0x0000000008000130      0xe64
                0x0000000008000130                . = ALIGN (0x4)
 *(.text)
 .text          0x0000000008000130       0x40 c:/st/stm32cubeide_1.4.0/stm32cubeide/plugins/com.st.stm32cube.ide.mcu.externaltools.gnu-tools-for-stm32.7-2018-q2-update.win32_1.4.0.202007081208/tools/bin/../lib/gcc/arm-none-eabi/7.3.1/thumb/v7-m/crtbegin.o
 *(.text*)
 .text.eeprom_Init
                0x0000000008000170       0x40 HAL/I2C_Slave_EEPROM.o
                0x0000000008000170                eeprom_Init
 .text.eeprom_write_Nbytes
                0x00000000080001b0       0x9c HAL/I2C_Slave_EEPROM.o
                0x00000000080001b0                eeprom_write_Nbytes
 .text.eeprom_read_byte
                0x000000000800024c       0x58 HAL/I2C_Slave_EEPROM.o
                0x000000000800024c                eeprom_read_byte
 .text.main     0x00000000080002a4       0xa0 Src/main.o
                0x00000000080002a4                main
 .text.Reset_Handler
                0x0000000008000344       0x50 Startup/startup_stm32f103c6tx.o
                0x0000000008000344                Reset_Handler
 .text.Default_Handler
                0x0000000008000394        0x2 Startup/startup_stm32f103c6tx.o
                0x0000000008000394                TIM8_TRG_COM_IRQHandler
                0x0000000008000394                TIM8_CC_IRQHandler
                0x0000000008000394                DebugMon_Handler
                0x0000000008000394                TIM1_CC_IRQHandler
                0x0000000008000394                HardFault_Handler
                0x0000000008000394                TIM6_IRQHandler
                0x0000000008000394                SysTick_Handler
                0x0000000008000394                PVD_IRQHandler
                0x0000000008000394                SDIO_IRQHandler
                0x0000000008000394                PendSV_Handler
                0x0000000008000394                NMI_Handler
                0x0000000008000394                USB_HP_CAN_TX_IRQHandler
                0x0000000008000394                I2C2_EV_IRQHandler
                0x0000000008000394                UsageFault_Handler
                0x0000000008000394                ADC1_2_IRQHandler
                0x0000000008000394                CAN_SCE_IRQHandler
                0x0000000008000394                TAMPER_IRQHandler
                0x0000000008000394                TIM8_UP_IRQHandler
                0x0000000008000394                DMA2_Channel2_IRQHandler
                0x0000000008000394                DMA1_Channel4_IRQHandler
                0x0000000008000394                RTC_IRQHandler
                0x0000000008000394                DMA1_Channel7_IRQHandler
                0x0000000008000394                UART5_IRQHandler
                0x0000000008000394                ADC3_IRQHandler
                0x0000000008000394                TIM4_IRQHandler
                0x0000000008000394                CAN_RX1_IRQHandler
                0x0000000008000394                DMA2_Channel1_IRQHandler
                0x0000000008000394                I2C1_EV_IRQHandler
                0x0000000008000394                DMA1_Channel6_IRQHandler
                0x0000000008000394                UART4_IRQHandler
                0x0000000008000394                TIM3_IRQHandler
                0x0000000008000394                RCC_IRQHandler
                0x0000000008000394                TIM1_TRG_COM_IRQHandler
                0x0000000008000394                DMA1_Channel1_IRQHandler
                0x0000000008000394                Default_Handler
                0x0000000008000394                TIM7_IRQHandler
                0x0000000008000394                TIM5_IRQHandler
                0x0000000008000394                USB_LP_CAN_RX0_IRQHandler
                0x0000000008000394                MemManage_Handler
                0x0000000008000394                SVC_Handler
                0x0000000008000394                DMA1_Channel5_IRQHandler
                0x0000000008000394                DMA1_Channel3_IRQHandler
                0x0000000008000394                FSMC_IRQHandler
                0x0000000008000394                TIM1_UP_IRQHandler
                0x0000000008000394                WWDG_IRQHandler
                0x0000000008000394                TIM2_IRQHandler
                0x0000000008000394                TIM1_BRK_IRQHandler
                0x0000000008000394                RTCAlarm_IRQHandler
                0x0000000008000394                DMA2_Channel4_5_IRQHandler
                0x0000000008000394                I2C2_ER_IRQHandler
                0x0000000008000394                DMA1_Channel2_IRQHandler
                0x0000000008000394                TIM8_BRK_IRQHandler
                0x0000000008000394                FLASH_IRQHandler
                0x0000000008000394                BusFault_Handler
                0x0000000008000394                SPI3_IRQHandler
                0x0000000008000394                I2C1_ER_IRQHandler
                0x0000000008000394                DMA2_Channel3_IRQHandler
 *fill*         0x0000000008000396        0x2 
 .text.EXTI0_IRQHandler
                0x0000000008000398       0x24 Stm32_F103C6_Drivers/EXTI/Stm32_F103C6_EXTI_driver.o
                0x0000000008000398                EXTI0_IRQHandler
 .text.EXTI1_IRQHandler
                0x00000000080003bc       0x24 Stm32_F103C6_Drivers/EXTI/Stm32_F103C6_EXTI_driver.o
                0x00000000080003bc                EXTI1_IRQHandler
 .text.EXTI2_IRQHandler
                0x00000000080003e0       0x24 Stm32_F103C6_Drivers/EXTI/Stm32_F103C6_EXTI_driver.o
                0x00000000080003e0                EXTI2_IRQHandler
 .text.EXTI3_IRQHandler
                0x0000000008000404       0x24 Stm32_F103C6_Drivers/EXTI/Stm32_F103C6_EXTI_driver.o
                0x0000000008000404                EXTI3_IRQHandler
 .text.EXTI4_IRQHandler
                0x0000000008000428       0x24 Stm32_F103C6_Drivers/EXTI/Stm32_F103C6_EXTI_driver.o
                0x0000000008000428                EXTI4_IRQHandler
 .text.EXTI9_5_IRQHandler
                0x000000000800044c       0xa8 Stm32_F103C6_Drivers/EXTI/Stm32_F103C6_EXTI_driver.o
                0x000000000800044c                EXTI9_5_IRQHandler
 .text.EXTI15_10_IRQHandler
                0x00000000080004f4       0xc4 Stm32_F103C6_Drivers/EXTI/Stm32_F103C6_EXTI_driver.o
                0x00000000080004f4                EXTI15_10_IRQHandler
 .text.Get_CRLH_Position
                0x00000000080005b8       0xc6 Stm32_F103C6_Drivers/GPIO/Stm32_F103C6_gpio_driver.o
                0x00000000080005b8                Get_CRLH_Position
 .text.MCAL_GPIO_Init
                0x000000000800067e       0xfe Stm32_F103C6_Drivers/GPIO/Stm32_F103C6_gpio_driver.o
                0x000000000800067e                MCAL_GPIO_Init
 .text.MCAL_I2C_Init
                0x000000000800077c      0x220 Stm32_F103C6_Drivers/I2C/Stm32_F103C6_I2C_driver.o
                0x000000000800077c                MCAL_I2C_Init
 .text.MCAL_I2C_GPIO_Set_Pins
                0x000000000800099c       0x94 Stm32_F103C6_Drivers/I2C/Stm32_F103C6_I2C_driver.o
                0x000000000800099c                MCAL_I2C_GPIO_Set_Pins
 .text.MCAL_I2C_Master_Tx
                0x0000000008000a30       0xbc Stm32_F103C6_Drivers/I2C/Stm32_F103C6_I2C_driver.o
                0x0000000008000a30                MCAL_I2C_Master_Tx
 .text.MCAL_I2C_Master_Rx
                0x0000000008000aec       0xe0 Stm32_F103C6_Drivers/I2C/Stm32_F103C6_I2C_driver.o
                0x0000000008000aec                MCAL_I2C_Master_Rx
 .text.I2C_AcknowledgeConfig
                0x0000000008000bcc       0x36 Stm32_F103C6_Drivers/I2C/Stm32_F103C6_I2C_driver.o
                0x0000000008000bcc                I2C_AcknowledgeConfig
 .text.I2C_GenerateStop
                0x0000000008000c02       0x36 Stm32_F103C6_Drivers/I2C/Stm32_F103C6_I2C_driver.o
                0x0000000008000c02                I2C_GenerateStop
 .text.I2C_Generate_Start
                0x0000000008000c38       0x4e Stm32_F103C6_Drivers/I2C/Stm32_F103C6_I2C_driver.o
                0x0000000008000c38                I2C_Generate_Start
 .text.I2C_SendAddress
                0x0000000008000c86       0x3e Stm32_F103C6_Drivers/I2C/Stm32_F103C6_I2C_driver.o
                0x0000000008000c86                I2C_SendAddress
 .text.I2C_Get_Flag_Status
                0x0000000008000cc4      0x170 Stm32_F103C6_Drivers/I2C/Stm32_F103C6_I2C_driver.o
                0x0000000008000cc4                I2C_Get_Flag_Status
 .text.MCAL_RCC_GetSYSFreq
                0x0000000008000e34       0x3c Stm32_F103C6_Drivers/RCC/Stm32_F103C6_RCC_driver.o
                0x0000000008000e34                MCAL_RCC_GetSYSFreq
 .text.MCAL_RCC_GetHCLFreq
                0x0000000008000e70       0x28 Stm32_F103C6_Drivers/RCC/Stm32_F103C6_RCC_driver.o
                0x0000000008000e70                MCAL_RCC_GetHCLFreq
 .text.MCAL_RCC_GetPCLK1Freq
                0x0000000008000e98       0x28 Stm32_F103C6_Drivers/RCC/Stm32_F103C6_RCC_driver.o
                0x0000000008000e98                MCAL_RCC_GetPCLK1Freq
 .text.SPI1_IRQHandler
                0x0000000008000ec0       0x1c Stm32_F103C6_Drivers/SPI/Stm32_F103C6_SPI_driver.o
                0x0000000008000ec0                SPI1_IRQHandler
 .text.SPI2_IRQHandler
                0x0000000008000edc       0x1c Stm32_F103C6_Drivers/SPI/Stm32_F103C6_SPI_driver.o
                0x0000000008000edc                SPI2_IRQHandler
 .text.USART1_IRQHandler
                0x0000000008000ef8       0x14 Stm32_F103C6_Drivers/USART/Stm32_F103C6_USART_driver.o
                0x0000000008000ef8                USART1_IRQHandler
 .text.USART2_IRQHandler
                0x0000000008000f0c       0x14 Stm32_F103C6_Drivers/USART/Stm32_F103C6_USART_driver.o
                0x0000000008000f0c                USART2_IRQHandler
 .text.USART3_IRQHandler
                0x0000000008000f20       0x14 Stm32_F103C6_Drivers/USART/Stm32_F103C6_USART_driver.o
                0x0000000008000f20                USART3_IRQHandler
 .text.__libc_init_array
                0x0000000008000f34       0x48 c:/st/stm32cubeide_1.4.0/stm32cubeide/plugins/com.st.stm32cube.ide.mcu.externaltools.gnu-tools-for-stm32.7-2018-q2-update.win32_1.4.0.202007081208/tools/bin/../lib/gcc/arm-none-eabi/7.3.1/../../../../arm-none-eabi/lib/thumb/v7-m\libc_nano.a(lib_a-init.o)
                0x0000000008000f34                __libc_init_array
 *(.glue_7)
 .glue_7        0x0000000008000f7c        0x0 linker stubs
 *(.glue_7t)
 .glue_7t       0x0000000008000f7c        0x0 linker stubs
 *(.eh_frame)
 .eh_frame      0x0000000008000f7c        0x0 c:/st/stm32cubeide_1.4.0/stm32cubeide/plugins/com.st.stm32cube.ide.mcu.externaltools.gnu-tools-for-stm32.7-2018-q2-update.win32_1.4.0.202007081208/tools/bin/../lib/gcc/arm-none-eabi/7.3.1/thumb/v7-m/crtbegin.o
 *(.init)
 .init          0x0000000008000f7c        0x4 c:/st/stm32cubeide_1.4.0/stm32cubeide/plugins/com.st.stm32cube.ide.mcu.externaltools.gnu-tools-for-stm32.7-2018-q2-update.win32_1.4.0.202007081208/tools/bin/../lib/gcc/arm-none-eabi/7.3.1/thumb/v7-m/crti.o
                0x0000000008000f7c                _init
 .init          0x0000000008000f80        0x8 c:/st/stm32cubeide_1.4.0/stm32cubeide/plugins/com.st.stm32cube.ide.mcu.externaltools.gnu-tools-for-stm32.7-2018-q2-update.win32_1.4.0.202007081208/tools/bin/../lib/gcc/arm-none-eabi/7.3.1/thumb/v7-m/crtn.o
 *(.fini)
 .fini          0x0000000008000f88        0x4 c:/st/stm32cubeide_1.4.0/stm32cubeide/plugins/com.st.stm32cube.ide.mcu.externaltools.gnu-tools-for-stm32.7-2018-q2-update.win32_1.4.0.202007081208/tools/bin/../lib/gcc/arm-none-eabi/7.3.1/thumb/v7-m/crti.o
                0x0000000008000f88                _fini
 .fini          0x0000000008000f8c        0x8 c:/st/stm32cubeide_1.4.0/stm32cubeide/plugins/com.st.stm32cube.ide.mcu.externaltools.gnu-tools-for-stm32.7-2018-q2-update.win32_1.4.0.202007081208/tools/bin/../lib/gcc/arm-none-eabi/7.3.1/thumb/v7-m/crtn.o
                0x0000000008000f94                . = ALIGN (0x4)
                0x0000000008000f94                _etext = .

.vfp11_veneer   0x0000000008000f94        0x0
 .vfp11_veneer  0x0000000008000f94        0x0 linker stubs

.v4_bx          0x0000000008000f94        0x0
 .v4_bx         0x0000000008000f94        0x0 linker stubs

.iplt           0x0000000008000f94        0x0
 .iplt          0x0000000008000f94        0x0 c:/st/stm32cubeide_1.4.0/stm32cubeide/plugins/com.st.stm32cube.ide.mcu.externaltools.gnu-tools-for-stm32.7-2018-q2-update.win32_1.4.0.202007081208/tools/bin/../lib/gcc/arm-none-eabi/7.3.1/thumb/v7-m/crtbegin.o

.rodata         0x0000000008000f94       0x20
                0x0000000008000f94                . = ALIGN (0x4)
 *(.rodata)
 .rodata        0x0000000008000f94        0x7 Src/main.o
 *(.rodata*)
 *fill*         0x0000000008000f9b        0x1 
 .rodata.APB1_PrescTable
                0x0000000008000f9c        0x8 Stm32_F103C6_Drivers/RCC/Stm32_F103C6_RCC_driver.o
                0x0000000008000f9c                APB1_PrescTable
 .rodata.AHB_PrescTable
                0x0000000008000fa4       0x10 Stm32_F103C6_Drivers/RCC/Stm32_F103C6_RCC_driver.o
                0x0000000008000fa4                AHB_PrescTable
                0x0000000008000fb4                . = ALIGN (0x4)

.rel.dyn        0x0000000008000fb4        0x0
 .rel.iplt      0x0000000008000fb4        0x0 c:/st/stm32cubeide_1.4.0/stm32cubeide/plugins/com.st.stm32cube.ide.mcu.externaltools.gnu-tools-for-stm32.7-2018-q2-update.win32_1.4.0.202007081208/tools/bin/../lib/gcc/arm-none-eabi/7.3.1/thumb/v7-m/crtbegin.o

.ARM.extab      0x0000000008000fb4        0x0
                0x0000000008000fb4                . = ALIGN (0x4)
 *(.ARM.extab* .gnu.linkonce.armextab.*)
                0x0000000008000fb4                . = ALIGN (0x4)

.ARM            0x0000000008000fb4        0x0
                0x0000000008000fb4                . = ALIGN (0x4)
                0x0000000008000fb4                __exidx_start = .
 *(.ARM.exidx*)
                0x0000000008000fb4                __exidx_end = .
                0x0000000008000fb4                . = ALIGN (0x4)

.preinit_array  0x0000000008000fb4        0x0
                0x0000000008000fb4                . = ALIGN (0x4)
                0x0000000008000fb4                PROVIDE (__preinit_array_start = .)
 *(.preinit_array*)
                0x0000000008000fb4                PROVIDE (__preinit_array_end = .)
                0x0000000008000fb4                . = ALIGN (0x4)

.init_array     0x0000000008000fb4        0x4
                0x0000000008000fb4                . = ALIGN (0x4)
                0x0000000008000fb4                PROVIDE (__init_array_start = .)
 *(SORT_BY_NAME(.init_array.*))
 *(.init_array*)
 .init_array    0x0000000008000fb4        0x4 c:/st/stm32cubeide_1.4.0/stm32cubeide/plugins/com.st.stm32cube.ide.mcu.externaltools.gnu-tools-for-stm32.7-2018-q2-update.win32_1.4.0.202007081208/tools/bin/../lib/gcc/arm-none-eabi/7.3.1/thumb/v7-m/crtbegin.o
                0x0000000008000fb8                PROVIDE (__init_array_end = .)
                0x0000000008000fb8                . = ALIGN (0x4)

.fini_array     0x0000000008000fb8        0x4
                0x0000000008000fb8                . = ALIGN (0x4)
                [!provide]                        PROVIDE (__fini_array_start = .)
 *(SORT_BY_NAME(.fini_array.*))
 *(.fini_array*)
 .fini_array    0x0000000008000fb8        0x4 c:/st/stm32cubeide_1.4.0/stm32cubeide/plugins/com.st.stm32cube.ide.mcu.externaltools.gnu-tools-for-stm32.7-2018-q2-update.win32_1.4.0.202007081208/tools/bin/../lib/gcc/arm-none-eabi/7.3.1/thumb/v7-m/crtbegin.o
                [!provide]                        PROVIDE (__fini_array_end = .)
                0x0000000008000fbc                . = ALIGN (0x4)
                0x0000000008000fbc                _sidata = LOADADDR (.data)

.data           0x0000000020000000        0x0 load address 0x0000000008000fbc
                0x0000000020000000                . = ALIGN (0x4)
                0x0000000020000000                _sdata = .
 *(.data)
 *(.data*)
                0x0000000020000000                . = ALIGN (0x4)
                0x0000000020000000                _edata = .

.igot.plt       0x0000000020000000        0x0 load address 0x0000000008000fbc
 .igot.plt      0x0000000020000000        0x0 c:/st/stm32cubeide_1.4.0/stm32cubeide/plugins/com.st.stm32cube.ide.mcu.externaltools.gnu-tools-for-stm32.7-2018-q2-update.win32_1.4.0.202007081208/tools/bin/../lib/gcc/arm-none-eabi/7.3.1/thumb/v7-m/crtbegin.o
                0x0000000020000000                . = ALIGN (0x4)

.bss            0x0000000020000000       0xa4 load address 0x0000000008000fbc
                0x0000000020000000                _sbss = .
                0x0000000020000000                __bss_start__ = _sbss
 *(.bss)
 .bss           0x0000000020000000       0x1c c:/st/stm32cubeide_1.4.0/stm32cubeide/plugins/com.st.stm32cube.ide.mcu.externaltools.gnu-tools-for-stm32.7-2018-q2-update.win32_1.4.0.202007081208/tools/bin/../lib/gcc/arm-none-eabi/7.3.1/thumb/v7-m/crtbegin.o
 *(.bss*)
 .bss.Global_I2C_Config
                0x000000002000001c       0x40 Stm32_F103C6_Drivers/I2C/Stm32_F103C6_I2C_driver.o
                0x000000002000001c                Global_I2C_Config
 .bss.Global_SPI_Config
                0x000000002000005c        0x8 Stm32_F103C6_Drivers/SPI/Stm32_F103C6_SPI_driver.o
                0x000000002000005c                Global_SPI_Config
 .bss.Global_UART_config
                0x0000000020000064        0x4 Stm32_F103C6_Drivers/USART/Stm32_F103C6_USART_driver.o
                0x0000000020000064                Global_UART_config
 *(COMMON)
 COMMON         0x0000000020000068       0x3c Stm32_F103C6_Drivers/EXTI/Stm32_F103C6_EXTI_driver.o
                0x0000000020000068                GP_IRQ_CALLBACK
                0x00000000200000a4                . = ALIGN (0x4)
                0x00000000200000a4                _ebss = .
                0x00000000200000a4                __bss_end__ = _ebss

._user_heap_stack
                0x00000000200000a4      0x604 load address 0x0000000008000fbc
                0x00000000200000a8                . = ALIGN (0x8)
 *fill*         0x00000000200000a4        0x4 
                [!provide]                        PROVIDE (end = .)
                0x00000000200000a8                PROVIDE (_end = .)
                0x00000000200002a8                . = (. + _Min_Heap_Size)
 *fill*         0x00000000200000a8      0x200 
                0x00000000200006a8                . = (. + _Min_Stack_Size)
 *fill*         0x00000000200002a8      0x400 
                0x00000000200006a8                . = ALIGN (0x8)

/DISCARD/
 libc.a(*)
 libm.a(*)
 libgcc.a(*)

.ARM.attributes
                0x0000000000000000       0x29
 *(.ARM.attributes)
 .ARM.attributes
                0x0000000000000000       0x1d c:/st/stm32cubeide_1.4.0/stm32cubeide/plugins/com.st.stm32cube.ide.mcu.externaltools.gnu-tools-for-stm32.7-2018-q2-update.win32_1.4.0.202007081208/tools/bin/../lib/gcc/arm-none-eabi/7.3.1/thumb/v7-m/crti.o
 .ARM.attributes
                0x000000000000001d       0x2d c:/st/stm32cubeide_1.4.0/stm32cubeide/plugins/com.st.stm32cube.ide.mcu.externaltools.gnu-tools-for-stm32.7-2018-q2-update.win32_1.4.0.202007081208/tools/bin/../lib/gcc/arm-none-eabi/7.3.1/thumb/v7-m/crtbegin.o
 .ARM.attributes
                0x000000000000004a       0x33 HAL/I2C_Slave_EEPROM.o
 .ARM.attributes
                0x000000000000007d       0x33 Src/main.o
 .ARM.attributes
                0x00000000000000b0       0x21 Startup/startup_stm32f103c6tx.o
 .ARM.attributes
                0x00000000000000d1       0x33 Stm32_F103C6_Drivers/EXTI/Stm32_F103C6_EXTI_driver.o
 .ARM.attributes
                0x0000000000000104       0x33 Stm32_F103C6_Drivers/GPIO/Stm32_F103C6_gpio_driver.o
 .ARM.attributes
                0x0000000000000137       0x33 Stm32_F103C6_Drivers/I2C/Stm32_F103C6_I2C_driver.o
 .ARM.attributes
                0x000000000000016a       0x33 Stm32_F103C6_Drivers/RCC/Stm32_F103C6_RCC_driver.o
 .ARM.attributes
                0x000000000000019d       0x33 Stm32_F103C6_Drivers/SPI/Stm32_F103C6_SPI_driver.o
 .ARM.attributes
                0x00000000000001d0       0x33 Stm32_F103C6_Drivers/USART/Stm32_F103C6_USART_driver.o
 .ARM.attributes
                0x0000000000000203       0x2d c:/st/stm32cubeide_1.4.0/stm32cubeide/plugins/com.st.stm32cube.ide.mcu.externaltools.gnu-tools-for-stm32.7-2018-q2-update.win32_1.4.0.202007081208/tools/bin/../lib/gcc/arm-none-eabi/7.3.1/../../../../arm-none-eabi/lib/thumb/v7-m\libc_nano.a(lib_a-init.o)
 .ARM.attributes
                0x0000000000000230       0x1d c:/st/stm32cubeide_1.4.0/stm32cubeide/plugins/com.st.stm32cube.ide.mcu.externaltools.gnu-tools-for-stm32.7-2018-q2-update.win32_1.4.0.202007081208/tools/bin/../lib/gcc/arm-none-eabi/7.3.1/thumb/v7-m/crtn.o
OUTPUT(Drivers.elf elf32-littlearm)

.debug_info     0x0000000000000000     0x6d85
 .debug_info    0x0000000000000000      0xc97 HAL/I2C_Slave_EEPROM.o
 .debug_info    0x0000000000000c97      0xc85 Src/main.o
 .debug_info    0x000000000000191c       0x22 Startup/startup_stm32f103c6tx.o
 .debug_info    0x000000000000193e      0xdbb Stm32_F103C6_Drivers/EXTI/Stm32_F103C6_EXTI_driver.o
 .debug_info    0x00000000000026f9      0xd4f Stm32_F103C6_Drivers/GPIO/Stm32_F103C6_gpio_driver.o
 .debug_info    0x0000000000003448     0x115e Stm32_F103C6_Drivers/I2C/Stm32_F103C6_I2C_driver.o
 .debug_info    0x00000000000045a6      0xb1b Stm32_F103C6_Drivers/RCC/Stm32_F103C6_RCC_driver.o
 .debug_info    0x00000000000050c1      0xecd Stm32_F103C6_Drivers/SPI/Stm32_F103C6_SPI_driver.o
 .debug_info    0x0000000000005f8e      0xdf7 Stm32_F103C6_Drivers/USART/Stm32_F103C6_USART_driver.o

.debug_abbrev   0x0000000000000000     0x100e
 .debug_abbrev  0x0000000000000000      0x1d1 HAL/I2C_Slave_EEPROM.o
 .debug_abbrev  0x00000000000001d1      0x1dc Src/main.o
 .debug_abbrev  0x00000000000003ad       0x12 Startup/startup_stm32f103c6tx.o
 .debug_abbrev  0x00000000000003bf      0x219 Stm32_F103C6_Drivers/EXTI/Stm32_F103C6_EXTI_driver.o
 .debug_abbrev  0x00000000000005d8      0x1de Stm32_F103C6_Drivers/GPIO/Stm32_F103C6_gpio_driver.o
 .debug_abbrev  0x00000000000007b6      0x27a Stm32_F103C6_Drivers/I2C/Stm32_F103C6_I2C_driver.o
 .debug_abbrev  0x0000000000000a30      0x19b Stm32_F103C6_Drivers/RCC/Stm32_F103C6_RCC_driver.o
 .debug_abbrev  0x0000000000000bcb      0x217 Stm32_F103C6_Drivers/SPI/Stm32_F103C6_SPI_driver.o
 .debug_abbrev  0x0000000000000de2      0x22c Stm32_F103C6_Drivers/USART/Stm32_F103C6_USART_driver.o

.debug_loc      0x0000000000000000     0x111a
 .debug_loc     0x0000000000000000       0xf2 HAL/I2C_Slave_EEPROM.o
 .debug_loc     0x00000000000000f2       0x64 Src/main.o
 .debug_loc     0x0000000000000156      0x320 Stm32_F103C6_Drivers/EXTI/Stm32_F103C6_EXTI_driver.o
 .debug_loc     0x0000000000000476      0x330 Stm32_F103C6_Drivers/GPIO/Stm32_F103C6_gpio_driver.o
 .debug_loc     0x00000000000007a6      0x35c Stm32_F103C6_Drivers/I2C/Stm32_F103C6_I2C_driver.o
 .debug_loc     0x0000000000000b02       0xc8 Stm32_F103C6_Drivers/RCC/Stm32_F103C6_RCC_driver.o
 .debug_loc     0x0000000000000bca      0x2bc Stm32_F103C6_Drivers/SPI/Stm32_F103C6_SPI_driver.o
 .debug_loc     0x0000000000000e86      0x294 Stm32_F103C6_Drivers/USART/Stm32_F103C6_USART_driver.o

.debug_aranges  0x0000000000000000      0x2b8
 .debug_aranges
                0x0000000000000000       0x30 HAL/I2C_Slave_EEPROM.o
 .debug_aranges
                0x0000000000000030       0x28 Src/main.o
 .debug_aranges
                0x0000000000000058       0x28 Startup/startup_stm32f103c6tx.o
 .debug_aranges
                0x0000000000000080       0x80 Stm32_F103C6_Drivers/EXTI/Stm32_F103C6_EXTI_driver.o
 .debug_aranges
                0x0000000000000100       0x60 Stm32_F103C6_Drivers/GPIO/Stm32_F103C6_gpio_driver.o
 .debug_aranges
                0x0000000000000160       0x68 Stm32_F103C6_Drivers/I2C/Stm32_F103C6_I2C_driver.o
 .debug_aranges
                0x00000000000001c8       0x38 Stm32_F103C6_Drivers/RCC/Stm32_F103C6_RCC_driver.o
 .debug_aranges
                0x0000000000000200       0x58 Stm32_F103C6_Drivers/SPI/Stm32_F103C6_SPI_driver.o
 .debug_aranges
                0x0000000000000258       0x60 Stm32_F103C6_Drivers/USART/Stm32_F103C6_USART_driver.o

.debug_ranges   0x0000000000000000      0x230
 .debug_ranges  0x0000000000000000       0x20 HAL/I2C_Slave_EEPROM.o
 .debug_ranges  0x0000000000000020       0x18 Src/main.o
 .debug_ranges  0x0000000000000038       0x20 Startup/startup_stm32f103c6tx.o
 .debug_ranges  0x0000000000000058       0x70 Stm32_F103C6_Drivers/EXTI/Stm32_F103C6_EXTI_driver.o
 .debug_ranges  0x00000000000000c8       0x50 Stm32_F103C6_Drivers/GPIO/Stm32_F103C6_gpio_driver.o
 .debug_ranges  0x0000000000000118       0x58 Stm32_F103C6_Drivers/I2C/Stm32_F103C6_I2C_driver.o
 .debug_ranges  0x0000000000000170       0x28 Stm32_F103C6_Drivers/RCC/Stm32_F103C6_RCC_driver.o
 .debug_ranges  0x0000000000000198       0x48 Stm32_F103C6_Drivers/SPI/Stm32_F103C6_SPI_driver.o
 .debug_ranges  0x00000000000001e0       0x50 Stm32_F103C6_Drivers/USART/Stm32_F103C6_USART_driver.o

.debug_macro    0x0000000000000000     0x30b7
 .debug_macro   0x0000000000000000      0x161 HAL/I2C_Slave_EEPROM.o
 .debug_macro   0x0000000000000161      0xa60 HAL/I2C_Slave_EEPROM.o
 .debug_macro   0x0000000000000bc1       0x18 HAL/I2C_Slave_EEPROM.o
 .debug_macro   0x0000000000000bd9       0x22 HAL/I2C_Slave_EEPROM.o
 .debug_macro   0x0000000000000bfb       0x40 HAL/I2C_Slave_EEPROM.o
 .debug_macro   0x0000000000000c3b       0x94 HAL/I2C_Slave_EEPROM.o
 .debug_macro   0x0000000000000ccf       0x3c HAL/I2C_Slave_EEPROM.o
 .debug_macro   0x0000000000000d0b       0x34 HAL/I2C_Slave_EEPROM.o
 .debug_macro   0x0000000000000d3f       0x16 HAL/I2C_Slave_EEPROM.o
 .debug_macro   0x0000000000000d55      0x10e HAL/I2C_Slave_EEPROM.o
 .debug_macro   0x0000000000000e63       0x8d HAL/I2C_Slave_EEPROM.o
 .debug_macro   0x0000000000000ef0       0x57 HAL/I2C_Slave_EEPROM.o
 .debug_macro   0x0000000000000f47       0x52 HAL/I2C_Slave_EEPROM.o
 .debug_macro   0x0000000000000f99       0x1f HAL/I2C_Slave_EEPROM.o
 .debug_macro   0x0000000000000fb8       0x43 HAL/I2C_Slave_EEPROM.o
 .debug_macro   0x0000000000000ffb       0x20 HAL/I2C_Slave_EEPROM.o
 .debug_macro   0x000000000000101b      0x1a3 HAL/I2C_Slave_EEPROM.o
 .debug_macro   0x00000000000011be      0x330 HAL/I2C_Slave_EEPROM.o
 .debug_macro   0x00000000000014ee       0x16 HAL/I2C_Slave_EEPROM.o
 .debug_macro   0x0000000000001504       0x29 HAL/I2C_Slave_EEPROM.o
 .debug_macro   0x000000000000152d       0xef HAL/I2C_Slave_EEPROM.o
 .debug_macro   0x000000000000161c       0x6a HAL/I2C_Slave_EEPROM.o
 .debug_macro   0x0000000000001686      0x1df HAL/I2C_Slave_EEPROM.o
 .debug_macro   0x0000000000001865      0x6d3 HAL/I2C_Slave_EEPROM.o
 .debug_macro   0x0000000000001f38       0xd6 HAL/I2C_Slave_EEPROM.o
 .debug_macro   0x000000000000200e       0x16 HAL/I2C_Slave_EEPROM.o
 .debug_macro   0x0000000000002024       0x52 HAL/I2C_Slave_EEPROM.o
 .debug_macro   0x0000000000002076      0x1a1 Src/main.o
 .debug_macro   0x0000000000002217       0xd0 Src/main.o
 .debug_macro   0x00000000000022e7      0x21b Src/main.o
 .debug_macro   0x0000000000002502       0xe2 Src/main.o
 .debug_macro   0x00000000000025e4       0xac Src/main.o
 .debug_macro   0x0000000000002690       0x40 Src/main.o
 .debug_macro   0x00000000000026d0       0xc4 Src/main.o
 .debug_macro   0x0000000000002794       0x58 Src/main.o
 .debug_macro   0x00000000000027ec       0x10 Src/main.o
 .debug_macro   0x00000000000027fc      0x152 Stm32_F103C6_Drivers/EXTI/Stm32_F103C6_EXTI_driver.o
 .debug_macro   0x000000000000294e      0x13f Stm32_F103C6_Drivers/GPIO/Stm32_F103C6_gpio_driver.o
 .debug_macro   0x0000000000002a8d      0x15d Stm32_F103C6_Drivers/I2C/Stm32_F103C6_I2C_driver.o
 .debug_macro   0x0000000000002bea      0x148 Stm32_F103C6_Drivers/RCC/Stm32_F103C6_RCC_driver.o
 .debug_macro   0x0000000000002d32       0x10 Stm32_F103C6_Drivers/RCC/Stm32_F103C6_RCC_driver.o
 .debug_macro   0x0000000000002d42      0x160 Stm32_F103C6_Drivers/SPI/Stm32_F103C6_SPI_driver.o
 .debug_macro   0x0000000000002ea2       0xbe Stm32_F103C6_Drivers/SPI/Stm32_F103C6_SPI_driver.o
 .debug_macro   0x0000000000002f60      0x157 Stm32_F103C6_Drivers/USART/Stm32_F103C6_USART_driver.o

.debug_line     0x0000000000000000     0x349e
 .debug_line    0x0000000000000000      0x5f5 HAL/I2C_Slave_EEPROM.o
 .debug_line    0x00000000000005f5      0x64c Src/main.o
 .debug_line    0x0000000000000c41       0x84 Startup/startup_stm32f103c6tx.o
 .debug_line    0x0000000000000cc5      0x72f Stm32_F103C6_Drivers/EXTI/Stm32_F103C6_EXTI_driver.o
 .debug_line    0x00000000000013f4      0x672 Stm32_F103C6_Drivers/GPIO/Stm32_F103C6_gpio_driver.o
 .debug_line    0x0000000000001a66      0x759 Stm32_F103C6_Drivers/I2C/Stm32_F103C6_I2C_driver.o
 .debug_line    0x00000000000021bf      0x5b1 Stm32_F103C6_Drivers/RCC/Stm32_F103C6_RCC_driver.o
 .debug_line    0x0000000000002770      0x697 Stm32_F103C6_Drivers/SPI/Stm32_F103C6_SPI_driver.o
 .debug_line    0x0000000000002e07      0x697 Stm32_F103C6_Drivers/USART/Stm32_F103C6_USART_driver.o

.debug_str      0x0000000000000000     0xc419
 .debug_str     0x0000000000000000     0x9801 HAL/I2C_Slave_EEPROM.o
                                       0x9a6d (size before relaxing)
 .debug_str     0x0000000000009801     0x21ca Src/main.o
                                       0xba20 (size before relaxing)
 .debug_str     0x000000000000b9cb       0x31 Startup/startup_stm32f103c6tx.o
                                         0x52 (size before relaxing)
 .debug_str     0x000000000000b9fc      0x2c8 Stm32_F103C6_Drivers/EXTI/Stm32_F103C6_EXTI_driver.o
                                       0xab87 (size before relaxing)
 .debug_str     0x000000000000bcc4      0x121 Stm32_F103C6_Drivers/GPIO/Stm32_F103C6_gpio_driver.o
                                       0x9781 (size before relaxing)
 .debug_str     0x000000000000bde5      0x23f Stm32_F103C6_Drivers/I2C/Stm32_F103C6_I2C_driver.o
                                       0x9cc9 (size before relaxing)
 .debug_str     0x000000000000c024       0xb9 Stm32_F103C6_Drivers/RCC/Stm32_F103C6_RCC_driver.o
                                       0x96fc (size before relaxing)
 .debug_str     0x000000000000c0dd      0x1ea Stm32_F103C6_Drivers/SPI/Stm32_F103C6_SPI_driver.o
                                       0x9d82 (size before relaxing)
 .debug_str     0x000000000000c2c7      0x152 Stm32_F103C6_Drivers/USART/Stm32_F103C6_USART_driver.o
                                       0x9e2d (size before relaxing)

.comment        0x0000000000000000       0x7b
 .comment       0x0000000000000000       0x7b HAL/I2C_Slave_EEPROM.o
                                         0x7c (size before relaxing)
 .comment       0x000000000000007b       0x7c Src/main.o
 .comment       0x000000000000007b       0x7c Stm32_F103C6_Drivers/EXTI/Stm32_F103C6_EXTI_driver.o
 .comment       0x000000000000007b       0x7c Stm32_F103C6_Drivers/GPIO/Stm32_F103C6_gpio_driver.o
 .comment       0x000000000000007b       0x7c Stm32_F103C6_Drivers/I2C/Stm32_F103C6_I2C_driver.o
 .comment       0x000000000000007b       0x7c Stm32_F103C6_Drivers/RCC/Stm32_F103C6_RCC_driver.o
 .comment       0x000000000000007b       0x7c Stm32_F103C6_Drivers/SPI/Stm32_F103C6_SPI_driver.o
 .comment       0x000000000000007b       0x7c Stm32_F103C6_Drivers/USART/Stm32_F103C6_USART_driver.o

.debug_frame    0x0000000000000000      0x8c4
 .debug_frame   0x0000000000000000       0x80 HAL/I2C_Slave_EEPROM.o
 .debug_frame   0x0000000000000080       0x4c Src/main.o
 .debug_frame   0x00000000000000cc      0x1b0 Stm32_F103C6_Drivers/EXTI/Stm32_F103C6_EXTI_driver.o
 .debug_frame   0x000000000000027c      0x178 Stm32_F103C6_Drivers/GPIO/Stm32_F103C6_gpio_driver.o
 .debug_frame   0x00000000000003f4      0x190 Stm32_F103C6_Drivers/I2C/Stm32_F103C6_I2C_driver.o
 .debug_frame   0x0000000000000584       0x84 Stm32_F103C6_Drivers/RCC/Stm32_F103C6_RCC_driver.o
 .debug_frame   0x0000000000000608      0x144 Stm32_F103C6_Drivers/SPI/Stm32_F103C6_SPI_driver.o
 .debug_frame   0x000000000000074c      0x14c Stm32_F103C6_Drivers/USART/Stm32_F103C6_USART_driver.o
 .debug_frame   0x0000000000000898       0x2c c:/st/stm32cubeide_1.4.0/stm32cubeide/plugins/com.st.stm32cube.ide.mcu.externaltools.gnu-tools-for-stm32.7-2018-q2-update.win32_1.4.0.202007081208/tools/bin/../lib/gcc/arm-none-eabi/7.3.1/../../../../arm-none-eabi/lib/thumb/v7-m\libc_nano.a(lib_a-init.o)
